Archive member included because of file (symbol)

c:/program files (x86)/gnu tools arm embedded/4.9 2015q1/bin/../lib/gcc/arm-none-eabi/4.9.3/armv6-m\libgcc.a(_udivsi3.o)
                              ./system/src/stm32f0-stdperiph/stm32f0xx_rcc.o (__aeabi_uidiv)
c:/program files (x86)/gnu tools arm embedded/4.9 2015q1/bin/../lib/gcc/arm-none-eabi/4.9.3/armv6-m\libgcc.a(_dvmd_tls.o)
                              c:/program files (x86)/gnu tools arm embedded/4.9 2015q1/bin/../lib/gcc/arm-none-eabi/4.9.3/armv6-m\libgcc.a(_udivsi3.o) (__aeabi_idiv0)
c:/program files (x86)/gnu tools arm embedded/4.9 2015q1/bin/../lib/gcc/arm-none-eabi/4.9.3/../../../../arm-none-eabi/lib/armv6-m\libg_nano.a(lib_a-errno.o)
                              ./system/src/newlib/_sbrk.o (__errno)
c:/program files (x86)/gnu tools arm embedded/4.9 2015q1/bin/../lib/gcc/arm-none-eabi/4.9.3/../../../../arm-none-eabi/lib/armv6-m\libg_nano.a(lib_a-exit.o)
                              ./src/wfi_uartESP8266Wifi_lib.o (exit)
c:/program files (x86)/gnu tools arm embedded/4.9 2015q1/bin/../lib/gcc/arm-none-eabi/4.9.3/../../../../arm-none-eabi/lib/armv6-m\libg_nano.a(lib_a-impure.o)
                              c:/program files (x86)/gnu tools arm embedded/4.9 2015q1/bin/../lib/gcc/arm-none-eabi/4.9.3/../../../../arm-none-eabi/lib/armv6-m\libg_nano.a(lib_a-exit.o) (_global_impure_ptr)
c:/program files (x86)/gnu tools arm embedded/4.9 2015q1/bin/../lib/gcc/arm-none-eabi/4.9.3/../../../../arm-none-eabi/lib/armv6-m\libg_nano.a(lib_a-malloc.o)
                              ./src/srl_UARTUSBSerial_lib.o (malloc)
c:/program files (x86)/gnu tools arm embedded/4.9 2015q1/bin/../lib/gcc/arm-none-eabi/4.9.3/../../../../arm-none-eabi/lib/armv6-m\libg_nano.a(lib_a-memcpy.o)
                              ./src/wfi_uartESP8266Wifi_lib.o (memcpy)
c:/program files (x86)/gnu tools arm embedded/4.9 2015q1/bin/../lib/gcc/arm-none-eabi/4.9.3/../../../../arm-none-eabi/lib/armv6-m\libg_nano.a(lib_a-nano-freer.o)
                              c:/program files (x86)/gnu tools arm embedded/4.9 2015q1/bin/../lib/gcc/arm-none-eabi/4.9.3/../../../../arm-none-eabi/lib/armv6-m\libg_nano.a(lib_a-malloc.o) (_free_r)
c:/program files (x86)/gnu tools arm embedded/4.9 2015q1/bin/../lib/gcc/arm-none-eabi/4.9.3/../../../../arm-none-eabi/lib/armv6-m\libg_nano.a(lib_a-nano-mallocr.o)
                              c:/program files (x86)/gnu tools arm embedded/4.9 2015q1/bin/../lib/gcc/arm-none-eabi/4.9.3/../../../../arm-none-eabi/lib/armv6-m\libg_nano.a(lib_a-malloc.o) (_malloc_r)
c:/program files (x86)/gnu tools arm embedded/4.9 2015q1/bin/../lib/gcc/arm-none-eabi/4.9.3/../../../../arm-none-eabi/lib/armv6-m\libg_nano.a(lib_a-sbrkr.o)
                              c:/program files (x86)/gnu tools arm embedded/4.9 2015q1/bin/../lib/gcc/arm-none-eabi/4.9.3/../../../../arm-none-eabi/lib/armv6-m\libg_nano.a(lib_a-nano-mallocr.o) (_sbrk_r)
c:/program files (x86)/gnu tools arm embedded/4.9 2015q1/bin/../lib/gcc/arm-none-eabi/4.9.3/../../../../arm-none-eabi/lib/armv6-m\libg_nano.a(lib_a-setvbuf.o)
                              ./src/srl_UARTUSBSerial_lib.o (setvbuf)
c:/program files (x86)/gnu tools arm embedded/4.9 2015q1/bin/../lib/gcc/arm-none-eabi/4.9.3/../../../../arm-none-eabi/lib/armv6-m\libg_nano.a(lib_a-strcmp.o)
                              ./src/main.o (strcmp)
c:/program files (x86)/gnu tools arm embedded/4.9 2015q1/bin/../lib/gcc/arm-none-eabi/4.9.3/../../../../arm-none-eabi/lib/armv6-m\libg_nano.a(lib_a-strlen.o)
                              ./system/src/diag/Trace.o (strlen)
c:/program files (x86)/gnu tools arm embedded/4.9 2015q1/bin/../lib/gcc/arm-none-eabi/4.9.3/../../../../arm-none-eabi/lib/armv6-m\libg_nano.a(lib_a-vsnprintf.o)
                              ./system/src/diag/Trace.o (vsnprintf)
c:/program files (x86)/gnu tools arm embedded/4.9 2015q1/bin/../lib/gcc/arm-none-eabi/4.9.3/../../../../arm-none-eabi/lib/armv6-m\libg_nano.a(lib_a-fflush.o)
                              c:/program files (x86)/gnu tools arm embedded/4.9 2015q1/bin/../lib/gcc/arm-none-eabi/4.9.3/../../../../arm-none-eabi/lib/armv6-m\libg_nano.a(lib_a-setvbuf.o) (_fflush_r)
c:/program files (x86)/gnu tools arm embedded/4.9 2015q1/bin/../lib/gcc/arm-none-eabi/4.9.3/../../../../arm-none-eabi/lib/armv6-m\libg_nano.a(lib_a-findfp.o)
                              c:/program files (x86)/gnu tools arm embedded/4.9 2015q1/bin/../lib/gcc/arm-none-eabi/4.9.3/../../../../arm-none-eabi/lib/armv6-m\libg_nano.a(lib_a-setvbuf.o) (_cleanup_r)
c:/program files (x86)/gnu tools arm embedded/4.9 2015q1/bin/../lib/gcc/arm-none-eabi/4.9.3/../../../../arm-none-eabi/lib/armv6-m\libg_nano.a(lib_a-fwalk.o)
                              c:/program files (x86)/gnu tools arm embedded/4.9 2015q1/bin/../lib/gcc/arm-none-eabi/4.9.3/../../../../arm-none-eabi/lib/armv6-m\libg_nano.a(lib_a-findfp.o) (_fwalk)
[...]
Memory Configuration

Name             Origin             Length             Attributes
RAM              0x20000000         0x00002000         xrw
CCMRAM           0x00000000         0x00000000         xrw
FLASH            0x08000000         0x00010000         xr
FLASHB1          0x00000000         0x00000000         xr
EXTMEMB0         0x00000000         0x00000000         xr
EXTMEMB1         0x00000000         0x00000000         xr
EXTMEMB2         0x00000000         0x00000000         xr
EXTMEMB3         0x00000000         0x00000000         xr
MEMORY_ARRAY     0x00000000         0x00000000         xrw
*default*        0x00000000         0xffffffff

Linker script and memory map

LOAD ./system/src/stm32f0-stdperiph/stm32f0xx_gpio.o
LOAD ./system/src/stm32f0-stdperiph/stm32f0xx_rcc.o
LOAD ./system/src/stm32f0-stdperiph/stm32f0xx_usart.o
LOAD ./system/src/newlib/_cxx.o
LOAD ./system/src/newlib/_exit.o
LOAD ./system/src/newlib/_sbrk.o
LOAD ./system/src/newlib/_startup.o
LOAD ./system/src/newlib/_syscalls.o
LOAD ./system/src/newlib/assert.o
LOAD ./system/src/diag/Trace.o
LOAD ./system/src/diag/trace_impl.o
LOAD ./system/src/cortexm/_initialize_hardware.o
LOAD ./system/src/cortexm/_reset_hardware.o
LOAD ./system/src/cortexm/exception_handlers.o
LOAD ./system/src/cmsis/system_stm32f0xx.o
LOAD ./system/src/cmsis/vectors_stm32f0xx.o
LOAD ./src/_write.o
LOAD ./src/lcd_stm32f0.o
LOAD ./src/main.o
LOAD ./src/srl_UARTUSBSerial_lib.o
LOAD ./src/syscalls.o
LOAD ./src/wfi_uartESP8266Wifi_lib.o
LOAD c:/program files (x86)/gnu tools arm embedded/4.9 2015q1/bin/../lib/gcc/arm-none-eabi/4.9.3/../../../../arm-none-eabi/lib/armv6-m\libstdc++_nano.a
LOAD c:/program files (x86)/gnu tools arm embedded/4.9 2015q1/bin/../lib/gcc/arm-none-eabi/4.9.3/../../../../arm-none-eabi/lib/armv6-m\libm.a
START GROUP
LOAD c:/program files (x86)/gnu tools arm embedded/4.9 2015q1/bin/../lib/gcc/arm-none-eabi/4.9.3/armv6-m\libgcc.a
LOAD c:/program files (x86)/gnu tools arm embedded/4.9 2015q1/bin/../lib/gcc/arm-none-eabi/4.9.3/../../../../arm-none-eabi/lib/armv6-m\libg_nano.a
LOAD c:/program files (x86)/gnu tools arm embedded/4.9 2015q1/bin/../lib/gcc/arm-none-eabi/4.9.3/../../../../arm-none-eabi/lib/armv6-m\libc_nano.a
END GROUP
START GROUP
LOAD c:/program files (x86)/gnu tools arm embedded/4.9 2015q1/bin/../lib/gcc/arm-none-eabi/4.9.3/armv6-m\libgcc.a
LOAD c:/program files (x86)/gnu tools arm embedded/4.9 2015q1/bin/../lib/gcc/arm-none-eabi/4.9.3/../../../../arm-none-eabi/lib/armv6-m\libc_nano.a
END GROUP
                0x20002000                __stack = (ORIGIN (RAM) + 0x2000)
                0x20002000                _estack = __stack
                0x00000400                __Main_Stack_Size = 0x400
                0x00000400                PROVIDE (_Main_Stack_Size, __Main_Stack_Size)
                0x20001c00                __Main_Stack_Limit = (__stack - __Main_Stack_Size)
                0x20001c00                PROVIDE (_Main_Stack_Limit, __Main_Stack_Limit)
                0x00000100                _Minimum_Stack_Size = 0x100
                0x20000384                PROVIDE (_Heap_Begin, _end_noinit)
                0x20001c00                PROVIDE (_Heap_Limit, (__stack - __Main_Stack_Size))

.isr_vector     0x08000000      0x230
                0x08000000                . = ALIGN (0x4)
 *(.isr_vector)
 .isr_vector    0x08000000       0xc4 ./system/src/cmsis/vectors_stm32f0xx.o
                0x08000000                g_pfnVectors
 *(.cfmconfig)
 *(.after_vectors .after_vectors.*)
 .after_vectors
                0x080000c4      0x118 ./system/src/newlib/_startup.o
                0x080000c4                _start
 .after_vectors
                0x080001dc       0x50 ./system/src/cortexm/exception_handlers.o
                0x080001dc                Reset_Handler
                0x080001e4                NMI_Handler
                0x080001e8                HardFault_Handler
                0x08000200                HardFault_Handler_C
                0x0800021c                SVC_Handler
                0x08000220                PendSV_Handler
                0x08000224                SysTick_Handler
 .after_vectors
                0x0800022c        0x4 ./system/src/cmsis/vectors_stm32f0xx.o
                0x0800022c                TIM1_CC_IRQHandler
                0x0800022c                TSC_IRQHandler
                0x0800022c                ADC1_COMP_IRQHandler
                0x0800022c                PVD_IRQHandler
                0x0800022c                I2C1_IRQHandler
                0x0800022c                RCC_CRS_IRQHandler
                0x0800022c                SPI1_IRQHandler
                0x0800022c                TIM6_DAC_IRQHandler
                0x0800022c                USART3_4_IRQHandler
                0x0800022c                EXTI2_3_IRQHandler
                0x0800022c                ADC1_IRQHandler
                0x0800022c                I2C2_IRQHandler
                0x0800022c                TIM17_IRQHandler
                0x0800022c                CEC_CAN_IRQHandler
                0x0800022c                RTC_IRQHandler
                0x0800022c                PVD_VDDIO2_IRQHandler
                0x0800022c                DMA1_Channel4_5_6_7_IRQHandler
                0x0800022c                TIM16_IRQHandler
                0x0800022c                TIM3_IRQHandler
                0x0800022c                EXTI4_15_IRQHandler
                0x0800022c                RCC_IRQHandler
                0x0800022c                DMA1_Channel1_IRQHandler
                0x0800022c                Default_Handler
                0x0800022c                CEC_IRQHandler
                0x0800022c                TIM14_IRQHandler
                0x0800022c                DMA1_Channel4_5_IRQHandler
                0x0800022c                TIM7_IRQHandler
                0x0800022c                TIM15_IRQHandler
                0x0800022c                EXTI0_1_IRQHandler
                0x0800022c                USB_IRQHandler
                0x0800022c                SPI2_IRQHandler
                0x0800022c                TS_IRQHandler
                0x0800022c                WWDG_IRQHandler
                0x0800022c                TIM2_IRQHandler
                0x0800022c                DMA1_Channel2_3_IRQHandler
                0x0800022c                FLASH_IRQHandler
                0x0800022c                TIM1_BRK_UP_TRG_COM_IRQHandler
                0x08000230                . = ALIGN (0x4)

.inits          0x08000230        0x0
                0x08000230                . = ALIGN (0x4)
 *(.init)
 *(.fini)
                0x08000230                . = ALIGN (0x4)
                0x08000230                PROVIDE (__preinit_array_start, .)
 *(.preinit_array_sysinit .preinit_array_sysinit.*)
 *(.preinit_array_platform .preinit_array_platform.*)
 *(.preinit_array .preinit_array.*)
                0x08000230                PROVIDE (__preinit_array_end, .)
                0x08000230                . = ALIGN (0x4)
                0x08000230                PROVIDE (__init_array_start, .)
 *(SORT(.init_array.*))
 *(.init_array)
                0x08000230                PROVIDE (__init_array_end, .)
                0x08000230                . = ALIGN (0x4)
                0x08000230                PROVIDE (__fini_array_start, .)
 *(SORT(.fini_array.*))
 *(.fini_array)
                0x08000230                PROVIDE (__fini_array_end, .)
                0x08000230                . = ALIGN (0x4)

.flashtext      0x08000230        0x0
                0x08000230                . = ALIGN (0x4)
 *(.flashtext .flashtext.*)
                0x08000230                . = ALIGN (0x4)

.text           0x08000230     0x27d4
                0x08000230                . = ALIGN (0x4)
 *(.text .text.*)
 .text.GPIO_Init
                0x08000230      0x11c ./system/src/stm32f0-stdperiph/stm32f0xx_gpio.o
                0x08000230                GPIO_Init
 .text.GPIO_StructInit
                0x0800034c       0x18 ./system/src/stm32f0-stdperiph/stm32f0xx_gpio.o
                0x0800034c                GPIO_StructInit
 .text.GPIO_SetBits
                0x08000364       0x60 ./system/src/stm32f0-stdperiph/stm32f0xx_gpio.o
                0x08000364                GPIO_SetBits
 .text.GPIO_ResetBits
                0x080003c4       0x60 ./system/src/stm32f0-stdperiph/stm32f0xx_gpio.o
                0x080003c4                GPIO_ResetBits
 .text.GPIO_PinAFConfig
                0x08000424       0x94 ./system/src/stm32f0-stdperiph/stm32f0xx_gpio.o
                0x08000424                GPIO_PinAFConfig
 .text.RCC_GetClocksFreq
                0x080004b8      0x198 ./system/src/stm32f0-stdperiph/stm32f0xx_rcc.o
                0x080004b8                RCC_GetClocksFreq
 .text.RCC_AHBPeriphClockCmd
                0x08000650       0x50 ./system/src/stm32f0-stdperiph/stm32f0xx_rcc.o
                0x08000650                RCC_AHBPeriphClockCmd
 .text.RCC_APB2PeriphClockCmd
                0x080006a0       0x50 ./system/src/stm32f0-stdperiph/stm32f0xx_rcc.o
                0x080006a0                RCC_APB2PeriphClockCmd
 .text.RCC_APB1PeriphClockCmd
                0x080006f0       0x50 ./system/src/stm32f0-stdperiph/stm32f0xx_rcc.o
                0x080006f0                RCC_APB1PeriphClockCmd
 .text.RCC_APB2PeriphResetCmd
                0x08000740       0x50 ./system/src/stm32f0-stdperiph/stm32f0xx_rcc.o
                0x08000740                RCC_APB2PeriphResetCmd
 .text.RCC_APB1PeriphResetCmd
                0x08000790       0x50 ./system/src/stm32f0-stdperiph/stm32f0xx_rcc.o
                0x08000790                RCC_APB1PeriphResetCmd
 .text.USART_DeInit
                0x080007e0       0xa8 ./system/src/stm32f0-stdperiph/stm32f0xx_usart.o
                0x080007e0                USART_DeInit
 .text.USART_Init
                0x08000888      0x1a4 ./system/src/stm32f0-stdperiph/stm32f0xx_usart.o
                0x08000888                USART_Init
 .text.USART_StructInit
                0x08000a2c       0x18 ./system/src/stm32f0-stdperiph/stm32f0xx_usart.o
                0x08000a2c                USART_StructInit
 .text.USART_Cmd
                0x08000a44       0x64 ./system/src/stm32f0-stdperiph/stm32f0xx_usart.o
                0x08000a44                USART_Cmd
 .text.USART_ITConfig
                0x08000aa8      0x104 ./system/src/stm32f0-stdperiph/stm32f0xx_usart.o
                0x08000aa8                USART_ITConfig
 .text.USART_GetFlagStatus
                0x08000bac       0xe8 ./system/src/stm32f0-stdperiph/stm32f0xx_usart.o
                0x08000bac                USART_GetFlagStatus
 .text.USART_ClearFlag
                0x08000c94       0x98 ./system/src/stm32f0-stdperiph/stm32f0xx_usart.o
                0x08000c94                USART_ClearFlag
 .text.USART_GetITStatus
                0x08000d2c      0x11c ./system/src/stm32f0-stdperiph/stm32f0xx_usart.o
                0x08000d2c                USART_GetITStatus
 .text.USART_ClearITPendingBit
                0x08000e48       0xcc ./system/src/stm32f0-stdperiph/stm32f0xx_usart.o
                0x08000e48                USART_ClearITPendingBit
 .text._exit    0x08000f14        0x4 ./system/src/newlib/_exit.o
                0x08000f14                _exit
 .text.abort    0x08000f18       0x14 ./system/src/newlib/_exit.o
                0x08000f18                abort
 .text._sbrk    0x08000f2c       0x44 ./system/src/newlib/_sbrk.o
                0x08000f2c                _sbrk
 .text.__initialize_args
                0x08000f70       0x10 ./system/src/newlib/_syscalls.o
                0x08000f70                __initialize_args
 .text.assert_failed
                0x08000f80       0x18 ./system/src/newlib/assert.o
                0x08000f80                assert_failed
 .text.trace_printf
                0x08000f98       0x30 ./system/src/diag/Trace.o
                0x08000f98                trace_printf
 .text.trace_puts
                0x08000fc8       0x20 ./system/src/diag/Trace.o
                0x08000fc8                trace_puts
 .text._trace_write_semihosting_stdout
                0x08000fe8       0x70 ./system/src/diag/trace_impl.o
 .text.trace_write
                0x08001058        0x8 ./system/src/diag/trace_impl.o
                0x08001058                trace_write
 .text.__initialize_hardware_early
                0x08001060        0x8 ./system/src/cortexm/_initialize_hardware.o
                0x08001060                __initialize_hardware_early
 .text.__initialize_hardware
                0x08001068        0x8 ./system/src/cortexm/_initialize_hardware.o
                0x08001068                __initialize_hardware
 .text.dumpExceptionStack
                0x08001070       0x88 ./system/src/cortexm/exception_handlers.o
                0x08001070                dumpExceptionStack
 .text.SetSysClock
                0x080010f8       0xb0 ./system/src/cmsis/system_stm32f0xx.o
 .text.SystemInit
                0x080011a8       0x64 ./system/src/cmsis/system_stm32f0xx.o
                0x080011a8                SystemInit
 .text.SystemCoreClockUpdate
                0x0800120c       0x90 ./system/src/cmsis/system_stm32f0xx.o
                0x0800120c                SystemCoreClockUpdate
 .text.main     0x0800129c       0x9c ./src/main.o
                0x0800129c                main
 .text.srl_UARTUSBSerialInit
                0x08001338       0xcc ./src/srl_UARTUSBSerial_lib.o
                0x08001338                srl_UARTUSBSerialInit
 .text.srl_sendData
                0x08001404       0x48 ./src/srl_UARTUSBSerial_lib.o
                0x08001404                srl_sendData
 .text.processInput
                0x0800144c       0x38 ./src/srl_UARTUSBSerial_lib.o
 .text.USART1_IRQHandler
                0x08001484       0x50 ./src/srl_UARTUSBSerial_lib.o
                0x08001484                USART1_IRQHandler
 .text._close   0x080014d4        0x8 ./src/syscalls.o
                0x080014d4                _close
 .text._lseek   0x080014dc        0x4 ./src/syscalls.o
                0x080014dc                _lseek
 .text._read    0x080014e0        0x4 ./src/syscalls.o
                0x080014e0                _read
 .text._write   0x080014e4        0x4 ./src/syscalls.o
                0x080014e4                _write
 .text._writeUSART1
                0x080014e8       0x28 ./src/syscalls.o
                0x080014e8                _writeUSART1
 .text._writeUSART2
                0x08001510       0x28 ./src/syscalls.o
                0x08001510                _writeUSART2
 .text.wfi_ESP8266UARTInit
                0x08001538       0xd4 ./src/wfi_uartESP8266Wifi_lib.o
                0x08001538                wfi_ESP8266UARTInit
 .text.USART2_IRQHandler
                0x0800160c      0x100 ./src/wfi_uartESP8266Wifi_lib.o
                0x0800160c                USART2_IRQHandler
 .text.wfi_sendData
                0x0800170c       0x48 ./src/wfi_uartESP8266Wifi_lib.o
                0x0800170c                wfi_sendData
 .text          0x08001754      0x120 c:/program files (x86)/gnu tools arm embedded/4.9 2015q1/bin/../lib/gcc/arm-none-eabi/4.9.3/armv6-m\libgcc.a(_udivsi3.o)
                0x08001754                __aeabi_uidiv
                0x08001754                __udivsi3
                0x08001860                __aeabi_uidivmod
 .text          0x08001874        0x4 c:/program files (x86)/gnu tools arm embedded/4.9 2015q1/bin/../lib/gcc/arm-none-eabi/4.9.3/armv6-m\libgcc.a(_dvmd_tls.o)
                0x08001874                __aeabi_idiv0
                0x08001874                __aeabi_ldiv0
 .text.__errno  0x08001878        0xc c:/program files (x86)/gnu tools arm embedded/4.9 2015q1/bin/../lib/gcc/arm-none-eabi/4.9.3/../../../../arm-none-eabi/lib/armv6-m\libg_nano.a(lib_a-errno.o)
                0x08001878                __errno
 .text.exit     0x08001884       0x2c c:/program files (x86)/gnu tools arm embedded/4.9 2015q1/bin/../lib/gcc/arm-none-eabi/4.9.3/../../../../arm-none-eabi/lib/armv6-m\libg_nano.a(lib_a-exit.o)
                0x08001884                exit
 .text.malloc   0x080018b0       0x14 c:/program files (x86)/gnu tools arm embedded/4.9 2015q1/bin/../lib/gcc/arm-none-eabi/4.9.3/../../../../arm-none-eabi/lib/armv6-m\libg_nano.a(lib_a-malloc.o)
                0x080018b0                malloc
 .text.free     0x080018c4       0x14 c:/program files (x86)/gnu tools arm embedded/4.9 2015q1/bin/../lib/gcc/arm-none-eabi/4.9.3/../../../../arm-none-eabi/lib/armv6-m\libg_nano.a(lib_a-malloc.o)
                0x080018c4                free
 .text.memcpy   0x080018d8       0x12 c:/program files (x86)/gnu tools arm embedded/4.9 2015q1/bin/../lib/gcc/arm-none-eabi/4.9.3/../../../../arm-none-eabi/lib/armv6-m\libg_nano.a(lib_a-memcpy.o)
                0x080018d8                memcpy
 *fill*         0x080018ea        0x2 
 .text._free_r  0x080018ec       0x8c c:/program files (x86)/gnu tools arm embedded/4.9 2015q1/bin/../lib/gcc/arm-none-eabi/4.9.3/../../../../arm-none-eabi/lib/armv6-m\libg_nano.a(lib_a-nano-freer.o)
                0x080018ec                _free_r
 .text._malloc_r
                0x08001978       0xb0 c:/program files (x86)/gnu tools arm embedded/4.9 2015q1/bin/../lib/gcc/arm-none-eabi/4.9.3/../../../../arm-none-eabi/lib/armv6-m\libg_nano.a(lib_a-nano-mallocr.o)
                0x08001978                _malloc_r
 .text._sbrk_r  0x08001a28       0x24 c:/program files (x86)/gnu tools arm embedded/4.9 2015q1/bin/../lib/gcc/arm-none-eabi/4.9.3/../../../../arm-none-eabi/lib/armv6-m\libg_nano.a(lib_a-sbrkr.o)
                0x08001a28                _sbrk_r
 .text.setvbuf  0x08001a4c      0x10c c:/program files (x86)/gnu tools arm embedded/4.9 2015q1/bin/../lib/gcc/arm-none-eabi/4.9.3/../../../../arm-none-eabi/lib/armv6-m\libg_nano.a(lib_a-setvbuf.o)
                0x08001a4c                setvbuf
 .text          0x08001b58       0x14 c:/program files (x86)/gnu tools arm embedded/4.9 2015q1/bin/../lib/gcc/arm-none-eabi/4.9.3/../../../../arm-none-eabi/lib/armv6-m\libg_nano.a(lib_a-strcmp.o)
                0x08001b58                strcmp
 .text.strlen   0x08001b6c        0xe c:/program files (x86)/gnu tools arm embedded/4.9 2015q1/bin/../lib/gcc/arm-none-eabi/4.9.3/../../../../arm-none-eabi/lib/armv6-m\libg_nano.a(lib_a-strlen.o)
                0x08001b6c                strlen
 .text._vsnprintf_r
                0x08001b7a       0x54 c:/program files (x86)/gnu tools arm embedded/4.9 2015q1/bin/../lib/gcc/arm-none-eabi/4.9.3/../../../../arm-none-eabi/lib/armv6-m\libg_nano.a(lib_a-vsnprintf.o)
                0x08001b7a                _vsniprintf_r
                0x08001b7a                _vsnprintf_r
 *fill*         0x08001bce        0x2 
 .text.vsnprintf
                0x08001bd0       0x20 c:/program files (x86)/gnu tools arm embedded/4.9 2015q1/bin/../lib/gcc/arm-none-eabi/4.9.3/../../../../arm-none-eabi/lib/armv6-m\libg_nano.a(lib_a-vsnprintf.o)
                0x08001bd0                vsniprintf
                0x08001bd0                vsnprintf
 .text.__sflush_r
                0x08001bf0      0x112 c:/program files (x86)/gnu tools arm embedded/4.9 2015q1/bin/../lib/gcc/arm-none-eabi/4.9.3/../../../../arm-none-eabi/lib/armv6-m\libg_nano.a(lib_a-fflush.o)
                0x08001bf0                __sflush_r
 *fill*         0x08001d02        0x2 
 .text._fflush_r
                0x08001d04       0x58 c:/program files (x86)/gnu tools arm embedded/4.9 2015q1/bin/../lib/gcc/arm-none-eabi/4.9.3/../../../../arm-none-eabi/lib/armv6-m\libg_nano.a(lib_a-fflush.o)
                0x08001d04                _fflush_r
 .text._cleanup_r
                0x08001d5c       0x10 c:/program files (x86)/gnu tools arm embedded/4.9 2015q1/bin/../lib/gcc/arm-none-eabi/4.9.3/../../../../arm-none-eabi/lib/armv6-m\libg_nano.a(lib_a-findfp.o)
                0x08001d5c                _cleanup_r
 .text.std.isra.0
                0x08001d6c       0x48 c:/program files (x86)/gnu tools arm embedded/4.9 2015q1/bin/../lib/gcc/arm-none-eabi/4.9.3/../../../../arm-none-eabi/lib/armv6-m\libg_nano.a(lib_a-findfp.o)
 .text.__sfmoreglue
                0x08001db4       0x2c c:/program files (x86)/gnu tools arm embedded/4.9 2015q1/bin/../lib/gcc/arm-none-eabi/4.9.3/../../../../arm-none-eabi/lib/armv6-m\libg_nano.a(lib_a-findfp.o)
                0x08001db4                __sfmoreglue
 .text.__sinit  0x08001de0       0x64 c:/program files (x86)/gnu tools arm embedded/4.9 2015q1/bin/../lib/gcc/arm-none-eabi/4.9.3/../../../../arm-none-eabi/lib/armv6-m\libg_nano.a(lib_a-findfp.o)
                0x08001de0                __sinit
 .text.__sfp    0x08001e44       0x7c c:/program files (x86)/gnu tools arm embedded/4.9 2015q1/bin/../lib/gcc/arm-none-eabi/4.9.3/../../../../arm-none-eabi/lib/armv6-m\libg_nano.a(lib_a-findfp.o)
                0x08001e44                __sfp
 .text._fwalk_reent
                0x08001ec0       0x42 c:/program files (x86)/gnu tools arm embedded/4.9 2015q1/bin/../lib/gcc/arm-none-eabi/4.9.3/../../../../arm-none-eabi/lib/armv6-m\libg_nano.a(lib_a-fwalk.o)
                0x08001ec0                _fwalk_reent
 .text.memset   0x08001f02       0x10 c:/program files (x86)/gnu tools arm embedded/4.9 2015q1/bin/../lib/gcc/arm-none-eabi/4.9.3/../../../../arm-none-eabi/lib/armv6-m\libg_nano.a(lib_a-memset.o)
                0x08001f02                memset
 *fill*         0x08001f12        0x2 
 .text.__ssputs_r
                0x08001f14       0xc0 c:/program files (x86)/gnu tools arm embedded/4.9 2015q1/bin/../lib/gcc/arm-none-eabi/4.9.3/../../../../arm-none-eabi/lib/armv6-m\libg_nano.a(lib_a-nano-svfprintf.o)
                0x08001f14                __ssputs_r
 .text._svfprintf_r
                0x08001fd4      0x1ec c:/program files (x86)/gnu tools arm embedded/4.9 2015q1/bin/../lib/gcc/arm-none-eabi/4.9.3/../../../../arm-none-eabi/lib/armv6-m\libg_nano.a(lib_a-nano-svfprintf.o)
                0x08001fd4                _svfiprintf_r
                0x08001fd4                _svfprintf_r
 .text._printf_common
                0x080021c0       0xdc c:/program files (x86)/gnu tools arm embedded/4.9 2015q1/bin/../lib/gcc/arm-none-eabi/4.9.3/../../../../arm-none-eabi/lib/armv6-m\libg_nano.a(lib_a-nano-vfprintf_i.o)
                0x080021c0                _printf_common
 .text._printf_i
                0x0800229c      0x230 c:/program files (x86)/gnu tools arm embedded/4.9 2015q1/bin/../lib/gcc/arm-none-eabi/4.9.3/../../../../arm-none-eabi/lib/armv6-m\libg_nano.a(lib_a-nano-vfprintf_i.o)
                0x0800229c                _printf_i
 .text.__sread  0x080024cc       0x28 c:/program files (x86)/gnu tools arm embedded/4.9 2015q1/bin/../lib/gcc/arm-none-eabi/4.9.3/../../../../arm-none-eabi/lib/armv6-m\libg_nano.a(lib_a-stdio.o)
                0x080024cc                __sread
 .text.__swrite
                0x080024f4       0x38 c:/program files (x86)/gnu tools arm embedded/4.9 2015q1/bin/../lib/gcc/arm-none-eabi/4.9.3/../../../../arm-none-eabi/lib/armv6-m\libg_nano.a(lib_a-stdio.o)
                0x080024f4                __swrite
 .text.__sseek  0x0800252c       0x2c c:/program files (x86)/gnu tools arm embedded/4.9 2015q1/bin/../lib/gcc/arm-none-eabi/4.9.3/../../../../arm-none-eabi/lib/armv6-m\libg_nano.a(lib_a-stdio.o)
                0x0800252c                __sseek
 .text.__sclose
                0x08002558        0xc c:/program files (x86)/gnu tools arm embedded/4.9 2015q1/bin/../lib/gcc/arm-none-eabi/4.9.3/../../../../arm-none-eabi/lib/armv6-m\libg_nano.a(lib_a-stdio.o)
                0x08002558                __sclose
 .text._write_r
                0x08002564       0x28 c:/program files (x86)/gnu tools arm embedded/4.9 2015q1/bin/../lib/gcc/arm-none-eabi/4.9.3/../../../../arm-none-eabi/lib/armv6-m\libg_nano.a(lib_a-writer.o)
                0x08002564                _write_r
 .text._close_r
                0x0800258c       0x24 c:/program files (x86)/gnu tools arm embedded/4.9 2015q1/bin/../lib/gcc/arm-none-eabi/4.9.3/../../../../arm-none-eabi/lib/armv6-m\libg_nano.a(lib_a-closer.o)
                0x0800258c                _close_r
 .text._lseek_r
                0x080025b0       0x28 c:/program files (x86)/gnu tools arm embedded/4.9 2015q1/bin/../lib/gcc/arm-none-eabi/4.9.3/../../../../arm-none-eabi/lib/armv6-m\libg_nano.a(lib_a-lseekr.o)
                0x080025b0                _lseek_r
 .text.memchr   0x080025d8       0x16 c:/program files (x86)/gnu tools arm embedded/4.9 2015q1/bin/../lib/gcc/arm-none-eabi/4.9.3/../../../../arm-none-eabi/lib/armv6-m\libg_nano.a(lib_a-memchr.o)
                0x080025d8                memchr
 .text.memmove  0x080025ee       0x28 c:/program files (x86)/gnu tools arm embedded/4.9 2015q1/bin/../lib/gcc/arm-none-eabi/4.9.3/../../../../arm-none-eabi/lib/armv6-m\libg_nano.a(lib_a-memmove.o)
                0x080025ee                memmove
 .text._realloc_r
                0x08002616       0x4c c:/program files (x86)/gnu tools arm embedded/4.9 2015q1/bin/../lib/gcc/arm-none-eabi/4.9.3/../../../../arm-none-eabi/lib/armv6-m\libg_nano.a(lib_a-nano-reallocr.o)
                0x08002616                _realloc_r
 *fill*         0x08002662        0x2 
 .text._read_r  0x08002664       0x28 c:/program files (x86)/gnu tools arm embedded/4.9 2015q1/bin/../lib/gcc/arm-none-eabi/4.9.3/../../../../arm-none-eabi/lib/armv6-m\libg_nano.a(lib_a-readr.o)
                0x08002664                _read_r
 .text._malloc_usable_size_r
                0x0800268c       0x16 c:/program files (x86)/gnu tools arm embedded/4.9 2015q1/bin/../lib/gcc/arm-none-eabi/4.9.3/../../../../arm-none-eabi/lib/armv6-m\libg_nano.a(lib_a-nano-msizer.o)
                0x0800268c                _malloc_usable_size_r
 *(.rodata .rodata.*)
 *fill*         0x080026a2        0x2 
 .rodata.str1.4
                0x080026a4       0x31 ./system/src/stm32f0-stdperiph/stm32f0xx_gpio.o
                                 0x34 (size before relaxing)
 *fill*         0x080026d5        0x3 
 .rodata.str1.4
                0x080026d8       0x30 ./system/src/stm32f0-stdperiph/stm32f0xx_rcc.o
 .rodata.str1.4
                0x08002708       0x32 ./system/src/stm32f0-stdperiph/stm32f0xx_usart.o
                                 0x34 (size before relaxing)
 *fill*         0x0800273a        0x2 
 .rodata.str1.4
                0x0800273c       0x14 ./system/src/newlib/_exit.o
 .rodata.str1.4
                0x08002750       0x6b ./system/src/newlib/assert.o
                                 0x70 (size before relaxing)
 *fill*         0x080027bb        0x1 
 .rodata.str1.4
                0x080027bc       0x29 ./system/src/diag/Trace.o
                                 0x30 (size before relaxing)
 *fill*         0x080027e5        0x3 
 .rodata.str1.4
                0x080027e8        0x4 ./system/src/diag/trace_impl.o
 .rodata.str1.4
                0x080027ec       0xbd ./system/src/cortexm/exception_handlers.o
                                 0xc0 (size before relaxing)
 *fill*         0x080028a9        0x3 
 .rodata.str1.4
                0x080028ac       0x4a ./src/main.o
                                 0x4c (size before relaxing)
 *fill*         0x080028f6        0x2 
 .rodata.str1.4
                0x080028f8       0x48 ./src/srl_UARTUSBSerial_lib.o
 .rodata.str1.4
                0x00000000       0x1c ./src/wfi_uartESP8266Wifi_lib.o
 .rodata.str1.1
                0x08002940        0x2 c:/program files (x86)/gnu tools arm embedded/4.9 2015q1/bin/../lib/gcc/arm-none-eabi/4.9.3/../../../../arm-none-eabi/lib/armv6-m\libg_nano.a(lib_a-impure.o)
 *fill*         0x08002942        0x2 
 .rodata._global_impure_ptr
                0x08002944        0x4 c:/program files (x86)/gnu tools arm embedded/4.9 2015q1/bin/../lib/gcc/arm-none-eabi/4.9.3/../../../../arm-none-eabi/lib/armv6-m\libg_nano.a(lib_a-impure.o)
                0x08002944                _global_impure_ptr
 .rodata.__sf_fake_stdin
                0x08002948       0x20 c:/program files (x86)/gnu tools arm embedded/4.9 2015q1/bin/../lib/gcc/arm-none-eabi/4.9.3/../../../../arm-none-eabi/lib/armv6-m\libg_nano.a(lib_a-findfp.o)
                0x08002948                __sf_fake_stdin
 .rodata.__sf_fake_stdout
                0x08002968       0x20 c:/program files (x86)/gnu tools arm embedded/4.9 2015q1/bin/../lib/gcc/arm-none-eabi/4.9.3/../../../../arm-none-eabi/lib/armv6-m\libg_nano.a(lib_a-findfp.o)
                0x08002968                __sf_fake_stdout
 .rodata.__sf_fake_stderr
                0x08002988       0x20 c:/program files (x86)/gnu tools arm embedded/4.9 2015q1/bin/../lib/gcc/arm-none-eabi/4.9.3/../../../../arm-none-eabi/lib/armv6-m\libg_nano.a(lib_a-findfp.o)
                0x08002988                __sf_fake_stderr
 .rodata.str1.1
                0x080029a8       0x11 c:/program files (x86)/gnu tools arm embedded/4.9 2015q1/bin/../lib/gcc/arm-none-eabi/4.9.3/../../../../arm-none-eabi/lib/armv6-m\libg_nano.a(lib_a-nano-svfprintf.o)
 .rodata.str1.1
                0x080029b9       0x22 c:/program files (x86)/gnu tools arm embedded/4.9 2015q1/bin/../lib/gcc/arm-none-eabi/4.9.3/../../../../arm-none-eabi/lib/armv6-m\libg_nano.a(lib_a-nano-vfprintf_i.o)
 *(vtable)
 *(.eh_frame*)
 *fill*         0x080029db        0x1 
 .eh_frame      0x080029dc       0x28 c:/program files (x86)/gnu tools arm embedded/4.9 2015q1/bin/../lib/gcc/arm-none-eabi/4.9.3/../../../../arm-none-eabi/lib/armv6-m\libg_nano.a(lib_a-strcmp.o)
 *(.glue_7)
 .glue_7        0x00000000        0x0 linker stubs
 *(.glue_7t)
 .glue_7t       0x00000000        0x0 linker stubs

.vfp11_veneer   0x08002a04        0x0
 .vfp11_veneer  0x00000000        0x0 linker stubs

.v4_bx          0x08002a04        0x0
 .v4_bx         0x00000000        0x0 linker stubs

.iplt           0x08002a04        0x0
 .iplt          0x00000000        0x0 ./system/src/stm32f0-stdperiph/stm32f0xx_gpio.o

.rel.dyn        0x08002a04        0x0
 .rel.iplt      0x00000000        0x0 ./system/src/stm32f0-stdperiph/stm32f0xx_gpio.o

.ARM.extab
 *(.ARM.extab* .gnu.linkonce.armextab.*)
                0x08002a04                __exidx_start = .

.ARM.exidx
 *(.ARM.exidx* .gnu.linkonce.armexidx.*)
                0x08002a04                __exidx_end = .
                0x08002a04                . = ALIGN (0x4)
                0x08002a04                _etext = .
                0x08002a04                __etext = .
                0x08002a04                _sidata = _etext

.data           0x20000000       0x98 load address 0x08002a04
                0x20000000                . = ALIGN (0x4)
                0x20000000                _sdata = .
                0x20000000                __data_start__ = .
 *(.data_begin .data_begin.*)
 .data_begin    0x20000000        0x4 ./system/src/newlib/_startup.o
 *(.data .data.*)
 .data.APBAHBPrescTable
                0x20000004       0x10 ./system/src/stm32f0-stdperiph/stm32f0xx_rcc.o
 .data.argv.4062
                0x20000014        0x8 ./system/src/newlib/_syscalls.o
 .data.AHBPrescTable
                0x2000001c       0x10 ./system/src/cmsis/system_stm32f0xx.o
                0x2000001c                AHBPrescTable
 .data.SystemCoreClock
                0x2000002c        0x4 ./system/src/cmsis/system_stm32f0xx.o
                0x2000002c                SystemCoreClock
 .data.impure_data
                0x20000030       0x60 c:/program files (x86)/gnu tools arm embedded/4.9 2015q1/bin/../lib/gcc/arm-none-eabi/4.9.3/../../../../arm-none-eabi/lib/armv6-m\libg_nano.a(lib_a-impure.o)
 .data._impure_ptr
                0x20000090        0x4 c:/program files (x86)/gnu tools arm embedded/4.9 2015q1/bin/../lib/gcc/arm-none-eabi/4.9.3/../../../../arm-none-eabi/lib/armv6-m\libg_nano.a(lib_a-impure.o)
                0x20000090                _impure_ptr
 *(.data_end .data_end.*)
 .data_end      0x20000094        0x4 ./system/src/newlib/_startup.o
                0x20000098                . = ALIGN (0x4)
                0x20000098                _edata = .
                0x20000098                __data_end__ = .

.igot.plt       0x20000098        0x0 load address 0x08002a9c
 .igot.plt      0x00000000        0x0 ./system/src/stm32f0-stdperiph/stm32f0xx_gpio.o

.bss            0x20000098      0x2ec load address 0x08002a9c
                0x20000098                . = ALIGN (0x4)
                0x20000098                __bss_start__ = .
                0x20000098                _sbss = .
 *(.bss_begin .bss_begin.*)
 .bss_begin     0x20000098        0x4 ./system/src/newlib/_startup.o
 *(.bss .bss.*)
 .bss.current_heap_end.3856
                0x2000009c        0x4 ./system/src/newlib/_sbrk.o
 .bss.name.4061
                0x200000a0        0x4 ./system/src/newlib/_syscalls.o
 .bss.buf.4992  0x200000a4       0x80 ./system/src/diag/Trace.o
 .bss.handle.6257
                0x20000124        0x4 ./system/src/diag/trace_impl.o
 .bss.rx_buffer.7679
                0x20000128       0x40 ./src/srl_UARTUSBSerial_lib.o
 .bss.buffer_pointer.7680
                0x20000168        0x4 ./src/srl_UARTUSBSerial_lib.o
 .bss.rx_buffer.7713
                0x2000016c      0x200 ./src/wfi_uartESP8266Wifi_lib.o
 .bss.buffer_pointer.7714
                0x2000036c        0x4 ./src/wfi_uartESP8266Wifi_lib.o
 .bss.__malloc_sbrk_start
                0x20000370        0x4 c:/program files (x86)/gnu tools arm embedded/4.9 2015q1/bin/../lib/gcc/arm-none-eabi/4.9.3/../../../../arm-none-eabi/lib/armv6-m\libg_nano.a(lib_a-nano-mallocr.o)
                0x20000370                __malloc_sbrk_start
 .bss.__malloc_free_list
                0x20000374        0x4 c:/program files (x86)/gnu tools arm embedded/4.9 2015q1/bin/../lib/gcc/arm-none-eabi/4.9.3/../../../../arm-none-eabi/lib/armv6-m\libg_nano.a(lib_a-nano-mallocr.o)
                0x20000374                __malloc_free_list
 *(COMMON)
 COMMON         0x20000378        0x4 ./system/src/newlib/_syscalls.o
                0x20000378                errno
 COMMON         0x2000037c        0x4 ./src/main.o
                0x2000037c                wfi_buffer
 *(.bss_end .bss_end.*)
 .bss_end       0x20000380        0x4 ./system/src/newlib/_startup.o
                0x20000384                . = ALIGN (0x4)
                0x20000384                __bss_end__ = .
                0x20000384                _ebss = .

.noinit         0x20000384        0x0
                0x20000384                . = ALIGN (0x4)
                0x20000384                _noinit = .
 *(.noinit .noinit.*)
                0x20000384                . = ALIGN (0x4)
                0x20000384                _end_noinit = .
                0x20000384                PROVIDE (end, _end_noinit)
                0x20000384                PROVIDE (_end, _end_noinit)
                0x20000384                PROVIDE (__end, _end_noinit)
                0x20000384                PROVIDE (__end__, _end_noinit)

._check_stack   0x20000384      0x100 load address 0x08002d88
                0x20000384                . = ALIGN (0x4)
                0x20000484                . = (. + _Minimum_Stack_Size)
 *fill*         0x20000384      0x100 
                0x20000484                . = ALIGN (0x4)

.bss_CCMRAM
 *(.bss.CCMRAM .bss.CCMRAM.*)

.b1text
 *(.b1text)
 *(.b1rodata)
 *(.b1rodata.*)

.eb0text
 *(.eb0text)
 *(.eb0rodata)
 *(.eb0rodata.*)

.eb1text
 *(.eb1text)
 *(.eb1rodata)
 *(.eb1rodata.*)

.eb2text
 *(.eb2text)
 *(.eb2rodata)
 *(.eb2rodata.*)

.eb3text
 *(.eb3text)
 *(.eb3rodata)
 *(.eb3rodata.*)

.stab
 *(.stab)

.stabstr
 *(.stabstr)

.stab.excl
 *(.stab.excl)

.stab.exclstr
 *(.stab.exclstr)

.stab.index
 *(.stab.index)

.stab.indexstr
 *(.stab.indexstr)

.comment        0x00000000       0x70
 *(.comment)
 .comment       0x00000000       0x70 ./system/src/stm32f0-stdperiph/stm32f0xx_gpio.o
                                 0x71 (size before relaxing)
 .comment       0x00000000       0x71 ./system/src/stm32f0-stdperiph/stm32f0xx_rcc.o
 .comment       0x00000000       0x71 ./system/src/stm32f0-stdperiph/stm32f0xx_usart.o
 .comment       0x00000000       0x71 ./system/src/newlib/_exit.o
 .comment       0x00000000       0x71 ./system/src/newlib/_sbrk.o
 .comment       0x00000000       0x71 ./system/src/newlib/_startup.o
 .comment       0x00000000       0x71 ./system/src/newlib/_syscalls.o
 .comment       0x00000000       0x71 ./system/src/newlib/assert.o
 .comment       0x00000000       0x71 ./system/src/diag/Trace.o
 .comment       0x00000000       0x71 ./system/src/diag/trace_impl.o
 .comment       0x00000000       0x71 ./system/src/cortexm/_initialize_hardware.o
 .comment       0x00000000       0x71 ./system/src/cortexm/exception_handlers.o
 .comment       0x00000000       0x71 ./system/src/cmsis/system_stm32f0xx.o
 .comment       0x00000000       0x71 ./system/src/cmsis/vectors_stm32f0xx.o
 .comment       0x00000000       0x71 ./src/main.o
 .comment       0x00000000       0x71 ./src/srl_UARTUSBSerial_lib.o
 .comment       0x00000000       0x71 ./src/syscalls.o
 .comment       0x00000000       0x71 ./src/wfi_uartESP8266Wifi_lib.o

.ARM.attributes
                0x00000000       0x2f
 .ARM.attributes
                0x00000000       0x31 ./system/src/stm32f0-stdperiph/stm32f0xx_gpio.o
 .ARM.attributes
                0x00000031       0x31 ./system/src/stm32f0-stdperiph/stm32f0xx_rcc.o
 .ARM.attributes
                0x00000062       0x31 ./system/src/stm32f0-stdperiph/stm32f0xx_usart.o
 .ARM.attributes
                0x00000093       0x31 ./system/src/newlib/_exit.o
 .ARM.attributes
                0x000000c4       0x31 ./system/src/newlib/_sbrk.o
 .ARM.attributes
                0x000000f5       0x31 ./system/src/newlib/_startup.o
 .ARM.attributes
                0x00000126       0x31 ./system/src/newlib/_syscalls.o
 .ARM.attributes
                0x00000157       0x31 ./system/src/newlib/assert.o
 .ARM.attributes
                0x00000188       0x31 ./system/src/diag/Trace.o
 .ARM.attributes
                0x000001b9       0x31 ./system/src/diag/trace_impl.o
 .ARM.attributes
                0x000001ea       0x31 ./system/src/cortexm/_initialize_hardware.o
 .ARM.attributes
                0x0000021b       0x31 ./system/src/cortexm/exception_handlers.o
 .ARM.attributes
                0x0000024c       0x31 ./system/src/cmsis/system_stm32f0xx.o
 .ARM.attributes
                0x0000027d       0x31 ./system/src/cmsis/vectors_stm32f0xx.o
 .ARM.attributes
                0x000002ae       0x31 ./src/main.o
 .ARM.attributes
                0x000002df       0x31 ./src/srl_UARTUSBSerial_lib.o
 .ARM.attributes
                0x00000310       0x31 ./src/syscalls.o
 .ARM.attributes
                0x00000341       0x31 ./src/wfi_uartESP8266Wifi_lib.o
 .ARM.attributes
                0x00000372       0x1e c:/program files (x86)/gnu tools arm embedded/4.9 2015q1/bin/../lib/gcc/arm-none-eabi/4.9.3/armv6-m\libgcc.a(_udivsi3.o)
 .ARM.attributes
                0x00000390       0x1e c:/program files (x86)/gnu tools arm embedded/4.9 2015q1/bin/../lib/gcc/arm-none-eabi/4.9.3/armv6-m\libgcc.a(_dvmd_tls.o)
 .ARM.attributes
                0x000003ae       0x2c c:/program files (x86)/gnu tools arm embedded/4.9 2015q1/bin/../lib/gcc/arm-none-eabi/4.9.3/../../../../arm-none-eabi/lib/armv6-m\libg_nano.a(lib_a-errno.o)
 .ARM.attributes
                0x000003da       0x2c c:/program files (x86)/gnu tools arm embedded/4.9 2015q1/bin/../lib/gcc/arm-none-eabi/4.9.3/../../../../arm-none-eabi/lib/armv6-m\libg_nano.a(lib_a-exit.o)
 .ARM.attributes
                0x00000406       0x2c c:/program files (x86)/gnu tools arm embedded/4.9 2015q1/bin/../lib/gcc/arm-none-eabi/4.9.3/../../../../arm-none-eabi/lib/armv6-m\libg_nano.a(lib_a-impure.o)
 .ARM.attributes
                0x00000432       0x2c c:/program files (x86)/gnu tools arm embedded/4.9 2015q1/bin/../lib/gcc/arm-none-eabi/4.9.3/../../../../arm-none-eabi/lib/armv6-m\libg_nano.a(lib_a-malloc.o)
 .ARM.attributes
                0x0000045e       0x2c c:/program files (x86)/gnu tools arm embedded/4.9 2015q1/bin/../lib/gcc/arm-none-eabi/4.9.3/../../../../arm-none-eabi/lib/armv6-m\libg_nano.a(lib_a-memcpy.o)
 .ARM.attributes
                0x0000048a       0x2c c:/program files (x86)/gnu tools arm embedded/4.9 2015q1/bin/../lib/gcc/arm-none-eabi/4.9.3/../../../../arm-none-eabi/lib/armv6-m\libg_nano.a(lib_a-nano-freer.o)
 .ARM.attributes
                0x000004b6       0x2c c:/program files (x86)/gnu tools arm embedded/4.9 2015q1/bin/../lib/gcc/arm-none-eabi/4.9.3/../../../../arm-none-eabi/lib/armv6-m\libg_nano.a(lib_a-nano-mallocr.o)
 .ARM.attributes
                0x000004e2       0x2c c:/program files (x86)/gnu tools arm embedded/4.9 2015q1/bin/../lib/gcc/arm-none-eabi/4.9.3/../../../../arm-none-eabi/lib/armv6-m\libg_nano.a(lib_a-sbrkr.o)
 .ARM.attributes
                0x0000050e       0x2c c:/program files (x86)/gnu tools arm embedded/4.9 2015q1/bin/../lib/gcc/arm-none-eabi/4.9.3/../../../../arm-none-eabi/lib/armv6-m\libg_nano.a(lib_a-setvbuf.o)
 .ARM.attributes
                0x0000053a       0x1c c:/program files (x86)/gnu tools arm embedded/4.9 2015q1/bin/../lib/gcc/arm-none-eabi/4.9.3/../../../../arm-none-eabi/lib/armv6-m\libg_nano.a(lib_a-strcmp.o)
 .ARM.attributes
                0x00000556       0x2c c:/program files (x86)/gnu tools arm embedded/4.9 2015q1/bin/../lib/gcc/arm-none-eabi/4.9.3/../../../../arm-none-eabi/lib/armv6-m\libg_nano.a(lib_a-strlen.o)
 .ARM.attributes
                0x00000582       0x2c c:/program files (x86)/gnu tools arm embedded/4.9 2015q1/bin/../lib/gcc/arm-none-eabi/4.9.3/../../../../arm-none-eabi/lib/armv6-m\libg_nano.a(lib_a-vsnprintf.o)
 .ARM.attributes
                0x000005ae       0x2c c:/program files (x86)/gnu tools arm embedded/4.9 2015q1/bin/../lib/gcc/arm-none-eabi/4.9.3/../../../../arm-none-eabi/lib/armv6-m\libg_nano.a(lib_a-fflush.o)
 .ARM.attributes
                0x000005da       0x2c c:/program files (x86)/gnu tools arm embedded/4.9 2015q1/bin/../lib/gcc/arm-none-eabi/4.9.3/../../../../arm-none-eabi/lib/armv6-m\libg_nano.a(lib_a-findfp.o)
 .ARM.attributes
                0x00000606       0x2c c:/program files (x86)/gnu tools arm embedded/4.9 2015q1/bin/../lib/gcc/arm-none-eabi/4.9.3/../../../../arm-none-eabi/lib/armv6-m\libg_nano.a(lib_a-fwalk.o)
 .ARM.attributes
                0x00000632       0x2c c:/program files (x86)/gnu tools arm embedded/4.9 2015q1/bin/../lib/gcc/arm-none-eabi/4.9.3/../../../../arm-none-eabi/lib/armv6-m\libg_nano.a(lib_a-memset.o)
 .ARM.attributes
                0x0000065e       0x2c c:/program files (x86)/gnu tools arm embedded/4.9 2015q1/bin/../lib/gcc/arm-none-eabi/4.9.3/../../../../arm-none-eabi/lib/armv6-m\libg_nano.a(lib_a-nano-svfprintf.o)
 .ARM.attributes
                0x0000068a       0x2c c:/program files (x86)/gnu tools arm embedded/4.9 2015q1/bin/../lib/gcc/arm-none-eabi/4.9.3/../../../../arm-none-eabi/lib/armv6-m\libg_nano.a(lib_a-nano-vfprintf_i.o)
 .ARM.attributes
                0x000006b6       0x2c c:/program files (x86)/gnu tools arm embedded/4.9 2015q1/bin/../lib/gcc/arm-none-eabi/4.9.3/../../../../arm-none-eabi/lib/armv6-m\libg_nano.a(lib_a-stdio.o)
 .ARM.attributes
                0x000006e2       0x2c c:/program files (x86)/gnu tools arm embedded/4.9 2015q1/bin/../lib/gcc/arm-none-eabi/4.9.3/../../../../arm-none-eabi/lib/armv6-m\libg_nano.a(lib_a-writer.o)
 .ARM.attributes
                0x0000070e       0x2c c:/program files (x86)/gnu tools arm embedded/4.9 2015q1/bin/../lib/gcc/arm-none-eabi/4.9.3/../../../../arm-none-eabi/lib/armv6-m\libg_nano.a(lib_a-closer.o)
 .ARM.attributes
                0x0000073a       0x2c c:/program files (x86)/gnu tools arm embedded/4.9 2015q1/bin/../lib/gcc/arm-none-eabi/4.9.3/../../../../arm-none-eabi/lib/armv6-m\libg_nano.a(lib_a-lseekr.o)
 .ARM.attributes
                0x00000766       0x2c c:/program files (x86)/gnu tools arm embedded/4.9 2015q1/bin/../lib/gcc/arm-none-eabi/4.9.3/../../../../arm-none-eabi/lib/armv6-m\libg_nano.a(lib_a-memchr.o)
 .ARM.attributes
                0x00000792       0x2c c:/program files (x86)/gnu tools arm embedded/4.9 2015q1/bin/../lib/gcc/arm-none-eabi/4.9.3/../../../../arm-none-eabi/lib/armv6-m\libg_nano.a(lib_a-memmove.o)
 .ARM.attributes
                0x000007be       0x2c c:/program files (x86)/gnu tools arm embedded/4.9 2015q1/bin/../lib/gcc/arm-none-eabi/4.9.3/../../../../arm-none-eabi/lib/armv6-m\libg_nano.a(lib_a-nano-reallocr.o)
 .ARM.attributes
                0x000007ea       0x2c c:/program files (x86)/gnu tools arm embedded/4.9 2015q1/bin/../lib/gcc/arm-none-eabi/4.9.3/../../../../arm-none-eabi/lib/armv6-m\libg_nano.a(lib_a-readr.o)
 .ARM.attributes
                0x00000816       0x2c c:/program files (x86)/gnu tools arm embedded/4.9 2015q1/bin/../lib/gcc/arm-none-eabi/4.9.3/../../../../arm-none-eabi/lib/armv6-m\libg_nano.a(lib_a-nano-msizer.o)

.debug
 *(.debug)

.line
 *(.line)

.debug_srcinfo
 *(.debug_srcinfo)

.debug_sfnames
 *(.debug_sfnames)

.debug_aranges  0x00000000      0x678
 *(.debug_aranges)
 .debug_aranges
                0x00000000       0x80 ./system/src/stm32f0-stdperiph/stm32f0xx_gpio.o
 .debug_aranges
                0x00000080      0x160 ./system/src/stm32f0-stdperiph/stm32f0xx_rcc.o
 .debug_aranges
                0x000001e0      0x1a0 ./system/src/stm32f0-stdperiph/stm32f0xx_usart.o
 .debug_aranges
                0x00000380       0x28 ./system/src/newlib/_exit.o
 .debug_aranges
                0x000003a8       0x20 ./system/src/newlib/_sbrk.o
 .debug_aranges
                0x000003c8       0x40 ./system/src/newlib/_startup.o
 .debug_aranges
                0x00000408       0x30 ./system/src/newlib/_syscalls.o
 .debug_aranges
                0x00000438       0x28 ./system/src/newlib/assert.o
 .debug_aranges
                0x00000460       0x38 ./system/src/diag/Trace.o
 .debug_aranges
                0x00000498       0x30 ./system/src/diag/trace_impl.o
 .debug_aranges
                0x000004c8       0x28 ./system/src/cortexm/_initialize_hardware.o
 .debug_aranges
                0x000004f0       0x58 ./system/src/cortexm/exception_handlers.o
 .debug_aranges
                0x00000548       0x30 ./system/src/cmsis/system_stm32f0xx.o
 .debug_aranges
                0x00000578       0x20 ./system/src/cmsis/vectors_stm32f0xx.o
 .debug_aranges
                0x00000598       0x20 ./src/main.o
 .debug_aranges
                0x000005b8       0x38 ./src/srl_UARTUSBSerial_lib.o
 .debug_aranges
                0x000005f0       0x58 ./src/syscalls.o
 .debug_aranges
                0x00000648       0x30 ./src/wfi_uartESP8266Wifi_lib.o

.debug_pubnames
 *(.debug_pubnames)

.debug_info     0x00000000     0x7dc4
 *(.debug_info .gnu.linkonce.wi.*)
 .debug_info    0x00000000      0xa17 ./system/src/stm32f0-stdperiph/stm32f0xx_gpio.o
 .debug_info    0x00000a17      0xf18 ./system/src/stm32f0-stdperiph/stm32f0xx_rcc.o
 .debug_info    0x0000192f     0x1aef ./system/src/stm32f0-stdperiph/stm32f0xx_usart.o
 .debug_info    0x0000341e      0x100 ./system/src/newlib/_exit.o
 .debug_info    0x0000351e      0x125 ./system/src/newlib/_sbrk.o
 .debug_info    0x00003643      0x474 ./system/src/newlib/_startup.o
 .debug_info    0x00003ab7      0x1a9 ./system/src/newlib/_syscalls.o
 .debug_info    0x00003c60      0x1b0 ./system/src/newlib/assert.o
 .debug_info    0x00003e10      0x32b ./system/src/diag/Trace.o
 .debug_info    0x0000413b      0x2cf ./system/src/diag/trace_impl.o
 .debug_info    0x0000440a       0xc3 ./system/src/cortexm/_initialize_hardware.o
 .debug_info    0x000044cd      0x335 ./system/src/cortexm/exception_handlers.o
 .debug_info    0x00004802      0x2e8 ./system/src/cmsis/system_stm32f0xx.o
 .debug_info    0x00004aea       0xd1 ./system/src/cmsis/vectors_stm32f0xx.o
 .debug_info    0x00004bbb      0x4d9 ./src/main.o
 .debug_info    0x00005094     0x1345 ./src/srl_UARTUSBSerial_lib.o
 .debug_info    0x000063d9      0x4e5 ./src/syscalls.o
 .debug_info    0x000068be     0x1506 ./src/wfi_uartESP8266Wifi_lib.o

.debug_abbrev   0x00000000     0x1b96
 *(.debug_abbrev)
 .debug_abbrev  0x00000000      0x1db ./system/src/stm32f0-stdperiph/stm32f0xx_gpio.o
 .debug_abbrev  0x000001db      0x23e ./system/src/stm32f0-stdperiph/stm32f0xx_rcc.o
 .debug_abbrev  0x00000419      0x1d2 ./system/src/stm32f0-stdperiph/stm32f0xx_usart.o
 .debug_abbrev  0x000005eb       0xa4 ./system/src/newlib/_exit.o
 .debug_abbrev  0x0000068f       0xbb ./system/src/newlib/_sbrk.o
 .debug_abbrev  0x0000074a      0x1e9 ./system/src/newlib/_startup.o
 .debug_abbrev  0x00000933       0xe7 ./system/src/newlib/_syscalls.o
 .debug_abbrev  0x00000a1a       0xc9 ./system/src/newlib/assert.o
 .debug_abbrev  0x00000ae3      0x178 ./system/src/diag/Trace.o
 .debug_abbrev  0x00000c5b      0x18d ./system/src/diag/trace_impl.o
 .debug_abbrev  0x00000de8       0x63 ./system/src/cortexm/_initialize_hardware.o
 .debug_abbrev  0x00000e4b      0x165 ./system/src/cortexm/exception_handlers.o
 .debug_abbrev  0x00000fb0      0x146 ./system/src/cmsis/system_stm32f0xx.o
 .debug_abbrev  0x000010f6       0x9d ./system/src/cmsis/vectors_stm32f0xx.o
 .debug_abbrev  0x00001193      0x1dc ./src/main.o
 .debug_abbrev  0x0000136f      0x386 ./src/srl_UARTUSBSerial_lib.o
 .debug_abbrev  0x000016f5      0x13a ./src/syscalls.o
 .debug_abbrev  0x0000182f      0x367 ./src/wfi_uartESP8266Wifi_lib.o

.debug_line     0x00000000     0x5cf9
 *(.debug_line)
 .debug_line    0x00000000      0x731 ./system/src/stm32f0-stdperiph/stm32f0xx_gpio.o
 .debug_line    0x00000731      0x9d0 ./system/src/stm32f0-stdperiph/stm32f0xx_rcc.o
 .debug_line    0x00001101      0xe6f ./system/src/stm32f0-stdperiph/stm32f0xx_usart.o
 .debug_line    0x00001f70      0x2c1 ./system/src/newlib/_exit.o
 .debug_line    0x00002231      0x263 ./system/src/newlib/_sbrk.o
 .debug_line    0x00002494      0x322 ./system/src/newlib/_startup.o
 .debug_line    0x000027b6      0x373 ./system/src/newlib/_syscalls.o
 .debug_line    0x00002b29      0x2f8 ./system/src/newlib/assert.o
 .debug_line    0x00002e21      0x31d ./system/src/diag/Trace.o
 .debug_line    0x0000313e      0x597 ./system/src/diag/trace_impl.o
 .debug_line    0x000036d5      0x373 ./system/src/cortexm/_initialize_hardware.o
 .debug_line    0x00003a48      0x5f5 ./system/src/cortexm/exception_handlers.o
 .debug_line    0x0000403d      0x3b1 ./system/src/cmsis/system_stm32f0xx.o
 .debug_line    0x000043ee      0x108 ./system/src/cmsis/vectors_stm32f0xx.o
 .debug_line    0x000044f6      0x59b ./src/main.o
 .debug_line    0x00004a91      0x613 ./src/srl_UARTUSBSerial_lib.o
 .debug_line    0x000050a4      0x5f6 ./src/syscalls.o
 .debug_line    0x0000569a      0x65f ./src/wfi_uartESP8266Wifi_lib.o

.debug_frame    0x00000000     0x16c8
 *(.debug_frame)
 .debug_frame   0x00000000      0x168 ./system/src/stm32f0-stdperiph/stm32f0xx_gpio.o
 .debug_frame   0x00000168      0x3f4 ./system/src/stm32f0-stdperiph/stm32f0xx_rcc.o
 .debug_frame   0x0000055c      0x550 ./system/src/stm32f0-stdperiph/stm32f0xx_usart.o
 .debug_frame   0x00000aac       0x38 ./system/src/newlib/_exit.o
 .debug_frame   0x00000ae4       0x28 ./system/src/newlib/_sbrk.o
 .debug_frame   0x00000b0c       0x80 ./system/src/newlib/_startup.o
 .debug_frame   0x00000b8c       0x50 ./system/src/newlib/_syscalls.o
 .debug_frame   0x00000bdc       0x44 ./system/src/newlib/assert.o
 .debug_frame   0x00000c20       0x78 ./system/src/diag/Trace.o
 .debug_frame   0x00000c98       0x58 ./system/src/diag/trace_impl.o
 .debug_frame   0x00000cf0       0x40 ./system/src/cortexm/_initialize_hardware.o
 .debug_frame   0x00000d30       0xb0 ./system/src/cortexm/exception_handlers.o
 .debug_frame   0x00000de0       0x54 ./system/src/cmsis/system_stm32f0xx.o
 .debug_frame   0x00000e34       0x20 ./system/src/cmsis/vectors_stm32f0xx.o
 .debug_frame   0x00000e54       0x2c ./src/main.o
 .debug_frame   0x00000e80       0x80 ./src/srl_UARTUSBSerial_lib.o
 .debug_frame   0x00000f00       0xa0 ./src/syscalls.o
 .debug_frame   0x00000fa0       0x74 ./src/wfi_uartESP8266Wifi_lib.o
 .debug_frame   0x00001014       0x20 c:/program files (x86)/gnu tools arm embedded/4.9 2015q1/bin/../lib/gcc/arm-none-eabi/4.9.3/armv6-m\libgcc.a(_udivsi3.o)
 .debug_frame   0x00001034       0x20 c:/program files (x86)/gnu tools arm embedded/4.9 2015q1/bin/../lib/gcc/arm-none-eabi/4.9.3/../../../../arm-none-eabi/lib/armv6-m\libg_nano.a(lib_a-errno.o)
 .debug_frame   0x00001054       0x28 c:/program files (x86)/gnu tools arm embedded/4.9 2015q1/bin/../lib/gcc/arm-none-eabi/4.9.3/../../../../arm-none-eabi/lib/armv6-m\libg_nano.a(lib_a-exit.o)
 .debug_frame   0x0000107c       0x40 c:/program files (x86)/gnu tools arm embedded/4.9 2015q1/bin/../lib/gcc/arm-none-eabi/4.9.3/../../../../arm-none-eabi/lib/armv6-m\libg_nano.a(lib_a-malloc.o)
 .debug_frame   0x000010bc       0x28 c:/program files (x86)/gnu tools arm embedded/4.9 2015q1/bin/../lib/gcc/arm-none-eabi/4.9.3/../../../../arm-none-eabi/lib/armv6-m\libg_nano.a(lib_a-memcpy.o)
 .debug_frame   0x000010e4       0x2c c:/program files (x86)/gnu tools arm embedded/4.9 2015q1/bin/../lib/gcc/arm-none-eabi/4.9.3/../../../../arm-none-eabi/lib/armv6-m\libg_nano.a(lib_a-nano-freer.o)
 .debug_frame   0x00001110       0x2c c:/program files (x86)/gnu tools arm embedded/4.9 2015q1/bin/../lib/gcc/arm-none-eabi/4.9.3/../../../../arm-none-eabi/lib/armv6-m\libg_nano.a(lib_a-nano-mallocr.o)
 .debug_frame   0x0000113c       0x2c c:/program files (x86)/gnu tools arm embedded/4.9 2015q1/bin/../lib/gcc/arm-none-eabi/4.9.3/../../../../arm-none-eabi/lib/armv6-m\libg_nano.a(lib_a-sbrkr.o)
 .debug_frame   0x00001168       0x34 c:/program files (x86)/gnu tools arm embedded/4.9 2015q1/bin/../lib/gcc/arm-none-eabi/4.9.3/../../../../arm-none-eabi/lib/armv6-m\libg_nano.a(lib_a-setvbuf.o)
 .debug_frame   0x0000119c       0x20 c:/program files (x86)/gnu tools arm embedded/4.9 2015q1/bin/../lib/gcc/arm-none-eabi/4.9.3/../../../../arm-none-eabi/lib/armv6-m\libg_nano.a(lib_a-strlen.o)
 .debug_frame   0x000011bc       0x4c c:/program files (x86)/gnu tools arm embedded/4.9 2015q1/bin/../lib/gcc/arm-none-eabi/4.9.3/../../../../arm-none-eabi/lib/armv6-m\libg_nano.a(lib_a-vsnprintf.o)
 .debug_frame   0x00001208       0x68 c:/program files (x86)/gnu tools arm embedded/4.9 2015q1/bin/../lib/gcc/arm-none-eabi/4.9.3/../../../../arm-none-eabi/lib/armv6-m\libg_nano.a(lib_a-fflush.o)
 .debug_frame   0x00001270      0x140 c:/program files (x86)/gnu tools arm embedded/4.9 2015q1/bin/../lib/gcc/arm-none-eabi/4.9.3/../../../../arm-none-eabi/lib/armv6-m\libg_nano.a(lib_a-findfp.o)
 .debug_frame   0x000013b0       0x58 c:/program files (x86)/gnu tools arm embedded/4.9 2015q1/bin/../lib/gcc/arm-none-eabi/4.9.3/../../../../arm-none-eabi/lib/armv6-m\libg_nano.a(lib_a-fwalk.o)
 .debug_frame   0x00001408       0x20 c:/program files (x86)/gnu tools arm embedded/4.9 2015q1/bin/../lib/gcc/arm-none-eabi/4.9.3/../../../../arm-none-eabi/lib/armv6-m\libg_nano.a(lib_a-memset.o)
 .debug_frame   0x00001428       0x74 c:/program files (x86)/gnu tools arm embedded/4.9 2015q1/bin/../lib/gcc/arm-none-eabi/4.9.3/../../../../arm-none-eabi/lib/armv6-m\libg_nano.a(lib_a-nano-svfprintf.o)
 .debug_frame   0x0000149c       0x54 c:/program files (x86)/gnu tools arm embedded/4.9 2015q1/bin/../lib/gcc/arm-none-eabi/4.9.3/../../../../arm-none-eabi/lib/armv6-m\libg_nano.a(lib_a-nano-vfprintf_i.o)
 .debug_frame   0x000014f0       0x90 c:/program files (x86)/gnu tools arm embedded/4.9 2015q1/bin/../lib/gcc/arm-none-eabi/4.9.3/../../../../arm-none-eabi/lib/armv6-m\libg_nano.a(lib_a-stdio.o)
 .debug_frame   0x00001580       0x2c c:/program files (x86)/gnu tools arm embedded/4.9 2015q1/bin/../lib/gcc/arm-none-eabi/4.9.3/../../../../arm-none-eabi/lib/armv6-m\libg_nano.a(lib_a-writer.o)
 .debug_frame   0x000015ac       0x2c c:/program files (x86)/gnu tools arm embedded/4.9 2015q1/bin/../lib/gcc/arm-none-eabi/4.9.3/../../../../arm-none-eabi/lib/armv6-m\libg_nano.a(lib_a-closer.o)
 .debug_frame   0x000015d8       0x2c c:/program files (x86)/gnu tools arm embedded/4.9 2015q1/bin/../lib/gcc/arm-none-eabi/4.9.3/../../../../arm-none-eabi/lib/armv6-m\libg_nano.a(lib_a-lseekr.o)
 .debug_frame   0x00001604       0x20 c:/program files (x86)/gnu tools arm embedded/4.9 2015q1/bin/../lib/gcc/arm-none-eabi/4.9.3/../../../../arm-none-eabi/lib/armv6-m\libg_nano.a(lib_a-memchr.o)
 .debug_frame   0x00001624       0x28 c:/program files (x86)/gnu tools arm embedded/4.9 2015q1/bin/../lib/gcc/arm-none-eabi/4.9.3/../../../../arm-none-eabi/lib/armv6-m\libg_nano.a(lib_a-memmove.o)
 .debug_frame   0x0000164c       0x30 c:/program files (x86)/gnu tools arm embedded/4.9 2015q1/bin/../lib/gcc/arm-none-eabi/4.9.3/../../../../arm-none-eabi/lib/armv6-m\libg_nano.a(lib_a-nano-reallocr.o)
 .debug_frame   0x0000167c       0x2c c:/program files (x86)/gnu tools arm embedded/4.9 2015q1/bin/../lib/gcc/arm-none-eabi/4.9.3/../../../../arm-none-eabi/lib/armv6-m\libg_nano.a(lib_a-readr.o)
 .debug_frame   0x000016a8       0x20 c:/program files (x86)/gnu tools arm embedded/4.9 2015q1/bin/../lib/gcc/arm-none-eabi/4.9.3/../../../../arm-none-eabi/lib/armv6-m\libg_nano.a(lib_a-nano-msizer.o)

.debug_str      0x00000000    0x46184
 *(.debug_str)
 .debug_str     0x00000000    0x3ef4d ./system/src/stm32f0-stdperiph/stm32f0xx_gpio.o
                              0x3f0e9 (size before relaxing)
 .debug_str     0x0003ef4d      0x64a ./system/src/stm32f0-stdperiph/stm32f0xx_rcc.o
                              0x3f46f (size before relaxing)
 .debug_str     0x0003f597      0x818 ./system/src/stm32f0-stdperiph/stm32f0xx_usart.o
                              0x3f717 (size before relaxing)
 .debug_str     0x0003fdaf     0x37d3 ./system/src/newlib/_exit.o
                               0x5cd5 (size before relaxing)
 .debug_str     0x00043582      0x4de ./system/src/newlib/_sbrk.o
                               0x4447 (size before relaxing)
 .debug_str     0x00043a60      0x260 ./system/src/newlib/_startup.o
                               0x401d (size before relaxing)
 .debug_str     0x00043cc0      0xc2d ./system/src/newlib/_syscalls.o
                               0x5efa (size before relaxing)
 .debug_str     0x000448ed       0xd0 ./system/src/newlib/assert.o
                               0x67da (size before relaxing)
 .debug_str     0x000449bd      0x9ac ./system/src/diag/Trace.o
                               0x65e6 (size before relaxing)
 .debug_str     0x00045369      0x34f ./system/src/diag/trace_impl.o
                              0x41c25 (size before relaxing)
 .debug_str     0x000456b8       0x4e ./system/src/cortexm/_initialize_hardware.o
                              0x3ee06 (size before relaxing)
 .debug_str     0x00045706      0x109 ./system/src/cortexm/exception_handlers.o
                              0x42664 (size before relaxing)
 .debug_str     0x0004580f       0x67 ./system/src/cmsis/system_stm32f0xx.o
                              0x3eeb4 (size before relaxing)
 .debug_str     0x00045876       0x56 ./system/src/cmsis/vectors_stm32f0xx.o
                               0x2f3a (size before relaxing)
 .debug_str     0x000458cc       0xba ./src/main.o
                              0x430a7 (size before relaxing)
 .debug_str     0x00045986      0x624 ./src/srl_UARTUSBSerial_lib.o
                              0x439d7 (size before relaxing)
 .debug_str     0x00045faa      0x10a ./src/syscalls.o
                              0x43483 (size before relaxing)
 .debug_str     0x000460b4       0xd0 ./src/wfi_uartESP8266Wifi_lib.o
                              0x43aab (size before relaxing)

.debug_loc      0x00000000     0x30cf
 *(.debug_loc)
 .debug_loc     0x00000000      0x51a ./system/src/stm32f0-stdperiph/stm32f0xx_gpio.o
 .debug_loc     0x0000051a      0xc31 ./system/src/stm32f0-stdperiph/stm32f0xx_rcc.o
 .debug_loc     0x0000114b     0x1408 ./system/src/stm32f0-stdperiph/stm32f0xx_usart.o
 .debug_loc     0x00002553       0x7b ./system/src/newlib/_sbrk.o
 .debug_loc     0x000025ce      0x265 ./system/src/newlib/_startup.o
 .debug_loc     0x00002833       0x63 ./system/src/newlib/_syscalls.o
 .debug_loc     0x00002896       0xf7 ./system/src/newlib/assert.o
 .debug_loc     0x0000298d       0xf7 ./system/src/diag/Trace.o
 .debug_loc     0x00002a84      0x152 ./system/src/diag/trace_impl.o
 .debug_loc     0x00002bd6       0x94 ./system/src/cortexm/exception_handlers.o
 .debug_loc     0x00002c6a       0xe2 ./system/src/cmsis/system_stm32f0xx.o
 .debug_loc     0x00002d4c       0x42 ./src/main.o
 .debug_loc     0x00002d8e       0xb5 ./src/srl_UARTUSBSerial_lib.o
 .debug_loc     0x00002e43      0x15a ./src/syscalls.o
 .debug_loc     0x00002f9d      0x132 ./src/wfi_uartESP8266Wifi_lib.o

.debug_macinfo
 *(.debug_macinfo)

.debug_weaknames
 *(.debug_weaknames)

.debug_funcnames
 *(.debug_funcnames)

.debug_typenames
 *(.debug_typenames)

.debug_varnames
 *(.debug_varnames)
OUTPUT(ESP8266-STM32F0-WifiComms.elf elf32-littlearm)

.debug_ranges   0x00000000      0x570
 .debug_ranges  0x00000000       0x70 ./system/src/stm32f0-stdperiph/stm32f0xx_gpio.o
 .debug_ranges  0x00000070      0x150 ./system/src/stm32f0-stdperiph/stm32f0xx_rcc.o
 .debug_ranges  0x000001c0      0x190 ./system/src/stm32f0-stdperiph/stm32f0xx_usart.o
 .debug_ranges  0x00000350       0x18 ./system/src/newlib/_exit.o
 .debug_ranges  0x00000368       0x10 ./system/src/newlib/_sbrk.o
 .debug_ranges  0x00000378       0x48 ./system/src/newlib/_startup.o
 .debug_ranges  0x000003c0       0x20 ./system/src/newlib/_syscalls.o
 .debug_ranges  0x000003e0       0x18 ./system/src/newlib/assert.o
 .debug_ranges  0x000003f8       0x28 ./system/src/diag/Trace.o
 .debug_ranges  0x00000420       0x20 ./system/src/diag/trace_impl.o
 .debug_ranges  0x00000440       0x18 ./system/src/cortexm/_initialize_hardware.o
 .debug_ranges  0x00000458       0x48 ./system/src/cortexm/exception_handlers.o
 .debug_ranges  0x000004a0       0x20 ./system/src/cmsis/system_stm32f0xx.o
 .debug_ranges  0x000004c0       0x10 ./system/src/cmsis/vectors_stm32f0xx.o
 .debug_ranges  0x000004d0       0x10 ./src/main.o
 .debug_ranges  0x000004e0       0x28 ./src/srl_UARTUSBSerial_lib.o
 .debug_ranges  0x00000508       0x48 ./src/syscalls.o
 .debug_ranges  0x00000550       0x20 ./src/wfi_uartESP8266Wifi_lib.o

.debug_macro    0x00000000     0xd82e
 .debug_macro   0x00000000      0x156 ./system/src/stm32f0-stdperiph/stm32f0xx_gpio.o
 .debug_macro   0x00000156      0x84a ./system/src/stm32f0-stdperiph/stm32f0xx_gpio.o
 .debug_macro   0x000009a0       0x7a ./system/src/stm32f0-stdperiph/stm32f0xx_gpio.o
 .debug_macro   0x00000a1a       0x3a ./system/src/stm32f0-stdperiph/stm32f0xx_gpio.o
 .debug_macro   0x00000a54      0x34e ./system/src/stm32f0-stdperiph/stm32f0xx_gpio.o
 .debug_macro   0x00000da2       0x1f ./system/src/stm32f0-stdperiph/stm32f0xx_gpio.o
 .debug_macro   0x00000dc1      0x242 ./system/src/stm32f0-stdperiph/stm32f0xx_gpio.o
 .debug_macro   0x00001003     0x5b9e ./system/src/stm32f0-stdperiph/stm32f0xx_gpio.o
 .debug_macro   0x00006ba1      0x2ec ./system/src/stm32f0-stdperiph/stm32f0xx_gpio.o
 .debug_macro   0x00006e8d      0x3cf ./system/src/stm32f0-stdperiph/stm32f0xx_gpio.o
 .debug_macro   0x0000725c      0x191 ./system/src/stm32f0-stdperiph/stm32f0xx_gpio.o
 .debug_macro   0x000073ed       0x46 ./system/src/stm32f0-stdperiph/stm32f0xx_gpio.o
 .debug_macro   0x00007433       0xd9 ./system/src/stm32f0-stdperiph/stm32f0xx_gpio.o
 .debug_macro   0x0000750c       0xef ./system/src/stm32f0-stdperiph/stm32f0xx_gpio.o
 .debug_macro   0x000075fb      0x184 ./system/src/stm32f0-stdperiph/stm32f0xx_gpio.o
 .debug_macro   0x0000777f       0x7c ./system/src/stm32f0-stdperiph/stm32f0xx_gpio.o
 .debug_macro   0x000077fb      0x295 ./system/src/stm32f0-stdperiph/stm32f0xx_gpio.o
 .debug_macro   0x00007a90       0xd7 ./system/src/stm32f0-stdperiph/stm32f0xx_gpio.o
 .debug_macro   0x00007b67      0x23d ./system/src/stm32f0-stdperiph/stm32f0xx_gpio.o
 .debug_macro   0x00007da4      0x184 ./system/src/stm32f0-stdperiph/stm32f0xx_gpio.o
 .debug_macro   0x00007f28      0x2a0 ./system/src/stm32f0-stdperiph/stm32f0xx_gpio.o
 .debug_macro   0x000081c8       0x70 ./system/src/stm32f0-stdperiph/stm32f0xx_gpio.o
 .debug_macro   0x00008238       0xdf ./system/src/stm32f0-stdperiph/stm32f0xx_gpio.o
 .debug_macro   0x00008317      0x4e3 ./system/src/stm32f0-stdperiph/stm32f0xx_gpio.o
 .debug_macro   0x000087fa      0x4c5 ./system/src/stm32f0-stdperiph/stm32f0xx_gpio.o
 .debug_macro   0x00008cbf      0x397 ./system/src/stm32f0-stdperiph/stm32f0xx_gpio.o
 .debug_macro   0x00009056      0x750 ./system/src/stm32f0-stdperiph/stm32f0xx_gpio.o
 .debug_macro   0x000097a6      0x353 ./system/src/stm32f0-stdperiph/stm32f0xx_gpio.o
 .debug_macro   0x00009af9       0x34 ./system/src/stm32f0-stdperiph/stm32f0xx_gpio.o
 .debug_macro   0x00009b2d       0x3a ./system/src/stm32f0-stdperiph/stm32f0xx_gpio.o
 .debug_macro   0x00009b67      0x17f ./system/src/stm32f0-stdperiph/stm32f0xx_gpio.o
 .debug_macro   0x00009ce6      0x174 ./system/src/stm32f0-stdperiph/stm32f0xx_rcc.o
 .debug_macro   0x00009e5a      0x185 ./system/src/stm32f0-stdperiph/stm32f0xx_rcc.o
 .debug_macro   0x00009fdf      0x4dd ./system/src/stm32f0-stdperiph/stm32f0xx_rcc.o
 .debug_macro   0x0000a4bc      0x16e ./system/src/stm32f0-stdperiph/stm32f0xx_usart.o
 .debug_macro   0x0000a62a      0x34d ./system/src/stm32f0-stdperiph/stm32f0xx_usart.o
 .debug_macro   0x0000a977      0x128 ./system/src/newlib/_exit.o
 .debug_macro   0x0000aa9f       0x9c ./system/src/newlib/_exit.o
 .debug_macro   0x0000ab3b      0x10e ./system/src/newlib/_exit.o
 .debug_macro   0x0000ac49       0x86 ./system/src/newlib/_exit.o
 .debug_macro   0x0000accf       0x43 ./system/src/newlib/_exit.o
 .debug_macro   0x0000ad12      0x27a ./system/src/newlib/_exit.o
 .debug_macro   0x0000af8c       0x35 ./system/src/newlib/_exit.o
 .debug_macro   0x0000afc1       0xd1 ./system/src/newlib/_sbrk.o
 .debug_macro   0x0000b092       0x19 ./system/src/newlib/_sbrk.o
 .debug_macro   0x0000b0ab      0x16d ./system/src/newlib/_sbrk.o
 .debug_macro   0x0000b218       0x10 ./system/src/newlib/_sbrk.o
 .debug_macro   0x0000b228      0x23b ./system/src/newlib/_sbrk.o
 .debug_macro   0x0000b463       0xdb ./system/src/newlib/_startup.o
 .debug_macro   0x0000b53e      0x17c ./system/src/newlib/_syscalls.o
 .debug_macro   0x0000b6ba       0x1c ./system/src/newlib/_syscalls.o
 .debug_macro   0x0000b6d6       0x10 ./system/src/newlib/_syscalls.o
 .debug_macro   0x0000b6e6       0x10 ./system/src/newlib/_syscalls.o
 .debug_macro   0x0000b6f6       0x10 ./system/src/newlib/_syscalls.o
 .debug_macro   0x0000b706       0x35 ./system/src/newlib/_syscalls.o
 .debug_macro   0x0000b73b      0x121 ./system/src/newlib/_syscalls.o
 .debug_macro   0x0000b85c       0x22 ./system/src/newlib/_syscalls.o
 .debug_macro   0x0000b87e       0x2b ./system/src/newlib/_syscalls.o
 .debug_macro   0x0000b8a9      0x118 ./system/src/newlib/_syscalls.o
 .debug_macro   0x0000b9c1      0x13e ./system/src/newlib/_syscalls.o
 .debug_macro   0x0000baff       0x16 ./system/src/newlib/_syscalls.o
 .debug_macro   0x0000bb15      0x144 ./system/src/newlib/assert.o
 .debug_macro   0x0000bc59       0x1c ./system/src/newlib/assert.o
 .debug_macro   0x0000bc75      0x14f ./system/src/diag/Trace.o
 .debug_macro   0x0000bdc4       0x16 ./system/src/diag/Trace.o
 .debug_macro   0x0000bdda       0x97 ./system/src/diag/Trace.o
 .debug_macro   0x0000be71       0xf6 ./system/src/diag/Trace.o
 .debug_macro   0x0000bf67       0x10 ./system/src/diag/Trace.o
 .debug_macro   0x0000bf77       0x16 ./system/src/diag/Trace.o
 .debug_macro   0x0000bf8d      0x196 ./system/src/diag/Trace.o
 .debug_macro   0x0000c123       0x52 ./system/src/diag/Trace.o
 .debug_macro   0x0000c175       0x16 ./system/src/diag/Trace.o
 .debug_macro   0x0000c18b      0x239 ./system/src/diag/trace_impl.o
 .debug_macro   0x0000c3c4       0x10 ./system/src/diag/trace_impl.o
 .debug_macro   0x0000c3d4       0xc8 ./system/src/diag/trace_impl.o
 .debug_macro   0x0000c49c       0xbe ./system/src/diag/trace_impl.o
 .debug_macro   0x0000c55a       0x22 ./system/src/diag/trace_impl.o
 .debug_macro   0x0000c57c      0x156 ./system/src/cortexm/_initialize_hardware.o
 .debug_macro   0x0000c6d2      0x27b ./system/src/cortexm/exception_handlers.o
 .debug_macro   0x0000c94d       0x10 ./system/src/cortexm/exception_handlers.o
 .debug_macro   0x0000c95d      0x14c ./system/src/cmsis/system_stm32f0xx.o
 .debug_macro   0x0000caa9       0x34 ./system/src/cmsis/vectors_stm32f0xx.o
 .debug_macro   0x0000cadd      0x2b4 ./src/main.o
 .debug_macro   0x0000cd91       0x10 ./src/main.o
 .debug_macro   0x0000cda1       0x16 ./src/main.o
 .debug_macro   0x0000cdb7      0x2df ./src/srl_UARTUSBSerial_lib.o
 .debug_macro   0x0000d096       0x1c ./src/srl_UARTUSBSerial_lib.o
 .debug_macro   0x0000d0b2      0x2bc ./src/syscalls.o
 .debug_macro   0x0000d36e      0x181 ./src/syscalls.o
 .debug_macro   0x0000d4ef       0x16 ./src/syscalls.o
 .debug_macro   0x0000d505       0x41 ./src/syscalls.o
 .debug_macro   0x0000d546      0x2e8 ./src/wfi_uartESP8266Wifi_lib.o
