Archive member included because of file (symbol)

c:/program files (x86)/gnu tools arm embedded/4.9 2015q1/bin/../lib/gcc/arm-none-eabi/4.9.3/armv6-m\libgcc.a(_udivsi3.o)
                              ./system/Middlewares/Third_Party/FreeRTOS/Source/portable/GCC/ARM_CM0/port.o (__aeabi_uidiv)
c:/program files (x86)/gnu tools arm embedded/4.9 2015q1/bin/../lib/gcc/arm-none-eabi/4.9.3/armv6-m\libgcc.a(_dvmd_tls.o)
                              c:/program files (x86)/gnu tools arm embedded/4.9 2015q1/bin/../lib/gcc/arm-none-eabi/4.9.3/armv6-m\libgcc.a(_udivsi3.o) (__aeabi_idiv0)
c:/program files (x86)/gnu tools arm embedded/4.9 2015q1/bin/../lib/gcc/arm-none-eabi/4.9.3/../../../../arm-none-eabi/lib/armv6-m\libg_nano.a(lib_a-errno.o)
                              ./system/newlib/_sbrk.o (__errno)
c:/program files (x86)/gnu tools arm embedded/4.9 2015q1/bin/../lib/gcc/arm-none-eabi/4.9.3/../../../../arm-none-eabi/lib/armv6-m\libg_nano.a(lib_a-exit.o)
                              c:/program files (x86)/gnu tools arm embedded/4.9 2015q1/bin/../lib/gcc/arm-none-eabi/4.9.3/../../../../arm-none-eabi/lib/armv6-m/crt0.o (exit)
c:/program files (x86)/gnu tools arm embedded/4.9 2015q1/bin/../lib/gcc/arm-none-eabi/4.9.3/../../../../arm-none-eabi/lib/armv6-m\libg_nano.a(lib_a-impure.o)
                              c:/program files (x86)/gnu tools arm embedded/4.9 2015q1/bin/../lib/gcc/arm-none-eabi/4.9.3/../../../../arm-none-eabi/lib/armv6-m\libg_nano.a(lib_a-exit.o) (_global_impure_ptr)
c:/program files (x86)/gnu tools arm embedded/4.9 2015q1/bin/../lib/gcc/arm-none-eabi/4.9.3/../../../../arm-none-eabi/lib/armv6-m\libg_nano.a(lib_a-init.o)
                              c:/program files (x86)/gnu tools arm embedded/4.9 2015q1/bin/../lib/gcc/arm-none-eabi/4.9.3/../../../../arm-none-eabi/lib/armv6-m/crt0.o (__libc_init_array)
c:/program files (x86)/gnu tools arm embedded/4.9 2015q1/bin/../lib/gcc/arm-none-eabi/4.9.3/../../../../arm-none-eabi/lib/armv6-m\libg_nano.a(lib_a-memcpy.o)
                              ./system/Middlewares/Third_Party/FreeRTOS/Source/queue.o (memcpy)
c:/program files (x86)/gnu tools arm embedded/4.9 2015q1/bin/../lib/gcc/arm-none-eabi/4.9.3/../../../../arm-none-eabi/lib/armv6-m\libg_nano.a(lib_a-memset.o)
                              c:/program files (x86)/gnu tools arm embedded/4.9 2015q1/bin/../lib/gcc/arm-none-eabi/4.9.3/../../../../arm-none-eabi/lib/armv6-m/crt0.o (memset)
c:/program files (x86)/gnu tools arm embedded/4.9 2015q1/bin/../lib/gcc/arm-none-eabi/4.9.3/../../../../arm-none-eabi/lib/armv6-m\libg_nano.a(lib_a-sprintf.o)
                              ./src/USARTOutTask_task.o (sprintf)
c:/program files (x86)/gnu tools arm embedded/4.9 2015q1/bin/../lib/gcc/arm-none-eabi/4.9.3/../../../../arm-none-eabi/lib/armv6-m\libg_nano.a(lib_a-strlen.o)
                              ./src/USARTInTask_task.o (strlen)
c:/program files (x86)/gnu tools arm embedded/4.9 2015q1/bin/../lib/gcc/arm-none-eabi/4.9.3/../../../../arm-none-eabi/lib/armv6-m\libg_nano.a(lib_a-strncmp.o)
                              ./src/USARTInTask_task.o (strncmp)
c:/program files (x86)/gnu tools arm embedded/4.9 2015q1/bin/../lib/gcc/arm-none-eabi/4.9.3/../../../../arm-none-eabi/lib/armv6-m\libg_nano.a(lib_a-nano-svfprintf.o)
                              c:/program files (x86)/gnu tools arm embedded/4.9 2015q1/bin/../lib/gcc/arm-none-eabi/4.9.3/../../../../arm-none-eabi/lib/armv6-m\libg_nano.a(lib_a-sprintf.o) (_svfprintf_r)
c:/program files (x86)/gnu tools arm embedded/4.9 2015q1/bin/../lib/gcc/arm-none-eabi/4.9.3/../../../../arm-none-eabi/lib/armv6-m\libg_nano.a(lib_a-nano-vfprintf_i.o)
                              c:/program files (x86)/gnu tools arm embedded/4.9 2015q1/bin/../lib/gcc/arm-none-eabi/4.9.3/../../../../arm-none-eabi/lib/armv6-m\libg_nano.a(lib_a-nano-svfprintf.o) (_printf_i)
c:/program files (x86)/gnu tools arm embedded/4.9 2015q1/bin/../lib/gcc/arm-none-eabi/4.9.3/../../../../arm-none-eabi/lib/armv6-m\libg_nano.a(lib_a-memchr.o)
                              c:/program files (x86)/gnu tools arm embedded/4.9 2015q1/bin/../lib/gcc/arm-none-eabi/4.9.3/../../../../arm-none-eabi/lib/armv6-m\libg_nano.a(lib_a-nano-svfprintf.o) (memchr)
c:/program files (x86)/gnu tools arm embedded/4.9 2015q1/bin/../lib/gcc/arm-none-eabi/4.9.3/../../../../arm-none-eabi/lib/armv6-m\libg_nano.a(lib_a-memmove.o)
                              c:/program files (x86)/gnu tools arm embedded/4.9 2015q1/bin/../lib/gcc/arm-none-eabi/4.9.3/../../../../arm-none-eabi/lib/armv6-m\libg_nano.a(lib_a-nano-svfprintf.o) (memmove)
c:/program files (x86)/gnu tools arm embedded/4.9 2015q1/bin/../lib/gcc/arm-none-eabi/4.9.3/../../../../arm-none-eabi/lib/armv6-m\libg_nano.a(lib_a-nano-freer.o)
                              c:/program files (x86)/gnu tools arm embedded/4.9 2015q1/bin/../lib/gcc/arm-none-eabi/4.9.3/../../../../arm-none-eabi/lib/armv6-m\libg_nano.a(lib_a-nano-svfprintf.o) (_free_r)
[...]
Memory Configuration

Name             Origin             Length             Attributes
RAM              0x20000000         0x00002000         xrw
CCMRAM           0x00000000         0x00000000         xrw
FLASH            0x08000000         0x00010000         xr
FLASHB1          0x00000000         0x00000000         xr
EXTMEMB0         0x00000000         0x00000000         xr
EXTMEMB1         0x00000000         0x00000000         xr
EXTMEMB2         0x00000000         0x00000000         xr
EXTMEMB3         0x00000000         0x00000000         xr
MEMORY_ARRAY     0x00000000         0x00000000         xrw
*default*        0x00000000         0xffffffff

Linker script and memory map

LOAD c:/program files (x86)/gnu tools arm embedded/4.9 2015q1/bin/../lib/gcc/arm-none-eabi/4.9.3/armv6-m/crti.o
LOAD c:/program files (x86)/gnu tools arm embedded/4.9 2015q1/bin/../lib/gcc/arm-none-eabi/4.9.3/armv6-m/crtbegin.o
LOAD c:/program files (x86)/gnu tools arm embedded/4.9 2015q1/bin/../lib/gcc/arm-none-eabi/4.9.3/../../../../arm-none-eabi/lib/armv6-m/crt0.o
LOAD ./system/newlib/_cxx.o
LOAD ./system/newlib/_exit.o
LOAD ./system/newlib/_sbrk.o
LOAD ./system/newlib/_startup.o
LOAD ./system/newlib/_syscalls.o
LOAD ./system/newlib/assert.o
LOAD ./system/diag/Trace.o
LOAD ./system/diag/trace_impl.o
LOAD ./system/Middlewares/Third_Party/FreeRTOS/Source/portable/MemMang/heap_4.o
LOAD ./system/Middlewares/Third_Party/FreeRTOS/Source/portable/GCC/ARM_CM0/port.o
LOAD ./system/Middlewares/Third_Party/FreeRTOS/Source/CMSIS_RTOS/cmsis_os.o
LOAD ./system/Middlewares/Third_Party/FreeRTOS/Source/croutine.o
LOAD ./system/Middlewares/Third_Party/FreeRTOS/Source/event_groups.o
LOAD ./system/Middlewares/Third_Party/FreeRTOS/Source/list.o
LOAD ./system/Middlewares/Third_Party/FreeRTOS/Source/queue.o
LOAD ./system/Middlewares/Third_Party/FreeRTOS/Source/tasks.o
LOAD ./system/Middlewares/Third_Party/FreeRTOS/Source/timers.o
LOAD ./system/Drivers/STM32F0xx_HAL_Driver/Src/stm32f0xx_hal.o
LOAD ./system/Drivers/STM32F0xx_HAL_Driver/Src/stm32f0xx_hal_cortex.o
LOAD ./system/Drivers/STM32F0xx_HAL_Driver/Src/stm32f0xx_hal_dma.o
LOAD ./system/Drivers/STM32F0xx_HAL_Driver/Src/stm32f0xx_hal_flash.o
LOAD ./system/Drivers/STM32F0xx_HAL_Driver/Src/stm32f0xx_hal_flash_ex.o
LOAD ./system/Drivers/STM32F0xx_HAL_Driver/Src/stm32f0xx_hal_gpio.o
LOAD ./system/Drivers/STM32F0xx_HAL_Driver/Src/stm32f0xx_hal_pwr.o
LOAD ./system/Drivers/STM32F0xx_HAL_Driver/Src/stm32f0xx_hal_pwr_ex.o
LOAD ./system/Drivers/STM32F0xx_HAL_Driver/Src/stm32f0xx_hal_rcc.o
LOAD ./system/Drivers/STM32F0xx_HAL_Driver/Src/stm32f0xx_hal_rcc_ex.o
LOAD ./system/Drivers/STM32F0xx_HAL_Driver/Src/stm32f0xx_hal_uart.o
LOAD ./system/Drivers/STM32F0xx_HAL_Driver/Src/stm32f0xx_hal_uart_ex.o
LOAD ./system/Drivers/CMSIS/Device/ST/STM32F0xx/Source/Templates/startup_stm32f0xx.o
LOAD ./system/Drivers/CMSIS/Device/ST/STM32F0xx/Source/Templates/system_stm32f0xx.o
LOAD ./src/USARTInTask_task.o
LOAD ./src/USARTOutTask_task.o
LOAD ./src/bossTask_task.o
LOAD ./src/freertos.o
LOAD ./src/genericMessaging_lib.o
LOAD ./src/hal_lib.o
LOAD ./src/main.o
LOAD ./src/stm32f0xx_hal_msp.o
LOAD ./src/stm32f0xx_it.o
LOAD ./src/strings_res.o
LOAD ./src/userTasks_task.o
LOAD c:/program files (x86)/gnu tools arm embedded/4.9 2015q1/bin/../lib/gcc/arm-none-eabi/4.9.3/../../../../arm-none-eabi/lib/armv6-m\libstdc++_nano.a
LOAD c:/program files (x86)/gnu tools arm embedded/4.9 2015q1/bin/../lib/gcc/arm-none-eabi/4.9.3/../../../../arm-none-eabi/lib/armv6-m\libm.a
START GROUP
LOAD c:/program files (x86)/gnu tools arm embedded/4.9 2015q1/bin/../lib/gcc/arm-none-eabi/4.9.3/armv6-m\libgcc.a
LOAD c:/program files (x86)/gnu tools arm embedded/4.9 2015q1/bin/../lib/gcc/arm-none-eabi/4.9.3/../../../../arm-none-eabi/lib/armv6-m\libg_nano.a
LOAD c:/program files (x86)/gnu tools arm embedded/4.9 2015q1/bin/../lib/gcc/arm-none-eabi/4.9.3/../../../../arm-none-eabi/lib/armv6-m\libc_nano.a
END GROUP
START GROUP
LOAD c:/program files (x86)/gnu tools arm embedded/4.9 2015q1/bin/../lib/gcc/arm-none-eabi/4.9.3/armv6-m\libgcc.a
LOAD c:/program files (x86)/gnu tools arm embedded/4.9 2015q1/bin/../lib/gcc/arm-none-eabi/4.9.3/../../../../arm-none-eabi/lib/armv6-m\libc_nano.a
END GROUP
LOAD c:/program files (x86)/gnu tools arm embedded/4.9 2015q1/bin/../lib/gcc/arm-none-eabi/4.9.3/armv6-m/crtend.o
LOAD c:/program files (x86)/gnu tools arm embedded/4.9 2015q1/bin/../lib/gcc/arm-none-eabi/4.9.3/armv6-m/crtn.o
                0x20002000                __stack = (ORIGIN (RAM) + 0x2000)
                0x20002000                _estack = __stack
                0x00000400                __Main_Stack_Size = 0x400
                0x00000400                PROVIDE (_Main_Stack_Size, __Main_Stack_Size)
                0x20001c00                __Main_Stack_Limit = (__stack - __Main_Stack_Size)
                0x20001c00                PROVIDE (_Main_Stack_Limit, __Main_Stack_Limit)
                0x00000100                _Minimum_Stack_Size = 0x100
                0x20001760                PROVIDE (_Heap_Begin, _end_noinit)
                0x20001c00                PROVIDE (_Heap_Limit, (__stack - __Main_Stack_Size))

.isr_vector     0x08000000       0xc4
                0x08000000                . = ALIGN (0x4)
 *(.isr_vector)
 .isr_vector    0x08000000       0xc4 ./system/Drivers/CMSIS/Device/ST/STM32F0xx/Source/Templates/startup_stm32f0xx.o
                0x08000000                g_pfnVectors
 *(.cfmconfig)
 *(.after_vectors .after_vectors.*)
                0x080000c4                . = ALIGN (0x4)

.inits          0x080000c4       0x20
                0x080000c4                . = ALIGN (0x4)
 *(.init)
 .init          0x080000c4        0x4 c:/program files (x86)/gnu tools arm embedded/4.9 2015q1/bin/../lib/gcc/arm-none-eabi/4.9.3/armv6-m/crti.o
                0x080000c4                _init
 .init          0x080000c8        0x8 c:/program files (x86)/gnu tools arm embedded/4.9 2015q1/bin/../lib/gcc/arm-none-eabi/4.9.3/armv6-m/crtn.o
 *(.fini)
 .fini          0x080000d0        0x4 c:/program files (x86)/gnu tools arm embedded/4.9 2015q1/bin/../lib/gcc/arm-none-eabi/4.9.3/armv6-m/crti.o
                0x080000d0                _fini
 .fini          0x080000d4        0x8 c:/program files (x86)/gnu tools arm embedded/4.9 2015q1/bin/../lib/gcc/arm-none-eabi/4.9.3/armv6-m/crtn.o
                0x080000dc                . = ALIGN (0x4)
                0x080000dc                PROVIDE (__preinit_array_start, .)
 *(.preinit_array_sysinit .preinit_array_sysinit.*)
 *(.preinit_array_platform .preinit_array_platform.*)
 *(.preinit_array .preinit_array.*)
                0x080000dc                PROVIDE (__preinit_array_end, .)
                0x080000dc                . = ALIGN (0x4)
                0x080000dc                PROVIDE (__init_array_start, .)
 *(SORT(.init_array.*))
 *(.init_array)
 .init_array    0x080000dc        0x4 c:/program files (x86)/gnu tools arm embedded/4.9 2015q1/bin/../lib/gcc/arm-none-eabi/4.9.3/armv6-m/crtbegin.o
                0x080000e0                PROVIDE (__init_array_end, .)
                0x080000e0                . = ALIGN (0x4)
                0x080000e0                PROVIDE (__fini_array_start, .)
 *(SORT(.fini_array.*))
 *(.fini_array)
 .fini_array    0x080000e0        0x4 c:/program files (x86)/gnu tools arm embedded/4.9 2015q1/bin/../lib/gcc/arm-none-eabi/4.9.3/armv6-m/crtbegin.o
                0x080000e4                PROVIDE (__fini_array_end, .)
                0x080000e4                . = ALIGN (0x4)

.flashtext      0x080000e4        0x0
                0x080000e4                . = ALIGN (0x4)
 *(.flashtext .flashtext.*)
                0x080000e4                . = ALIGN (0x4)

.text           0x080000e4     0x4bcc
                0x080000e4                . = ALIGN (0x4)
 *(.text .text.*)
 .text          0x080000e4       0x60 c:/program files (x86)/gnu tools arm embedded/4.9 2015q1/bin/../lib/gcc/arm-none-eabi/4.9.3/armv6-m/crtbegin.o
 .text          0x08000144       0x78 c:/program files (x86)/gnu tools arm embedded/4.9 2015q1/bin/../lib/gcc/arm-none-eabi/4.9.3/../../../../arm-none-eabi/lib/armv6-m/crt0.o
                0x08000144                _start
                0x08000144                _mainCRTStartup
 .text._exit    0x080001bc        0x4 ./system/newlib/_exit.o
                0x080001bc                _exit
 .text.abort    0x080001c0        0x8 ./system/newlib/_exit.o
                0x080001c0                abort
 .text._sbrk    0x080001c8       0x44 ./system/newlib/_sbrk.o
                0x080001c8                _sbrk
 .text.assert_failed
                0x0800020c        0x8 ./system/newlib/assert.o
                0x0800020c                assert_failed
 .text.prvHeapInit
                0x08000214       0x68 ./system/Middlewares/Third_Party/FreeRTOS/Source/portable/MemMang/heap_4.o
 .text.prvInsertBlockIntoFreeList
                0x0800027c       0x54 ./system/Middlewares/Third_Party/FreeRTOS/Source/portable/MemMang/heap_4.o
 .text.pvPortMalloc
                0x080002d0       0xd0 ./system/Middlewares/Third_Party/FreeRTOS/Source/portable/MemMang/heap_4.o
                0x080002d0                pvPortMalloc
 .text.vPortFree
                0x080003a0       0x5c ./system/Middlewares/Third_Party/FreeRTOS/Source/portable/MemMang/heap_4.o
                0x080003a0                vPortFree
 .text.prvTaskExitError
                0x080003fc       0x14 ./system/Middlewares/Third_Party/FreeRTOS/Source/portable/GCC/ARM_CM0/port.o
 .text.vPortStartFirstTask
                0x08000410       0x20 ./system/Middlewares/Third_Party/FreeRTOS/Source/portable/GCC/ARM_CM0/port.o
 .text.prvSetupTimerInterrupt
                0x08000430       0x28 ./system/Middlewares/Third_Party/FreeRTOS/Source/portable/GCC/ARM_CM0/port.o
 .text.pxPortInitialiseStack
                0x08000458       0x20 ./system/Middlewares/Third_Party/FreeRTOS/Source/portable/GCC/ARM_CM0/port.o
                0x08000458                pxPortInitialiseStack
 .text.SVC_Handler
                0x08000478        0x4 ./system/Middlewares/Third_Party/FreeRTOS/Source/portable/GCC/ARM_CM0/port.o
                0x08000478                SVC_Handler
 .text.xPortStartScheduler
                0x0800047c       0x34 ./system/Middlewares/Third_Party/FreeRTOS/Source/portable/GCC/ARM_CM0/port.o
                0x0800047c                xPortStartScheduler
 .text.vPortYield
                0x080004b0       0x18 ./system/Middlewares/Third_Party/FreeRTOS/Source/portable/GCC/ARM_CM0/port.o
                0x080004b0                vPortYield
 .text.vPortEnterCritical
                0x080004c8       0x18 ./system/Middlewares/Third_Party/FreeRTOS/Source/portable/GCC/ARM_CM0/port.o
                0x080004c8                vPortEnterCritical
 .text.vPortExitCritical
                0x080004e0       0x20 ./system/Middlewares/Third_Party/FreeRTOS/Source/portable/GCC/ARM_CM0/port.o
                0x080004e0                vPortExitCritical
 .text.ulSetInterruptMaskFromISR
                0x08000500        0xc ./system/Middlewares/Third_Party/FreeRTOS/Source/portable/GCC/ARM_CM0/port.o
                0x08000500                ulSetInterruptMaskFromISR
 .text.vClearInterruptMaskFromISR
                0x0800050c        0x8 ./system/Middlewares/Third_Party/FreeRTOS/Source/portable/GCC/ARM_CM0/port.o
                0x0800050c                vClearInterruptMaskFromISR
 .text.PendSV_Handler
                0x08000514       0x44 ./system/Middlewares/Third_Party/FreeRTOS/Source/portable/GCC/ARM_CM0/port.o
                0x08000514                PendSV_Handler
 .text.xPortSysTickHandler
                0x08000558       0x24 ./system/Middlewares/Third_Party/FreeRTOS/Source/portable/GCC/ARM_CM0/port.o
                0x08000558                xPortSysTickHandler
 .text.makeFreeRtosPriority
                0x0800057c        0xc ./system/Middlewares/Third_Party/FreeRTOS/Source/CMSIS_RTOS/cmsis_os.o
 .text.inHandlerMode
                0x08000588        0xc ./system/Middlewares/Third_Party/FreeRTOS/Source/CMSIS_RTOS/cmsis_os.o
 .text.osKernelStart
                0x08000594        0xc ./system/Middlewares/Third_Party/FreeRTOS/Source/CMSIS_RTOS/cmsis_os.o
                0x08000594                osKernelStart
 .text.osThreadCreate
                0x080005a0       0x3c ./system/Middlewares/Third_Party/FreeRTOS/Source/CMSIS_RTOS/cmsis_os.o
                0x080005a0                osThreadCreate
 .text.osDelay  0x080005dc       0x10 ./system/Middlewares/Third_Party/FreeRTOS/Source/CMSIS_RTOS/cmsis_os.o
                0x080005dc                osDelay
 .text.osPoolCreate
                0x080005ec       0x70 ./system/Middlewares/Third_Party/FreeRTOS/Source/CMSIS_RTOS/cmsis_os.o
                0x080005ec                osPoolCreate
 .text.osPoolAlloc
                0x0800065c       0x68 ./system/Middlewares/Third_Party/FreeRTOS/Source/CMSIS_RTOS/cmsis_os.o
                0x0800065c                osPoolAlloc
 .text.osPoolFree
                0x080006c4       0x50 ./system/Middlewares/Third_Party/FreeRTOS/Source/CMSIS_RTOS/cmsis_os.o
                0x080006c4                osPoolFree
 .text.osMessageCreate
                0x08000714       0x10 ./system/Middlewares/Third_Party/FreeRTOS/Source/CMSIS_RTOS/cmsis_os.o
                0x08000714                osMessageCreate
 .text.osMessagePut
                0x08000724       0x64 ./system/Middlewares/Third_Party/FreeRTOS/Source/CMSIS_RTOS/cmsis_os.o
                0x08000724                osMessagePut
 .text.osMessageGet
                0x08000788       0x98 ./system/Middlewares/Third_Party/FreeRTOS/Source/CMSIS_RTOS/cmsis_os.o
                0x08000788                osMessageGet
 .text.osSystickHandler
                0x08000820       0x10 ./system/Middlewares/Third_Party/FreeRTOS/Source/CMSIS_RTOS/cmsis_os.o
                0x08000820                osSystickHandler
 .text.vListInitialise
                0x08000830       0x18 ./system/Middlewares/Third_Party/FreeRTOS/Source/list.o
                0x08000830                vListInitialise
 .text.vListInitialiseItem
                0x08000848        0x8 ./system/Middlewares/Third_Party/FreeRTOS/Source/list.o
                0x08000848                vListInitialiseItem
 .text.vListInsertEnd
                0x08000850       0x18 ./system/Middlewares/Third_Party/FreeRTOS/Source/list.o
                0x08000850                vListInsertEnd
 .text.vListInsert
                0x08000868       0x30 ./system/Middlewares/Third_Party/FreeRTOS/Source/list.o
                0x08000868                vListInsert
 .text.uxListRemove
                0x08000898       0x24 ./system/Middlewares/Third_Party/FreeRTOS/Source/list.o
                0x08000898                uxListRemove
 .text.prvIsQueueFull
                0x080008bc       0x20 ./system/Middlewares/Third_Party/FreeRTOS/Source/queue.o
 .text.prvIsQueueEmpty
                0x080008dc       0x1c ./system/Middlewares/Third_Party/FreeRTOS/Source/queue.o
 .text.prvCopyDataToQueue
                0x080008f8       0x88 ./system/Middlewares/Third_Party/FreeRTOS/Source/queue.o
 .text.prvCopyDataFromQueue
                0x08000980       0x24 ./system/Middlewares/Third_Party/FreeRTOS/Source/queue.o
 .text.prvUnlockQueue
                0x080009a4       0x6c ./system/Middlewares/Third_Party/FreeRTOS/Source/queue.o
 .text.xQueueGenericReset
                0x08000a10       0x6c ./system/Middlewares/Third_Party/FreeRTOS/Source/queue.o
                0x08000a10                xQueueGenericReset
 .text.xQueueGenericCreate
                0x08000a7c       0x50 ./system/Middlewares/Third_Party/FreeRTOS/Source/queue.o
                0x08000a7c                xQueueGenericCreate
 .text.xQueueGenericSend
                0x08000acc      0x13c ./system/Middlewares/Third_Party/FreeRTOS/Source/queue.o
                0x08000acc                xQueueGenericSend
 .text.xQueueGenericSendFromISR
                0x08000c08       0xb0 ./system/Middlewares/Third_Party/FreeRTOS/Source/queue.o
                0x08000c08                xQueueGenericSendFromISR
 .text.xQueueGenericReceive
                0x08000cb8      0x158 ./system/Middlewares/Third_Party/FreeRTOS/Source/queue.o
                0x08000cb8                xQueueGenericReceive
 .text.xQueueReceiveFromISR
                0x08000e10       0x8c ./system/Middlewares/Third_Party/FreeRTOS/Source/queue.o
                0x08000e10                xQueueReceiveFromISR
 .text.prvResetNextTaskUnblockTime
                0x08000e9c       0x38 ./system/Middlewares/Third_Party/FreeRTOS/Source/tasks.o
 .text.prvAllocateTCBAndStack
                0x08000ed4       0x34 ./system/Middlewares/Third_Party/FreeRTOS/Source/tasks.o
 .text.prvDeleteTCB
                0x08000f08       0x14 ./system/Middlewares/Third_Party/FreeRTOS/Source/tasks.o
 .text.prvInitialiseTCBVariables
                0x08000f1c       0x54 ./system/Middlewares/Third_Party/FreeRTOS/Source/tasks.o
 .text.prvInitialiseTaskLists
                0x08000f70       0x64 ./system/Middlewares/Third_Party/FreeRTOS/Source/tasks.o
 .text.prvAddCurrentTaskToDelayedList
                0x08000fd4       0x54 ./system/Middlewares/Third_Party/FreeRTOS/Source/tasks.o
 .text.xTaskGenericCreate
                0x08001028      0x104 ./system/Middlewares/Third_Party/FreeRTOS/Source/tasks.o
                0x08001028                xTaskGenericCreate
 .text.vTaskStartScheduler
                0x0800112c       0x4c ./system/Middlewares/Third_Party/FreeRTOS/Source/tasks.o
                0x0800112c                vTaskStartScheduler
 .text.vTaskSuspendAll
                0x08001178       0x10 ./system/Middlewares/Third_Party/FreeRTOS/Source/tasks.o
                0x08001178                vTaskSuspendAll
 .text.xTaskIncrementTick
                0x08001188      0x124 ./system/Middlewares/Third_Party/FreeRTOS/Source/tasks.o
                0x08001188                xTaskIncrementTick
 .text.xTaskResumeAll
                0x080012ac       0xe0 ./system/Middlewares/Third_Party/FreeRTOS/Source/tasks.o
                0x080012ac                xTaskResumeAll
 .text.vTaskDelay
                0x0800138c       0x4c ./system/Middlewares/Third_Party/FreeRTOS/Source/tasks.o
                0x0800138c                vTaskDelay
 .text.prvCheckTasksWaitingTermination
                0x080013d8       0x54 ./system/Middlewares/Third_Party/FreeRTOS/Source/tasks.o
 .text.prvIdleTask
                0x0800142c       0x18 ./system/Middlewares/Third_Party/FreeRTOS/Source/tasks.o
 .text.vTaskSwitchContext
                0x08001444       0x94 ./system/Middlewares/Third_Party/FreeRTOS/Source/tasks.o
                0x08001444                vTaskSwitchContext
 .text.vTaskPlaceOnEventList
                0x080014d8       0x48 ./system/Middlewares/Third_Party/FreeRTOS/Source/tasks.o
                0x080014d8                vTaskPlaceOnEventList
 .text.xTaskRemoveFromEventList
                0x08001520       0x84 ./system/Middlewares/Third_Party/FreeRTOS/Source/tasks.o
                0x08001520                xTaskRemoveFromEventList
 .text.vTaskSetTimeOutState
                0x080015a4       0x20 ./system/Middlewares/Third_Party/FreeRTOS/Source/tasks.o
                0x080015a4                vTaskSetTimeOutState
 .text.xTaskCheckForTimeOut
                0x080015c4       0x68 ./system/Middlewares/Third_Party/FreeRTOS/Source/tasks.o
                0x080015c4                xTaskCheckForTimeOut
 .text.vTaskMissedYield
                0x0800162c        0xc ./system/Middlewares/Third_Party/FreeRTOS/Source/tasks.o
                0x0800162c                vTaskMissedYield
 .text.xTaskGetSchedulerState
                0x08001638       0x24 ./system/Middlewares/Third_Party/FreeRTOS/Source/tasks.o
                0x08001638                xTaskGetSchedulerState
 .text.vTaskPriorityInherit
                0x0800165c       0x88 ./system/Middlewares/Third_Party/FreeRTOS/Source/tasks.o
                0x0800165c                vTaskPriorityInherit
 .text.xTaskPriorityDisinherit
                0x080016e4       0x78 ./system/Middlewares/Third_Party/FreeRTOS/Source/tasks.o
                0x080016e4                xTaskPriorityDisinherit
 .text.pvTaskIncrementMutexHeldCount
                0x0800175c       0x1c ./system/Middlewares/Third_Party/FreeRTOS/Source/tasks.o
                0x0800175c                pvTaskIncrementMutexHeldCount
 .text.HAL_InitTick
                0x08001778       0x24 ./system/Drivers/STM32F0xx_HAL_Driver/Src/stm32f0xx_hal.o
                0x08001778                HAL_InitTick
 .text.HAL_Init
                0x0800179c       0x20 ./system/Drivers/STM32F0xx_HAL_Driver/Src/stm32f0xx_hal.o
                0x0800179c                HAL_Init
 .text.HAL_IncTick
                0x080017bc       0x10 ./system/Drivers/STM32F0xx_HAL_Driver/Src/stm32f0xx_hal.o
                0x080017bc                HAL_IncTick
 .text.HAL_GetTick
                0x080017cc        0xc ./system/Drivers/STM32F0xx_HAL_Driver/Src/stm32f0xx_hal.o
                0x080017cc                HAL_GetTick
 .text.HAL_NVIC_SetPriority
                0x080017d8       0x78 ./system/Drivers/STM32F0xx_HAL_Driver/Src/stm32f0xx_hal_cortex.o
                0x080017d8                HAL_NVIC_SetPriority
 .text.HAL_NVIC_EnableIRQ
                0x08001850       0x14 ./system/Drivers/STM32F0xx_HAL_Driver/Src/stm32f0xx_hal_cortex.o
                0x08001850                HAL_NVIC_EnableIRQ
 .text.HAL_SYSTICK_Config
                0x08001864       0x38 ./system/Drivers/STM32F0xx_HAL_Driver/Src/stm32f0xx_hal_cortex.o
                0x08001864                HAL_SYSTICK_Config
 .text.HAL_SYSTICK_CLKSourceConfig
                0x0800189c       0x3c ./system/Drivers/STM32F0xx_HAL_Driver/Src/stm32f0xx_hal_cortex.o
                0x0800189c                HAL_SYSTICK_CLKSourceConfig
 .text.HAL_DMA_Init
                0x080018d8      0x13c ./system/Drivers/STM32F0xx_HAL_Driver/Src/stm32f0xx_hal_dma.o
                0x080018d8                HAL_DMA_Init
 .text.HAL_DMA_IRQHandler
                0x08001a14      0x1e8 ./system/Drivers/STM32F0xx_HAL_Driver/Src/stm32f0xx_hal_dma.o
                0x08001a14                HAL_DMA_IRQHandler
 .text.HAL_GPIO_Init
                0x08001bfc      0x268 ./system/Drivers/STM32F0xx_HAL_Driver/Src/stm32f0xx_hal_gpio.o
                0x08001bfc                HAL_GPIO_Init
 .text.HAL_GPIO_WritePin
                0x08001e64       0x38 ./system/Drivers/STM32F0xx_HAL_Driver/Src/stm32f0xx_hal_gpio.o
                0x08001e64                HAL_GPIO_WritePin
 .text.HAL_RCC_GetHCLKFreq
                0x08001e9c       0x28 ./system/Drivers/STM32F0xx_HAL_Driver/Src/stm32f0xx_hal_rcc.o
                0x08001e9c                HAL_RCC_GetHCLKFreq
 .text.HAL_RCC_GetPCLK1Freq
                0x08001ec4       0x20 ./system/Drivers/STM32F0xx_HAL_Driver/Src/stm32f0xx_hal_rcc.o
                0x08001ec4                HAL_RCC_GetPCLK1Freq
 .text.HAL_RCC_OscConfig
                0x08001ee4      0x560 ./system/Drivers/STM32F0xx_HAL_Driver/Src/stm32f0xx_hal_rcc_ex.o
                0x08001ee4                HAL_RCC_OscConfig
 .text.HAL_RCC_ClockConfig
                0x08002444      0x2e4 ./system/Drivers/STM32F0xx_HAL_Driver/Src/stm32f0xx_hal_rcc_ex.o
                0x08002444                HAL_RCC_ClockConfig
 .text.HAL_RCC_GetSysClockFreq
                0x08002728       0x50 ./system/Drivers/STM32F0xx_HAL_Driver/Src/stm32f0xx_hal_rcc_ex.o
                0x08002728                HAL_RCC_GetSysClockFreq
 .text.HAL_RCCEx_PeriphCLKConfig
                0x08002778      0x158 ./system/Drivers/STM32F0xx_HAL_Driver/Src/stm32f0xx_hal_rcc_ex.o
                0x08002778                HAL_RCCEx_PeriphCLKConfig
 .text.UART_Transmit_IT
                0x080028d0       0x70 ./system/Drivers/STM32F0xx_HAL_Driver/Src/stm32f0xx_hal_uart.o
                0x080028d0                UART_Transmit_IT
 .text.UART_WaitOnFlagUntilTimeout
                0x08002940       0xd4 ./system/Drivers/STM32F0xx_HAL_Driver/Src/stm32f0xx_hal_uart.o
                0x08002940                UART_WaitOnFlagUntilTimeout
 .text.UART_CheckIdleState
                0x08002a14       0x58 ./system/Drivers/STM32F0xx_HAL_Driver/Src/stm32f0xx_hal_uart.o
                0x08002a14                UART_CheckIdleState
 .text.UART_SetConfig
                0x08002a6c      0x258 ./system/Drivers/STM32F0xx_HAL_Driver/Src/stm32f0xx_hal_uart.o
                0x08002a6c                UART_SetConfig
 .text.UART_AdvFeatureConfig
                0x08002cc4      0x1f8 ./system/Drivers/STM32F0xx_HAL_Driver/Src/stm32f0xx_hal_uart.o
                0x08002cc4                UART_AdvFeatureConfig
 .text.HAL_UART_Init
                0x08002ebc       0xb0 ./system/Drivers/STM32F0xx_HAL_Driver/Src/stm32f0xx_hal_uart.o
                0x08002ebc                HAL_UART_Init
 .text.HAL_UART_WakeupCallback
                0x08002f6c        0x4 ./system/Drivers/STM32F0xx_HAL_Driver/Src/stm32f0xx_hal_uart_ex.o
                0x08002f6c                HAL_UART_WakeupCallback
 .text.Default_Handler
                0x08002f70        0x4 ./system/Drivers/CMSIS/Device/ST/STM32F0xx/Source/Templates/startup_stm32f0xx.o
                0x08002f70                TIM1_CC_IRQHandler
                0x08002f70                HardFault_Handler
                0x08002f70                ADC1_COMP_IRQHandler
                0x08002f70                PVD_IRQHandler
                0x08002f70                NMI_Handler
                0x08002f70                I2C1_IRQHandler
                0x08002f70                SPI1_IRQHandler
                0x08002f70                TIM6_DAC_IRQHandler
                0x08002f70                USART3_4_IRQHandler
                0x08002f70                EXTI2_3_IRQHandler
                0x08002f70                I2C2_IRQHandler
                0x08002f70                TIM17_IRQHandler
                0x08002f70                RTC_IRQHandler
                0x08002f70                TIM16_IRQHandler
                0x08002f70                TIM3_IRQHandler
                0x08002f70                EXTI4_15_IRQHandler
                0x08002f70                RCC_IRQHandler
                0x08002f70                DMA1_Channel1_IRQHandler
                0x08002f70                Default_Handler
                0x08002f70                CEC_IRQHandler
                0x08002f70                TIM14_IRQHandler
                0x08002f70                TIM7_IRQHandler
                0x08002f70                TIM15_IRQHandler
                0x08002f70                EXTI0_1_IRQHandler
                0x08002f70                USB_IRQHandler
                0x08002f70                SPI2_IRQHandler
                0x08002f70                TS_IRQHandler
                0x08002f70                WWDG_IRQHandler
                0x08002f70                TIM2_IRQHandler
                0x08002f70                FLASH_IRQHandler
                0x08002f70                TIM1_BRK_UP_TRG_COM_IRQHandler
 .text.Reset_Handler
                0x08002f74       0x40 ./system/Drivers/CMSIS/Device/ST/STM32F0xx/Source/Templates/startup_stm32f0xx.o
                0x08002f74                Reset_Handler
 .text.SystemInit
                0x08002fb4       0x60 ./system/Drivers/CMSIS/Device/ST/STM32F0xx/Source/Templates/system_stm32f0xx.o
                0x08002fb4                SystemInit
 .text.fetchString
                0x08003014       0x3c ./src/USARTInTask_task.o
 .text.interpretUSBString
                0x08003050      0x110 ./src/USARTInTask_task.o
 .text.interpretWifiString
                0x08003160       0xec ./src/USARTInTask_task.o
 .text.StartUSARTInTask
                0x0800324c       0x28 ./src/USARTInTask_task.o
                0x0800324c                StartUSARTInTask
 .text.interpretCommand
                0x08003274       0xfc ./src/USARTOutTask_task.o
 .text.StartUSARTOutTask
                0x08003370       0x2c ./src/USARTOutTask_task.o
                0x08003370                StartUSARTOutTask
 .text.proc_wifiATTest
                0x0800339c       0xa8 ./src/bossTask_task.o
 .text.proc_wifiInit
                0x08003444       0xfc ./src/bossTask_task.o
 .text.proc_wifiConnectAP
                0x08003540       0xb0 ./src/bossTask_task.o
 .text.interpretCommand
                0x080035f0       0xd8 ./src/bossTask_task.o
 .text.StartBossTask
                0x080036c8       0x44 ./src/bossTask_task.o
                0x080036c8                StartBossTask
 .text.sendCommand
                0x0800370c       0x44 ./src/genericMessaging_lib.o
                0x0800370c                sendCommand
 .text.fetchMessage
                0x08003750       0x3c ./src/genericMessaging_lib.o
                0x08003750                fetchMessage
 .text.decodeCommand
                0x0800378c       0x10 ./src/genericMessaging_lib.o
                0x0800378c                decodeCommand
 .text.inHandlerMode
                0x0800379c        0xc ./src/hal_lib.o
 .text.cHAL_UART_Transmit_IT
                0x080037a8       0x78 ./src/hal_lib.o
                0x080037a8                cHAL_UART_Transmit_IT
 .text.SystemClock_Config
                0x08003820       0x58 ./src/hal_lib.o
                0x08003820                SystemClock_Config
 .text.MX_USART1_UART_Init
                0x08003878       0x30 ./src/hal_lib.o
                0x08003878                MX_USART1_UART_Init
 .text.MX_USART2_UART_Init
                0x080038a8       0x30 ./src/hal_lib.o
                0x080038a8                MX_USART2_UART_Init
 .text.MX_DMA_Init
                0x080038d8       0x34 ./src/hal_lib.o
                0x080038d8                MX_DMA_Init
 .text.MX_GPIO_Init
                0x0800390c       0x58 ./src/hal_lib.o
                0x0800390c                MX_GPIO_Init
 .text.cHAL_UART_TermReceive_IT
                0x08003964       0xb0 ./src/hal_lib.o
                0x08003964                cHAL_UART_TermReceive_IT
 .text.cHAL_USART_sTransmit_IT
                0x08003a14       0x34 ./src/hal_lib.o
                0x08003a14                cHAL_USART_sTransmit_IT
 .text.HAL_UART_RxCpltCallback
                0x08003a48       0x58 ./src/hal_lib.o
                0x08003a48                HAL_UART_RxCpltCallback
 .text.cUART_TermReceive_IT
                0x08003aa0       0x9c ./src/hal_lib.o
                0x08003aa0                cUART_TermReceive_IT
 .text.HAL_UART_TxCpltCallback
                0x08003b3c       0x18 ./src/hal_lib.o
                0x08003b3c                HAL_UART_TxCpltCallback
 .text.UART_EndTransmit_IT
                0x08003b54       0x34 ./src/hal_lib.o
 .text.HAL_UART_ErrorCallback
                0x08003b88       0x14 ./src/hal_lib.o
                0x08003b88                HAL_UART_ErrorCallback
 .text.cHAL_UART_IRQTermHandler
                0x08003b9c       0xf4 ./src/hal_lib.o
                0x08003b9c                cHAL_UART_IRQTermHandler
 .text.main     0x08003c90       0xf0 ./src/main.o
                0x08003c90                main
 .text.HAL_MspInit
                0x08003d80       0x20 ./src/stm32f0xx_hal_msp.o
                0x08003d80                HAL_MspInit
 .text.HAL_UART_MspInit
                0x08003da0       0xfc ./src/stm32f0xx_hal_msp.o
                0x08003da0                HAL_UART_MspInit
 .text.SysTick_Handler
                0x08003e9c        0xc ./src/stm32f0xx_it.o
                0x08003e9c                SysTick_Handler
 .text.DMA1_Channel2_3_IRQHandler
                0x08003ea8       0x10 ./src/stm32f0xx_it.o
                0x08003ea8                DMA1_Channel2_3_IRQHandler
 .text.DMA1_Channel4_5_IRQHandler
                0x08003eb8       0x10 ./src/stm32f0xx_it.o
                0x08003eb8                DMA1_Channel4_5_IRQHandler
 .text.USART1_IRQHandler
                0x08003ec8       0x10 ./src/stm32f0xx_it.o
                0x08003ec8                USART1_IRQHandler
 .text.USART2_IRQHandler
                0x08003ed8       0x10 ./src/stm32f0xx_it.o
                0x08003ed8                USART2_IRQHandler
 .text          0x08003ee8      0x120 c:/program files (x86)/gnu tools arm embedded/4.9 2015q1/bin/../lib/gcc/arm-none-eabi/4.9.3/armv6-m\libgcc.a(_udivsi3.o)
                0x08003ee8                __aeabi_uidiv
                0x08003ee8                __udivsi3
                0x08003ff4                __aeabi_uidivmod
 .text          0x08004008        0x4 c:/program files (x86)/gnu tools arm embedded/4.9 2015q1/bin/../lib/gcc/arm-none-eabi/4.9.3/armv6-m\libgcc.a(_dvmd_tls.o)
                0x08004008                __aeabi_idiv0
                0x08004008                __aeabi_ldiv0
 .text.__errno  0x0800400c        0xc c:/program files (x86)/gnu tools arm embedded/4.9 2015q1/bin/../lib/gcc/arm-none-eabi/4.9.3/../../../../arm-none-eabi/lib/armv6-m\libg_nano.a(lib_a-errno.o)
                0x0800400c                __errno
 .text.exit     0x08004018       0x2c c:/program files (x86)/gnu tools arm embedded/4.9 2015q1/bin/../lib/gcc/arm-none-eabi/4.9.3/../../../../arm-none-eabi/lib/armv6-m\libg_nano.a(lib_a-exit.o)
                0x08004018                exit
 .text.__libc_init_array
                0x08004044       0x4c c:/program files (x86)/gnu tools arm embedded/4.9 2015q1/bin/../lib/gcc/arm-none-eabi/4.9.3/../../../../arm-none-eabi/lib/armv6-m\libg_nano.a(lib_a-init.o)
                0x08004044                __libc_init_array
 .text.memcpy   0x08004090       0x12 c:/program files (x86)/gnu tools arm embedded/4.9 2015q1/bin/../lib/gcc/arm-none-eabi/4.9.3/../../../../arm-none-eabi/lib/armv6-m\libg_nano.a(lib_a-memcpy.o)
                0x08004090                memcpy
 .text.memset   0x080040a2       0x10 c:/program files (x86)/gnu tools arm embedded/4.9 2015q1/bin/../lib/gcc/arm-none-eabi/4.9.3/../../../../arm-none-eabi/lib/armv6-m\libg_nano.a(lib_a-memset.o)
                0x080040a2                memset
 *fill*         0x080040b2        0x2 
 .text.sprintf  0x080040b4       0x44 c:/program files (x86)/gnu tools arm embedded/4.9 2015q1/bin/../lib/gcc/arm-none-eabi/4.9.3/../../../../arm-none-eabi/lib/armv6-m\libg_nano.a(lib_a-sprintf.o)
                0x080040b4                siprintf
                0x080040b4                sprintf
 .text.strlen   0x080040f8        0xe c:/program files (x86)/gnu tools arm embedded/4.9 2015q1/bin/../lib/gcc/arm-none-eabi/4.9.3/../../../../arm-none-eabi/lib/armv6-m\libg_nano.a(lib_a-strlen.o)
                0x080040f8                strlen
 .text.strncmp  0x08004106       0x28 c:/program files (x86)/gnu tools arm embedded/4.9 2015q1/bin/../lib/gcc/arm-none-eabi/4.9.3/../../../../arm-none-eabi/lib/armv6-m\libg_nano.a(lib_a-strncmp.o)
                0x08004106                strncmp
 *fill*         0x0800412e        0x2 
 .text.__ssputs_r
                0x08004130       0xc0 c:/program files (x86)/gnu tools arm embedded/4.9 2015q1/bin/../lib/gcc/arm-none-eabi/4.9.3/../../../../arm-none-eabi/lib/armv6-m\libg_nano.a(lib_a-nano-svfprintf.o)
                0x08004130                __ssputs_r
 .text._svfprintf_r
                0x080041f0      0x1ec c:/program files (x86)/gnu tools arm embedded/4.9 2015q1/bin/../lib/gcc/arm-none-eabi/4.9.3/../../../../arm-none-eabi/lib/armv6-m\libg_nano.a(lib_a-nano-svfprintf.o)
                0x080041f0                _svfiprintf_r
                0x080041f0                _svfprintf_r
 .text._printf_common
                0x080043dc       0xdc c:/program files (x86)/gnu tools arm embedded/4.9 2015q1/bin/../lib/gcc/arm-none-eabi/4.9.3/../../../../arm-none-eabi/lib/armv6-m\libg_nano.a(lib_a-nano-vfprintf_i.o)
                0x080043dc                _printf_common
 .text._printf_i
                0x080044b8      0x230 c:/program files (x86)/gnu tools arm embedded/4.9 2015q1/bin/../lib/gcc/arm-none-eabi/4.9.3/../../../../arm-none-eabi/lib/armv6-m\libg_nano.a(lib_a-nano-vfprintf_i.o)
                0x080044b8                _printf_i
 .text.memchr   0x080046e8       0x16 c:/program files (x86)/gnu tools arm embedded/4.9 2015q1/bin/../lib/gcc/arm-none-eabi/4.9.3/../../../../arm-none-eabi/lib/armv6-m\libg_nano.a(lib_a-memchr.o)
                0x080046e8                memchr
 .text.memmove  0x080046fe       0x28 c:/program files (x86)/gnu tools arm embedded/4.9 2015q1/bin/../lib/gcc/arm-none-eabi/4.9.3/../../../../arm-none-eabi/lib/armv6-m\libg_nano.a(lib_a-memmove.o)
                0x080046fe                memmove
 *fill*         0x08004726        0x2 
 .text._free_r  0x08004728       0x8c c:/program files (x86)/gnu tools arm embedded/4.9 2015q1/bin/../lib/gcc/arm-none-eabi/4.9.3/../../../../arm-none-eabi/lib/armv6-m\libg_nano.a(lib_a-nano-freer.o)
                0x08004728                _free_r
 .text._malloc_r
                0x080047b4       0xb0 c:/program files (x86)/gnu tools arm embedded/4.9 2015q1/bin/../lib/gcc/arm-none-eabi/4.9.3/../../../../arm-none-eabi/lib/armv6-m\libg_nano.a(lib_a-nano-mallocr.o)
                0x080047b4                _malloc_r
 .text._realloc_r
                0x08004864       0x4c c:/program files (x86)/gnu tools arm embedded/4.9 2015q1/bin/../lib/gcc/arm-none-eabi/4.9.3/../../../../arm-none-eabi/lib/armv6-m\libg_nano.a(lib_a-nano-reallocr.o)
                0x08004864                _realloc_r
 .text._sbrk_r  0x080048b0       0x24 c:/program files (x86)/gnu tools arm embedded/4.9 2015q1/bin/../lib/gcc/arm-none-eabi/4.9.3/../../../../arm-none-eabi/lib/armv6-m\libg_nano.a(lib_a-sbrkr.o)
                0x080048b0                _sbrk_r
 .text._malloc_usable_size_r
                0x080048d4       0x16 c:/program files (x86)/gnu tools arm embedded/4.9 2015q1/bin/../lib/gcc/arm-none-eabi/4.9.3/../../../../arm-none-eabi/lib/armv6-m\libg_nano.a(lib_a-nano-msizer.o)
                0x080048d4                _malloc_usable_size_r
 *(.rodata .rodata.*)
 *fill*         0x080048ea        0x2 
 .rodata.str1.4
                0x080048ec        0x5 ./system/Middlewares/Third_Party/FreeRTOS/Source/tasks.o
                                  0x8 (size before relaxing)
 *fill*         0x080048f1        0x3 
 .rodata.str1.4
                0x080048f4       0x42 ./system/Drivers/STM32F0xx_HAL_Driver/Src/stm32f0xx_hal_cortex.o
                                 0x44 (size before relaxing)
 *fill*         0x08004936        0x2 
 .rodata.str1.4
                0x08004938       0x3f ./system/Drivers/STM32F0xx_HAL_Driver/Src/stm32f0xx_hal_dma.o
                                 0x40 (size before relaxing)
 *fill*         0x08004977        0x1 
 .rodata.str1.4
                0x08004978       0x40 ./system/Drivers/STM32F0xx_HAL_Driver/Src/stm32f0xx_hal_gpio.o
 .rodata.APBAHBPrescTable
                0x080049b8       0x10 ./system/Drivers/STM32F0xx_HAL_Driver/Src/stm32f0xx_hal_rcc.o
                0x080049b8                APBAHBPrescTable
 .rodata.PredivFactorTable
                0x080049c8       0x10 ./system/Drivers/STM32F0xx_HAL_Driver/Src/stm32f0xx_hal_rcc_ex.o
                0x080049c8                PredivFactorTable
 .rodata.str1.4
                0x080049d8       0x42 ./system/Drivers/STM32F0xx_HAL_Driver/Src/stm32f0xx_hal_rcc_ex.o
                                 0x44 (size before relaxing)
 *fill*         0x08004a1a        0x2 
 .rodata.PLLMULFactorTable
                0x08004a1c       0x10 ./system/Drivers/STM32F0xx_HAL_Driver/Src/stm32f0xx_hal_rcc_ex.o
                0x08004a1c                PLLMULFactorTable
 .rodata.str1.4
                0x08004a2c       0x40 ./system/Drivers/STM32F0xx_HAL_Driver/Src/stm32f0xx_hal_uart.o
 .rodata.interpretCommand
                0x08004a6c       0x14 ./src/USARTOutTask_task.o
 .rodata.str1.4
                0x08004a80       0x28 ./src/USARTOutTask_task.o
 .rodata.proc_wifiInit
                0x08004aa8       0x14 ./src/bossTask_task.o
 .rodata        0x08004abc       0x3c ./src/main.o
 .rodata.os_pool_def_strBufMPool
                0x08004af8        0xc ./src/main.o
                0x08004af8                os_pool_def_strBufMPool
 .rodata.os_messageQ_def_msgQUSARTOut
                0x08004b04        0x8 ./src/main.o
                0x08004b04                os_messageQ_def_msgQUSARTOut
 .rodata.os_messageQ_def_msgQBoss
                0x08004b0c        0x8 ./src/main.o
                0x08004b0c                os_messageQ_def_msgQBoss
 .rodata.os_messageQ_def_msgQUSARTIn
                0x08004b14        0x8 ./src/main.o
                0x08004b14                os_messageQ_def_msgQUSARTIn
 .rodata.os_pool_def_genericMPool
                0x08004b1c        0xc ./src/main.o
                0x08004b1c                os_pool_def_genericMPool
 .rodata.str1.4
                0x08004b28       0x28 ./src/main.o
 .rodata.rxString_OK
                0x08004b50        0x8 ./src/strings_res.o
                0x08004b50                rxString_OK
 .rodata.rxString_noChange
                0x08004b58        0xc ./src/strings_res.o
                0x08004b58                rxString_noChange
 .rodata.rxString_ATCommandTest
                0x08004b64        0xc ./src/strings_res.o
                0x08004b64                rxString_ATCommandTest
 .rodata.txString_wifiInitialised
                0x08004b70       0x14 ./src/strings_res.o
                0x08004b70                txString_wifiInitialised
 .rodata.rxString_wifiConnectAp
                0x08004b84       0x10 ./src/strings_res.o
                0x08004b84                rxString_wifiConnectAp
 .rodata.txString_OKReceived
                0x08004b94       0x10 ./src/strings_res.o
                0x08004b94                txString_OKReceived
 .rodata.rxString_error
                0x08004ba4        0x8 ./src/strings_res.o
                0x08004ba4                rxString_error
 .rodata.txString_ATCommandTest
                0x08004bac        0x8 ./src/strings_res.o
                0x08004bac                txString_ATCommandTest
 .rodata.txString_ATE0
                0x08004bb4        0x8 ./src/strings_res.o
                0x08004bb4                txString_ATE0
 .rodata.txString_commStateManual
                0x08004bbc        0xc ./src/strings_res.o
                0x08004bbc                txString_commStateManual
 .rodata.rxString_noSuchFunction
                0x08004bc8       0x10 ./src/strings_res.o
                0x08004bc8                rxString_noSuchFunction
 .rodata.rxString_commStateManual
                0x08004bd8        0xc ./src/strings_res.o
                0x08004bd8                rxString_commStateManual
 .rodata.rxString_fail
                0x08004be4        0x8 ./src/strings_res.o
                0x08004be4                rxString_fail
 .rodata.txString_commStateAuto
                0x08004bec        0xc ./src/strings_res.o
                0x08004bec                txString_commStateAuto
 .rodata.txString_stationMode3
                0x08004bf8       0x10 ./src/strings_res.o
                0x08004bf8                txString_stationMode3
 .rodata.txString_multiConnect1
                0x08004c08       0x10 ./src/strings_res.o
                0x08004c08                txString_multiConnect1
 .rodata.txString_connectAPCommand
                0x08004c18        0xc ./src/strings_res.o
                0x08004c18                txString_connectAPCommand
 .rodata.rxString_commStateAuto
                0x08004c24        0x8 ./src/strings_res.o
                0x08004c24                rxString_commStateAuto
 .rodata.txString_ATCommandTestError
                0x08004c2c       0x10 ./src/strings_res.o
                0x08004c2c                txString_ATCommandTestError
 .rodata.txString_wifiConnected
                0x08004c3c       0x14 ./src/strings_res.o
                0x08004c3c                txString_wifiConnected
 .rodata.rxString_wifiInit
                0x08004c50        0xc ./src/strings_res.o
                0x08004c50                rxString_wifiInit
 .rodata.txString_wifiInitError
                0x08004c5c       0x14 ./src/strings_res.o
                0x08004c5c                txString_wifiInitError
 .rodata.str1.1
                0x08004c70        0x2 c:/program files (x86)/gnu tools arm embedded/4.9 2015q1/bin/../lib/gcc/arm-none-eabi/4.9.3/../../../../arm-none-eabi/lib/armv6-m\libg_nano.a(lib_a-impure.o)
 *fill*         0x08004c72        0x2 
 .rodata._global_impure_ptr
                0x08004c74        0x4 c:/program files (x86)/gnu tools arm embedded/4.9 2015q1/bin/../lib/gcc/arm-none-eabi/4.9.3/../../../../arm-none-eabi/lib/armv6-m\libg_nano.a(lib_a-impure.o)
                0x08004c74                _global_impure_ptr
 .rodata.str1.1
                0x08004c78       0x11 c:/program files (x86)/gnu tools arm embedded/4.9 2015q1/bin/../lib/gcc/arm-none-eabi/4.9.3/../../../../arm-none-eabi/lib/armv6-m\libg_nano.a(lib_a-nano-svfprintf.o)
 .rodata.str1.1
                0x08004c89       0x22 c:/program files (x86)/gnu tools arm embedded/4.9 2015q1/bin/../lib/gcc/arm-none-eabi/4.9.3/../../../../arm-none-eabi/lib/armv6-m\libg_nano.a(lib_a-nano-vfprintf_i.o)
 *(vtable)
 *(.eh_frame*)
 *fill*         0x08004cab        0x1 
 .eh_frame      0x08004cac        0x0 c:/program files (x86)/gnu tools arm embedded/4.9 2015q1/bin/../lib/gcc/arm-none-eabi/4.9.3/armv6-m/crtbegin.o
 .eh_frame      0x08004cac        0x4 c:/program files (x86)/gnu tools arm embedded/4.9 2015q1/bin/../lib/gcc/arm-none-eabi/4.9.3/armv6-m/crtend.o
 *(.glue_7)
 .glue_7        0x00000000        0x0 linker stubs
 *(.glue_7t)
 .glue_7t       0x00000000        0x0 linker stubs

.vfp11_veneer   0x08004cb0        0x0
 .vfp11_veneer  0x00000000        0x0 linker stubs

.v4_bx          0x08004cb0        0x0
 .v4_bx         0x00000000        0x0 linker stubs

.iplt           0x08004cb0        0x0
 .iplt          0x00000000        0x0 c:/program files (x86)/gnu tools arm embedded/4.9 2015q1/bin/../lib/gcc/arm-none-eabi/4.9.3/armv6-m/crtbegin.o

.ARM.extab
 *(.ARM.extab* .gnu.linkonce.armextab.*)
                0x08004cb0                __exidx_start = .

.ARM.exidx      0x08004cb0        0x8
 *(.ARM.exidx* .gnu.linkonce.armexidx.*)
 .ARM.exidx     0x08004cb0        0x8 c:/program files (x86)/gnu tools arm embedded/4.9 2015q1/bin/../lib/gcc/arm-none-eabi/4.9.3/../../../../arm-none-eabi/lib/armv6-m/crt0.o
                0x08004cb8                __exidx_end = .

.rel.dyn        0x08004cb8        0x0
 .rel.iplt      0x00000000        0x0 c:/program files (x86)/gnu tools arm embedded/4.9 2015q1/bin/../lib/gcc/arm-none-eabi/4.9.3/armv6-m/crtbegin.o
                0x08004cb8                . = ALIGN (0x4)
                0x08004cb8                _etext = .
                0x08004cb8                __etext = .
                0x08004cb8                _sidata = _etext

.data           0x20000000       0x70 load address 0x08004cb8
                0x20000000                . = ALIGN (0x4)
                0x20000000                _sdata = .
                0x20000000                __data_start__ = .
 *(.data_begin .data_begin.*)
 *(.data .data.*)
 .data.uxCriticalNesting
                0x20000000        0x4 ./system/Middlewares/Third_Party/FreeRTOS/Source/portable/GCC/ARM_CM0/port.o
 .data.xNextTaskUnblockTime
                0x20000004        0x4 ./system/Middlewares/Third_Party/FreeRTOS/Source/tasks.o
 .data.SystemCoreClock
                0x20000008        0x4 ./system/Drivers/CMSIS/Device/ST/STM32F0xx/Source/Templates/system_stm32f0xx.o
                0x20000008                SystemCoreClock
 .data.impure_data
                0x2000000c       0x60 c:/program files (x86)/gnu tools arm embedded/4.9 2015q1/bin/../lib/gcc/arm-none-eabi/4.9.3/../../../../arm-none-eabi/lib/armv6-m\libg_nano.a(lib_a-impure.o)
 .data._impure_ptr
                0x2000006c        0x4 c:/program files (x86)/gnu tools arm embedded/4.9 2015q1/bin/../lib/gcc/arm-none-eabi/4.9.3/../../../../arm-none-eabi/lib/armv6-m\libg_nano.a(lib_a-impure.o)
                0x2000006c                _impure_ptr
 *(.data_end .data_end.*)
                0x20000070                . = ALIGN (0x4)
                0x20000070                _edata = .
                0x20000070                __data_end__ = .

.jcr            0x20000070        0x0 load address 0x08004d28
 .jcr           0x20000070        0x0 c:/program files (x86)/gnu tools arm embedded/4.9 2015q1/bin/../lib/gcc/arm-none-eabi/4.9.3/armv6-m/crtbegin.o

.igot.plt       0x20000070        0x0 load address 0x08004d28
 .igot.plt      0x00000000        0x0 c:/program files (x86)/gnu tools arm embedded/4.9 2015q1/bin/../lib/gcc/arm-none-eabi/4.9.3/armv6-m/crtbegin.o

.bss            0x20000070     0x16f0 load address 0x08004d28
                0x20000070                . = ALIGN (0x4)
                0x20000070                __bss_start__ = .
                0x20000070                _sbss = .
 *(.bss_begin .bss_begin.*)
 *(.bss .bss.*)
 .bss           0x20000070       0x1c c:/program files (x86)/gnu tools arm embedded/4.9 2015q1/bin/../lib/gcc/arm-none-eabi/4.9.3/armv6-m/crtbegin.o
 .bss.current_heap_end.3856
                0x2000008c        0x4 ./system/newlib/_sbrk.o
 .bss.xFreeBytesRemaining
                0x20000090        0x4 ./system/Middlewares/Third_Party/FreeRTOS/Source/portable/MemMang/heap_4.o
 .bss.pxEnd     0x20000094        0x4 ./system/Middlewares/Third_Party/FreeRTOS/Source/portable/MemMang/heap_4.o
 .bss.xStart    0x20000098        0x8 ./system/Middlewares/Third_Party/FreeRTOS/Source/portable/MemMang/heap_4.o
 .bss.ucHeap    0x200000a0     0x1400 ./system/Middlewares/Third_Party/FreeRTOS/Source/portable/MemMang/heap_4.o
 .bss.xBlockAllocatedBit
                0x200014a0        0x4 ./system/Middlewares/Third_Party/FreeRTOS/Source/portable/MemMang/heap_4.o
 .bss.xMinimumEverFreeBytesRemaining
                0x200014a4        0x4 ./system/Middlewares/Third_Party/FreeRTOS/Source/portable/MemMang/heap_4.o
 .bss.pxDelayedTaskList
                0x200014a8        0x4 ./system/Middlewares/Third_Party/FreeRTOS/Source/tasks.o
 .bss.xSchedulerRunning
                0x200014ac        0x4 ./system/Middlewares/Third_Party/FreeRTOS/Source/tasks.o
 .bss.uxTasksDeleted
                0x200014b0        0x4 ./system/Middlewares/Third_Party/FreeRTOS/Source/tasks.o
 .bss.xTasksWaitingTermination
                0x200014b4       0x14 ./system/Middlewares/Third_Party/FreeRTOS/Source/tasks.o
 .bss.xDelayedTaskList2
                0x200014c8       0x14 ./system/Middlewares/Third_Party/FreeRTOS/Source/tasks.o
 .bss.uxPendedTicks
                0x200014dc        0x4 ./system/Middlewares/Third_Party/FreeRTOS/Source/tasks.o
 .bss.pxReadyTasksLists
                0x200014e0       0x8c ./system/Middlewares/Third_Party/FreeRTOS/Source/tasks.o
 .bss.uxSchedulerSuspended
                0x2000156c        0x4 ./system/Middlewares/Third_Party/FreeRTOS/Source/tasks.o
 .bss.uxCurrentNumberOfTasks
                0x20001570        0x4 ./system/Middlewares/Third_Party/FreeRTOS/Source/tasks.o
 .bss.pxCurrentTCB
                0x20001574        0x4 ./system/Middlewares/Third_Party/FreeRTOS/Source/tasks.o
                0x20001574                pxCurrentTCB
 .bss.xPendingReadyList
                0x20001578       0x14 ./system/Middlewares/Third_Party/FreeRTOS/Source/tasks.o
 .bss.xNumOfOverflows
                0x2000158c        0x4 ./system/Middlewares/Third_Party/FreeRTOS/Source/tasks.o
 .bss.xTickCount
                0x20001590        0x4 ./system/Middlewares/Third_Party/FreeRTOS/Source/tasks.o
 .bss.pxOverflowDelayedTaskList
                0x20001594        0x4 ./system/Middlewares/Third_Party/FreeRTOS/Source/tasks.o
 .bss.uxTaskNumber
                0x20001598        0x4 ./system/Middlewares/Third_Party/FreeRTOS/Source/tasks.o
 .bss.xDelayedTaskList1
                0x2000159c       0x14 ./system/Middlewares/Third_Party/FreeRTOS/Source/tasks.o
 .bss.xSuspendedTaskList
                0x200015b0       0x14 ./system/Middlewares/Third_Party/FreeRTOS/Source/tasks.o
 .bss.uxTopReadyPriority
                0x200015c4        0x4 ./system/Middlewares/Third_Party/FreeRTOS/Source/tasks.o
 .bss.xYieldPending
                0x200015c8        0x4 ./system/Middlewares/Third_Party/FreeRTOS/Source/tasks.o
 .bss.uwTick    0x200015cc        0x4 ./system/Drivers/STM32F0xx_HAL_Driver/Src/stm32f0xx_hal.o
 .bss.step.6647
                0x200015d0        0x1 ./src/bossTask_task.o
 .bss.step.6655
                0x200015d1        0x1 ./src/bossTask_task.o
 .bss.step.6666
                0x200015d2        0x1 ./src/bossTask_task.o
 *fill*         0x200015d3        0x1 
 .bss.__malloc_sbrk_start
                0x200015d4        0x4 c:/program files (x86)/gnu tools arm embedded/4.9 2015q1/bin/../lib/gcc/arm-none-eabi/4.9.3/../../../../arm-none-eabi/lib/armv6-m\libg_nano.a(lib_a-nano-mallocr.o)
                0x200015d4                __malloc_sbrk_start
 .bss.__malloc_free_list
                0x200015d8        0x4 c:/program files (x86)/gnu tools arm embedded/4.9 2015q1/bin/../lib/gcc/arm-none-eabi/4.9.3/../../../../arm-none-eabi/lib/armv6-m\libg_nano.a(lib_a-nano-mallocr.o)
                0x200015d8                __malloc_free_list
 *(COMMON)
 COMMON         0x200015dc        0x4 ./system/newlib/_syscalls.o
                0x200015dc                errno
 COMMON         0x200015e0        0x8 ./src/USARTInTask_task.o
                0x200015e0                strBufMPool
                0x200015e4                genericMPool
 COMMON         0x200015e8      0x158 ./src/hal_lib.o
                0x200015e8                hdma_usart1_tx
                0x20001620                hdma_usart2_tx
                0x20001658                huart1
                0x200016cc                huart2
 COMMON         0x20001740       0x20 ./src/userTasks_task.o
                0x20001740                USARTOutTaskHandle
                0x20001744                USARTInBufferTaskHandle
                0x20001748                msgQUSARTIn
                0x2000174c                msgQBoss
                0x20001750                bossTaskHandle
                0x20001754                globalFlags
                0x20001758                USARTInTaskHandle
                0x2000175c                msgQUSARTOut
 *(.bss_end .bss_end.*)
                0x20001760                . = ALIGN (0x4)
                0x20001760                __bss_end__ = .
                0x20001760                _ebss = .

.noinit         0x20001760        0x0
                0x20001760                . = ALIGN (0x4)
                0x20001760                _noinit = .
 *(.noinit .noinit.*)
                0x20001760                . = ALIGN (0x4)
                0x20001760                _end_noinit = .
                0x20001760                PROVIDE (end, _end_noinit)
                0x20001760                PROVIDE (_end, _end_noinit)
                0x20001760                PROVIDE (__end, _end_noinit)
                0x20001760                PROVIDE (__end__, _end_noinit)

._check_stack   0x20001760      0x100 load address 0x08006418
                0x20001760                . = ALIGN (0x4)
                0x20001860                . = (. + _Minimum_Stack_Size)
 *fill*         0x20001760      0x100 
                0x20001860                . = ALIGN (0x4)

.bss_CCMRAM
 *(.bss.CCMRAM .bss.CCMRAM.*)

.b1text
 *(.b1text)
 *(.b1rodata)
 *(.b1rodata.*)

.eb0text
 *(.eb0text)
 *(.eb0rodata)
 *(.eb0rodata.*)

.eb1text
 *(.eb1text)
 *(.eb1rodata)
 *(.eb1rodata.*)

.eb2text
 *(.eb2text)
 *(.eb2rodata)
 *(.eb2rodata.*)

.eb3text
 *(.eb3text)
 *(.eb3rodata)
 *(.eb3rodata.*)

.stab
 *(.stab)

.stabstr
 *(.stabstr)

.stab.excl
 *(.stab.excl)

.stab.exclstr
 *(.stab.exclstr)

.stab.index
 *(.stab.index)

.stab.indexstr
 *(.stab.indexstr)

.comment        0x00000000       0x70
 *(.comment)
 .comment       0x00000000       0x70 ./system/newlib/_exit.o
                                 0x71 (size before relaxing)
 .comment       0x00000000       0x71 ./system/newlib/_sbrk.o
 .comment       0x00000000       0x71 ./system/newlib/_syscalls.o
 .comment       0x00000000       0x71 ./system/newlib/assert.o
 .comment       0x00000000       0x71 ./system/Middlewares/Third_Party/FreeRTOS/Source/portable/MemMang/heap_4.o
 .comment       0x00000000       0x71 ./system/Middlewares/Third_Party/FreeRTOS/Source/portable/GCC/ARM_CM0/port.o
 .comment       0x00000000       0x71 ./system/Middlewares/Third_Party/FreeRTOS/Source/CMSIS_RTOS/cmsis_os.o
 .comment       0x00000000       0x71 ./system/Middlewares/Third_Party/FreeRTOS/Source/list.o
 .comment       0x00000000       0x71 ./system/Middlewares/Third_Party/FreeRTOS/Source/queue.o
 .comment       0x00000000       0x71 ./system/Middlewares/Third_Party/FreeRTOS/Source/tasks.o
 .comment       0x00000000       0x71 ./system/Drivers/STM32F0xx_HAL_Driver/Src/stm32f0xx_hal.o
 .comment       0x00000000       0x71 ./system/Drivers/STM32F0xx_HAL_Driver/Src/stm32f0xx_hal_cortex.o
 .comment       0x00000000       0x71 ./system/Drivers/STM32F0xx_HAL_Driver/Src/stm32f0xx_hal_dma.o
 .comment       0x00000000       0x71 ./system/Drivers/STM32F0xx_HAL_Driver/Src/stm32f0xx_hal_gpio.o
 .comment       0x00000000       0x71 ./system/Drivers/STM32F0xx_HAL_Driver/Src/stm32f0xx_hal_rcc.o
 .comment       0x00000000       0x71 ./system/Drivers/STM32F0xx_HAL_Driver/Src/stm32f0xx_hal_rcc_ex.o
 .comment       0x00000000       0x71 ./system/Drivers/STM32F0xx_HAL_Driver/Src/stm32f0xx_hal_uart.o
 .comment       0x00000000       0x71 ./system/Drivers/STM32F0xx_HAL_Driver/Src/stm32f0xx_hal_uart_ex.o
 .comment       0x00000000       0x71 ./system/Drivers/CMSIS/Device/ST/STM32F0xx/Source/Templates/startup_stm32f0xx.o
 .comment       0x00000000       0x71 ./system/Drivers/CMSIS/Device/ST/STM32F0xx/Source/Templates/system_stm32f0xx.o
 .comment       0x00000000       0x71 ./src/USARTInTask_task.o
 .comment       0x00000000       0x71 ./src/USARTOutTask_task.o
 .comment       0x00000000       0x71 ./src/bossTask_task.o
 .comment       0x00000000       0x71 ./src/genericMessaging_lib.o
 .comment       0x00000000       0x71 ./src/hal_lib.o
 .comment       0x00000000       0x71 ./src/main.o
 .comment       0x00000000       0x71 ./src/stm32f0xx_hal_msp.o
 .comment       0x00000000       0x71 ./src/stm32f0xx_it.o
 .comment       0x00000000       0x71 ./src/strings_res.o
 .comment       0x00000000       0x71 ./src/userTasks_task.o

.ARM.attributes
                0x00000000       0x28
 .ARM.attributes
                0x00000000       0x1e c:/program files (x86)/gnu tools arm embedded/4.9 2015q1/bin/../lib/gcc/arm-none-eabi/4.9.3/armv6-m/crti.o
 .ARM.attributes
                0x0000001e       0x2c c:/program files (x86)/gnu tools arm embedded/4.9 2015q1/bin/../lib/gcc/arm-none-eabi/4.9.3/armv6-m/crtbegin.o
 .ARM.attributes
                0x0000004a       0x1b c:/program files (x86)/gnu tools arm embedded/4.9 2015q1/bin/../lib/gcc/arm-none-eabi/4.9.3/../../../../arm-none-eabi/lib/armv6-m/crt0.o
 .ARM.attributes
                0x00000065       0x31 ./system/newlib/_exit.o
 .ARM.attributes
                0x00000096       0x31 ./system/newlib/_sbrk.o
 .ARM.attributes
                0x000000c7       0x31 ./system/newlib/_syscalls.o
 .ARM.attributes
                0x000000f8       0x31 ./system/newlib/assert.o
 .ARM.attributes
                0x00000129       0x31 ./system/Middlewares/Third_Party/FreeRTOS/Source/portable/MemMang/heap_4.o
 .ARM.attributes
                0x0000015a       0x31 ./system/Middlewares/Third_Party/FreeRTOS/Source/portable/GCC/ARM_CM0/port.o
 .ARM.attributes
                0x0000018b       0x31 ./system/Middlewares/Third_Party/FreeRTOS/Source/CMSIS_RTOS/cmsis_os.o
 .ARM.attributes
                0x000001bc       0x31 ./system/Middlewares/Third_Party/FreeRTOS/Source/list.o
 .ARM.attributes
                0x000001ed       0x31 ./system/Middlewares/Third_Party/FreeRTOS/Source/queue.o
 .ARM.attributes
                0x0000021e       0x31 ./system/Middlewares/Third_Party/FreeRTOS/Source/tasks.o
 .ARM.attributes
                0x0000024f       0x31 ./system/Drivers/STM32F0xx_HAL_Driver/Src/stm32f0xx_hal.o
 .ARM.attributes
                0x00000280       0x31 ./system/Drivers/STM32F0xx_HAL_Driver/Src/stm32f0xx_hal_cortex.o
 .ARM.attributes
                0x000002b1       0x31 ./system/Drivers/STM32F0xx_HAL_Driver/Src/stm32f0xx_hal_dma.o
 .ARM.attributes
                0x000002e2       0x31 ./system/Drivers/STM32F0xx_HAL_Driver/Src/stm32f0xx_hal_gpio.o
 .ARM.attributes
                0x00000313       0x31 ./system/Drivers/STM32F0xx_HAL_Driver/Src/stm32f0xx_hal_rcc.o
 .ARM.attributes
                0x00000344       0x31 ./system/Drivers/STM32F0xx_HAL_Driver/Src/stm32f0xx_hal_rcc_ex.o
 .ARM.attributes
                0x00000375       0x31 ./system/Drivers/STM32F0xx_HAL_Driver/Src/stm32f0xx_hal_uart.o
 .ARM.attributes
                0x000003a6       0x31 ./system/Drivers/STM32F0xx_HAL_Driver/Src/stm32f0xx_hal_uart_ex.o
 .ARM.attributes
                0x000003d7       0x31 ./system/Drivers/CMSIS/Device/ST/STM32F0xx/Source/Templates/startup_stm32f0xx.o
 .ARM.attributes
                0x00000408       0x31 ./system/Drivers/CMSIS/Device/ST/STM32F0xx/Source/Templates/system_stm32f0xx.o
 .ARM.attributes
                0x00000439       0x31 ./src/USARTInTask_task.o
 .ARM.attributes
                0x0000046a       0x31 ./src/USARTOutTask_task.o
 .ARM.attributes
                0x0000049b       0x31 ./src/bossTask_task.o
 .ARM.attributes
                0x000004cc       0x31 ./src/genericMessaging_lib.o
 .ARM.attributes
                0x000004fd       0x31 ./src/hal_lib.o
 .ARM.attributes
                0x0000052e       0x31 ./src/main.o
 .ARM.attributes
                0x0000055f       0x31 ./src/stm32f0xx_hal_msp.o
 .ARM.attributes
                0x00000590       0x31 ./src/stm32f0xx_it.o
 .ARM.attributes
                0x000005c1       0x31 ./src/strings_res.o
 .ARM.attributes
                0x000005f2       0x31 ./src/userTasks_task.o
 .ARM.attributes
                0x00000623       0x1e c:/program files (x86)/gnu tools arm embedded/4.9 2015q1/bin/../lib/gcc/arm-none-eabi/4.9.3/armv6-m\libgcc.a(_udivsi3.o)
 .ARM.attributes
                0x00000641       0x1e c:/program files (x86)/gnu tools arm embedded/4.9 2015q1/bin/../lib/gcc/arm-none-eabi/4.9.3/armv6-m\libgcc.a(_dvmd_tls.o)
 .ARM.attributes
                0x0000065f       0x2c c:/program files (x86)/gnu tools arm embedded/4.9 2015q1/bin/../lib/gcc/arm-none-eabi/4.9.3/../../../../arm-none-eabi/lib/armv6-m\libg_nano.a(lib_a-errno.o)
 .ARM.attributes
                0x0000068b       0x2c c:/program files (x86)/gnu tools arm embedded/4.9 2015q1/bin/../lib/gcc/arm-none-eabi/4.9.3/../../../../arm-none-eabi/lib/armv6-m\libg_nano.a(lib_a-exit.o)
 .ARM.attributes
                0x000006b7       0x2c c:/program files (x86)/gnu tools arm embedded/4.9 2015q1/bin/../lib/gcc/arm-none-eabi/4.9.3/../../../../arm-none-eabi/lib/armv6-m\libg_nano.a(lib_a-impure.o)
 .ARM.attributes
                0x000006e3       0x2c c:/program files (x86)/gnu tools arm embedded/4.9 2015q1/bin/../lib/gcc/arm-none-eabi/4.9.3/../../../../arm-none-eabi/lib/armv6-m\libg_nano.a(lib_a-init.o)
 .ARM.attributes
                0x0000070f       0x2c c:/program files (x86)/gnu tools arm embedded/4.9 2015q1/bin/../lib/gcc/arm-none-eabi/4.9.3/../../../../arm-none-eabi/lib/armv6-m\libg_nano.a(lib_a-memcpy.o)
 .ARM.attributes
                0x0000073b       0x2c c:/program files (x86)/gnu tools arm embedded/4.9 2015q1/bin/../lib/gcc/arm-none-eabi/4.9.3/../../../../arm-none-eabi/lib/armv6-m\libg_nano.a(lib_a-memset.o)
 .ARM.attributes
                0x00000767       0x2c c:/program files (x86)/gnu tools arm embedded/4.9 2015q1/bin/../lib/gcc/arm-none-eabi/4.9.3/../../../../arm-none-eabi/lib/armv6-m\libg_nano.a(lib_a-sprintf.o)
 .ARM.attributes
                0x00000793       0x2c c:/program files (x86)/gnu tools arm embedded/4.9 2015q1/bin/../lib/gcc/arm-none-eabi/4.9.3/../../../../arm-none-eabi/lib/armv6-m\libg_nano.a(lib_a-strlen.o)
 .ARM.attributes
                0x000007bf       0x2c c:/program files (x86)/gnu tools arm embedded/4.9 2015q1/bin/../lib/gcc/arm-none-eabi/4.9.3/../../../../arm-none-eabi/lib/armv6-m\libg_nano.a(lib_a-strncmp.o)
 .ARM.attributes
                0x000007eb       0x2c c:/program files (x86)/gnu tools arm embedded/4.9 2015q1/bin/../lib/gcc/arm-none-eabi/4.9.3/../../../../arm-none-eabi/lib/armv6-m\libg_nano.a(lib_a-nano-svfprintf.o)
 .ARM.attributes
                0x00000817       0x2c c:/program files (x86)/gnu tools arm embedded/4.9 2015q1/bin/../lib/gcc/arm-none-eabi/4.9.3/../../../../arm-none-eabi/lib/armv6-m\libg_nano.a(lib_a-nano-vfprintf_i.o)
 .ARM.attributes
                0x00000843       0x2c c:/program files (x86)/gnu tools arm embedded/4.9 2015q1/bin/../lib/gcc/arm-none-eabi/4.9.3/../../../../arm-none-eabi/lib/armv6-m\libg_nano.a(lib_a-memchr.o)
 .ARM.attributes
                0x0000086f       0x2c c:/program files (x86)/gnu tools arm embedded/4.9 2015q1/bin/../lib/gcc/arm-none-eabi/4.9.3/../../../../arm-none-eabi/lib/armv6-m\libg_nano.a(lib_a-memmove.o)
 .ARM.attributes
                0x0000089b       0x2c c:/program files (x86)/gnu tools arm embedded/4.9 2015q1/bin/../lib/gcc/arm-none-eabi/4.9.3/../../../../arm-none-eabi/lib/armv6-m\libg_nano.a(lib_a-nano-freer.o)
 .ARM.attributes
                0x000008c7       0x2c c:/program files (x86)/gnu tools arm embedded/4.9 2015q1/bin/../lib/gcc/arm-none-eabi/4.9.3/../../../../arm-none-eabi/lib/armv6-m\libg_nano.a(lib_a-nano-mallocr.o)
 .ARM.attributes
                0x000008f3       0x2c c:/program files (x86)/gnu tools arm embedded/4.9 2015q1/bin/../lib/gcc/arm-none-eabi/4.9.3/../../../../arm-none-eabi/lib/armv6-m\libg_nano.a(lib_a-nano-reallocr.o)
 .ARM.attributes
                0x0000091f       0x2c c:/program files (x86)/gnu tools arm embedded/4.9 2015q1/bin/../lib/gcc/arm-none-eabi/4.9.3/../../../../arm-none-eabi/lib/armv6-m\libg_nano.a(lib_a-sbrkr.o)
 .ARM.attributes
                0x0000094b       0x2c c:/program files (x86)/gnu tools arm embedded/4.9 2015q1/bin/../lib/gcc/arm-none-eabi/4.9.3/../../../../arm-none-eabi/lib/armv6-m\libg_nano.a(lib_a-nano-msizer.o)
 .ARM.attributes
                0x00000977       0x2c c:/program files (x86)/gnu tools arm embedded/4.9 2015q1/bin/../lib/gcc/arm-none-eabi/4.9.3/armv6-m/crtend.o
 .ARM.attributes
                0x000009a3       0x1e c:/program files (x86)/gnu tools arm embedded/4.9 2015q1/bin/../lib/gcc/arm-none-eabi/4.9.3/armv6-m/crtn.o

.debug
 *(.debug)

.line
 *(.line)

.debug_srcinfo
 *(.debug_srcinfo)

.debug_sfnames
 *(.debug_sfnames)

.debug_aranges  0x00000000      0xc98
 *(.debug_aranges)
 .debug_aranges
                0x00000000       0x28 ./system/newlib/_exit.o
 .debug_aranges
                0x00000028       0x20 ./system/newlib/_sbrk.o
 .debug_aranges
                0x00000048       0x30 ./system/newlib/_syscalls.o
 .debug_aranges
                0x00000078       0x28 ./system/newlib/assert.o
 .debug_aranges
                0x000000a0       0x50 ./system/Middlewares/Third_Party/FreeRTOS/Source/portable/MemMang/heap_4.o
 .debug_aranges
                0x000000f0       0x88 ./system/Middlewares/Third_Party/FreeRTOS/Source/portable/GCC/ARM_CM0/port.o
 .debug_aranges
                0x00000178      0x1b0 ./system/Middlewares/Third_Party/FreeRTOS/Source/CMSIS_RTOS/cmsis_os.o
 .debug_aranges
                0x00000328       0x40 ./system/Middlewares/Third_Party/FreeRTOS/Source/list.o
 .debug_aranges
                0x00000368       0xe0 ./system/Middlewares/Third_Party/FreeRTOS/Source/queue.o
 .debug_aranges
                0x00000448      0x180 ./system/Middlewares/Third_Party/FreeRTOS/Source/tasks.o
 .debug_aranges
                0x000005c8       0xa0 ./system/Drivers/STM32F0xx_HAL_Driver/Src/stm32f0xx_hal.o
 .debug_aranges
                0x00000668       0x78 ./system/Drivers/STM32F0xx_HAL_Driver/Src/stm32f0xx_hal_cortex.o
 .debug_aranges
                0x000006e0       0x68 ./system/Drivers/STM32F0xx_HAL_Driver/Src/stm32f0xx_hal_dma.o
 .debug_aranges
                0x00000748       0x58 ./system/Drivers/STM32F0xx_HAL_Driver/Src/stm32f0xx_hal_gpio.o
 .debug_aranges
                0x000007a0       0x80 ./system/Drivers/STM32F0xx_HAL_Driver/Src/stm32f0xx_hal_rcc.o
 .debug_aranges
                0x00000820       0x40 ./system/Drivers/STM32F0xx_HAL_Driver/Src/stm32f0xx_hal_rcc_ex.o
 .debug_aranges
                0x00000860      0x148 ./system/Drivers/STM32F0xx_HAL_Driver/Src/stm32f0xx_hal_uart.o
 .debug_aranges
                0x000009a8       0x70 ./system/Drivers/STM32F0xx_HAL_Driver/Src/stm32f0xx_hal_uart_ex.o
 .debug_aranges
                0x00000a18       0x28 ./system/Drivers/CMSIS/Device/ST/STM32F0xx/Source/Templates/startup_stm32f0xx.o
 .debug_aranges
                0x00000a40       0x28 ./system/Drivers/CMSIS/Device/ST/STM32F0xx/Source/Templates/system_stm32f0xx.o
 .debug_aranges
                0x00000a68       0x38 ./src/USARTInTask_task.o
 .debug_aranges
                0x00000aa0       0x28 ./src/USARTOutTask_task.o
 .debug_aranges
                0x00000ac8       0x40 ./src/bossTask_task.o
 .debug_aranges
                0x00000b08       0x40 ./src/genericMessaging_lib.o
 .debug_aranges
                0x00000b48       0x90 ./src/hal_lib.o
 .debug_aranges
                0x00000bd8       0x20 ./src/main.o
 .debug_aranges
                0x00000bf8       0x30 ./src/stm32f0xx_hal_msp.o
 .debug_aranges
                0x00000c28       0x40 ./src/stm32f0xx_it.o
 .debug_aranges
                0x00000c68       0x18 ./src/strings_res.o
 .debug_aranges
                0x00000c80       0x18 ./src/userTasks_task.o

.debug_pubnames
 *(.debug_pubnames)

.debug_info     0x00000000    0x106e8
 *(.debug_info .gnu.linkonce.wi.*)
 .debug_info    0x00000000       0xee ./system/newlib/_exit.o
 .debug_info    0x000000ee      0x125 ./system/newlib/_sbrk.o
 .debug_info    0x00000213      0x1a9 ./system/newlib/_syscalls.o
 .debug_info    0x000003bc      0x168 ./system/newlib/assert.o
 .debug_info    0x00000524      0x370 ./system/Middlewares/Third_Party/FreeRTOS/Source/portable/MemMang/heap_4.o
 .debug_info    0x00000894      0x2a5 ./system/Middlewares/Third_Party/FreeRTOS/Source/portable/GCC/ARM_CM0/port.o
 .debug_info    0x00000b39     0x1c3a ./system/Middlewares/Third_Party/FreeRTOS/Source/CMSIS_RTOS/cmsis_os.o
 .debug_info    0x00002773      0x29a ./system/Middlewares/Third_Party/FreeRTOS/Source/list.o
 .debug_info    0x00002a0d     0x12f4 ./system/Middlewares/Third_Party/FreeRTOS/Source/queue.o
 .debug_info    0x00003d01     0x1b30 ./system/Middlewares/Third_Party/FreeRTOS/Source/tasks.o
 .debug_info    0x00005831      0x5b1 ./system/Drivers/STM32F0xx_HAL_Driver/Src/stm32f0xx_hal.o
 .debug_info    0x00005de2      0x78d ./system/Drivers/STM32F0xx_HAL_Driver/Src/stm32f0xx_hal_cortex.o
 .debug_info    0x0000656f      0x744 ./system/Drivers/STM32F0xx_HAL_Driver/Src/stm32f0xx_hal_dma.o
 .debug_info    0x00006cb3      0x77d ./system/Drivers/STM32F0xx_HAL_Driver/Src/stm32f0xx_hal_gpio.o
 .debug_info    0x00007430      0x6f8 ./system/Drivers/STM32F0xx_HAL_Driver/Src/stm32f0xx_hal_rcc.o
 .debug_info    0x00007b28      0x9e5 ./system/Drivers/STM32F0xx_HAL_Driver/Src/stm32f0xx_hal_rcc_ex.o
 .debug_info    0x0000850d     0x14ec ./system/Drivers/STM32F0xx_HAL_Driver/Src/stm32f0xx_hal_uart.o
 .debug_info    0x000099f9      0xbb8 ./system/Drivers/STM32F0xx_HAL_Driver/Src/stm32f0xx_hal_uart_ex.o
 .debug_info    0x0000a5b1      0x11f ./system/Drivers/CMSIS/Device/ST/STM32F0xx/Source/Templates/startup_stm32f0xx.o
 .debug_info    0x0000a6d0      0x201 ./system/Drivers/CMSIS/Device/ST/STM32F0xx/Source/Templates/system_stm32f0xx.o
 .debug_info    0x0000a8d1      0xe14 ./src/USARTInTask_task.o
 .debug_info    0x0000b6e5      0xa8e ./src/USARTOutTask_task.o
 .debug_info    0x0000c173      0xe24 ./src/bossTask_task.o
 .debug_info    0x0000cf97      0x75b ./src/genericMessaging_lib.o
 .debug_info    0x0000d6f2     0x1334 ./src/hal_lib.o
 .debug_info    0x0000ea26      0x666 ./src/main.o
 .debug_info    0x0000f08c      0xa7b ./src/stm32f0xx_hal_msp.o
 .debug_info    0x0000fb07      0x655 ./src/stm32f0xx_it.o
 .debug_info    0x0001015c      0x334 ./src/strings_res.o
 .debug_info    0x00010490      0x258 ./src/userTasks_task.o

.debug_abbrev   0x00000000     0x328d
 *(.debug_abbrev)
 .debug_abbrev  0x00000000       0xb7 ./system/newlib/_exit.o
 .debug_abbrev  0x000000b7       0xbb ./system/newlib/_sbrk.o
 .debug_abbrev  0x00000172       0xe7 ./system/newlib/_syscalls.o
 .debug_abbrev  0x00000259       0xb6 ./system/newlib/assert.o
 .debug_abbrev  0x0000030f      0x1c1 ./system/Middlewares/Third_Party/FreeRTOS/Source/portable/MemMang/heap_4.o
 .debug_abbrev  0x000004d0      0x197 ./system/Middlewares/Third_Party/FreeRTOS/Source/portable/GCC/ARM_CM0/port.o
 .debug_abbrev  0x00000667      0x35b ./system/Middlewares/Third_Party/FreeRTOS/Source/CMSIS_RTOS/cmsis_os.o
 .debug_abbrev  0x000009c2       0xdf ./system/Middlewares/Third_Party/FreeRTOS/Source/list.o
 .debug_abbrev  0x00000aa1      0x259 ./system/Middlewares/Third_Party/FreeRTOS/Source/queue.o
 .debug_abbrev  0x00000cfa      0x280 ./system/Middlewares/Third_Party/FreeRTOS/Source/tasks.o
 .debug_abbrev  0x00000f7a      0x208 ./system/Drivers/STM32F0xx_HAL_Driver/Src/stm32f0xx_hal.o
 .debug_abbrev  0x00001182      0x23f ./system/Drivers/STM32F0xx_HAL_Driver/Src/stm32f0xx_hal_cortex.o
 .debug_abbrev  0x000013c1      0x1d8 ./system/Drivers/STM32F0xx_HAL_Driver/Src/stm32f0xx_hal_dma.o
 .debug_abbrev  0x00001599      0x1ed ./system/Drivers/STM32F0xx_HAL_Driver/Src/stm32f0xx_hal_gpio.o
 .debug_abbrev  0x00001786      0x1f4 ./system/Drivers/STM32F0xx_HAL_Driver/Src/stm32f0xx_hal_rcc.o
 .debug_abbrev  0x0000197a      0x21e ./system/Drivers/STM32F0xx_HAL_Driver/Src/stm32f0xx_hal_rcc_ex.o
 .debug_abbrev  0x00001b98      0x202 ./system/Drivers/STM32F0xx_HAL_Driver/Src/stm32f0xx_hal_uart.o
 .debug_abbrev  0x00001d9a      0x21c ./system/Drivers/STM32F0xx_HAL_Driver/Src/stm32f0xx_hal_uart_ex.o
 .debug_abbrev  0x00001fb6       0xd3 ./system/Drivers/CMSIS/Device/ST/STM32F0xx/Source/Templates/startup_stm32f0xx.o
 .debug_abbrev  0x00002089       0xf3 ./system/Drivers/CMSIS/Device/ST/STM32F0xx/Source/Templates/system_stm32f0xx.o
 .debug_abbrev  0x0000217c      0x23c ./src/USARTInTask_task.o
 .debug_abbrev  0x000023b8      0x21d ./src/USARTOutTask_task.o
 .debug_abbrev  0x000025d5      0x231 ./src/bossTask_task.o
 .debug_abbrev  0x00002806      0x1f5 ./src/genericMessaging_lib.o
 .debug_abbrev  0x000029fb      0x308 ./src/hal_lib.o
 .debug_abbrev  0x00002d03      0x176 ./src/main.o
 .debug_abbrev  0x00002e79      0x1bf ./src/stm32f0xx_hal_msp.o
 .debug_abbrev  0x00003038      0x156 ./src/stm32f0xx_it.o
 .debug_abbrev  0x0000318e       0x60 ./src/strings_res.o
 .debug_abbrev  0x000031ee       0x9f ./src/userTasks_task.o

.debug_line     0x00000000     0xaba1
 *(.debug_line)
 .debug_line    0x00000000      0x2b4 ./system/newlib/_exit.o
 .debug_line    0x000002b4      0x25f ./system/newlib/_sbrk.o
 .debug_line    0x00000513      0x36f ./system/newlib/_syscalls.o
 .debug_line    0x00000882      0x2d9 ./system/newlib/assert.o
 .debug_line    0x00000b5b      0x4cb ./system/Middlewares/Third_Party/FreeRTOS/Source/portable/MemMang/heap_4.o
 .debug_line    0x00001026      0x2f5 ./system/Middlewares/Third_Party/FreeRTOS/Source/portable/GCC/ARM_CM0/port.o
 .debug_line    0x0000131b      0x99c ./system/Middlewares/Third_Party/FreeRTOS/Source/CMSIS_RTOS/cmsis_os.o
 .debug_line    0x00001cb7      0x415 ./system/Middlewares/Third_Party/FreeRTOS/Source/list.o
 .debug_line    0x000020cc      0x8eb ./system/Middlewares/Third_Party/FreeRTOS/Source/queue.o
 .debug_line    0x000029b7      0xc2e ./system/Middlewares/Third_Party/FreeRTOS/Source/tasks.o
 .debug_line    0x000035e5      0x48c ./system/Drivers/STM32F0xx_HAL_Driver/Src/stm32f0xx_hal.o
 .debug_line    0x00003a71      0x4bc ./system/Drivers/STM32F0xx_HAL_Driver/Src/stm32f0xx_hal_cortex.o
 .debug_line    0x00003f2d      0x716 ./system/Drivers/STM32F0xx_HAL_Driver/Src/stm32f0xx_hal_dma.o
 .debug_line    0x00004643      0x577 ./system/Drivers/STM32F0xx_HAL_Driver/Src/stm32f0xx_hal_gpio.o
 .debug_line    0x00004bba      0x4a4 ./system/Drivers/STM32F0xx_HAL_Driver/Src/stm32f0xx_hal_rcc.o
 .debug_line    0x0000505e      0x6cc ./system/Drivers/STM32F0xx_HAL_Driver/Src/stm32f0xx_hal_rcc_ex.o
 .debug_line    0x0000572a      0xb39 ./system/Drivers/STM32F0xx_HAL_Driver/Src/stm32f0xx_hal_uart.o
 .debug_line    0x00006263      0x5d9 ./system/Drivers/STM32F0xx_HAL_Driver/Src/stm32f0xx_hal_uart_ex.o
 .debug_line    0x0000683c       0xb3 ./system/Drivers/CMSIS/Device/ST/STM32F0xx/Source/Templates/startup_stm32f0xx.o
 .debug_line    0x000068ef      0x1e5 ./system/Drivers/CMSIS/Device/ST/STM32F0xx/Source/Templates/system_stm32f0xx.o
 .debug_line    0x00006ad4      0x755 ./src/USARTInTask_task.o
 .debug_line    0x00007229      0x71d ./src/USARTOutTask_task.o
 .debug_line    0x00007946      0x7f3 ./src/bossTask_task.o
 .debug_line    0x00008139      0x710 ./src/genericMessaging_lib.o
 .debug_line    0x00008849      0x959 ./src/hal_lib.o
 .debug_line    0x000091a2      0x70c ./src/main.o
 .debug_line    0x000098ae      0x394 ./src/stm32f0xx_hal_msp.o
 .debug_line    0x00009c42      0x53f ./src/stm32f0xx_it.o
 .debug_line    0x0000a181      0x33a ./src/strings_res.o
 .debug_line    0x0000a4bb      0x6e6 ./src/userTasks_task.o

.debug_frame    0x00000000     0x21c4
 *(.debug_frame)
 .debug_frame   0x00000000       0x38 ./system/newlib/_exit.o
 .debug_frame   0x00000038       0x28 ./system/newlib/_sbrk.o
 .debug_frame   0x00000060       0x50 ./system/newlib/_syscalls.o
 .debug_frame   0x000000b0       0x40 ./system/newlib/assert.o
 .debug_frame   0x000000f0       0xa0 ./system/Middlewares/Third_Party/FreeRTOS/Source/portable/MemMang/heap_4.o
 .debug_frame   0x00000190      0x110 ./system/Middlewares/Third_Party/FreeRTOS/Source/portable/GCC/ARM_CM0/port.o
 .debug_frame   0x000002a0      0x4e0 ./system/Middlewares/Third_Party/FreeRTOS/Source/CMSIS_RTOS/cmsis_os.o
 .debug_frame   0x00000780       0x6c ./system/Middlewares/Third_Party/FreeRTOS/Source/list.o
 .debug_frame   0x000007ec      0x288 ./system/Middlewares/Third_Party/FreeRTOS/Source/queue.o
 .debug_frame   0x00000a74      0x460 ./system/Middlewares/Third_Party/FreeRTOS/Source/tasks.o
 .debug_frame   0x00000ed4      0x144 ./system/Drivers/STM32F0xx_HAL_Driver/Src/stm32f0xx_hal.o
 .debug_frame   0x00001018       0xec ./system/Drivers/STM32F0xx_HAL_Driver/Src/stm32f0xx_hal_cortex.o
 .debug_frame   0x00001104      0x110 ./system/Drivers/STM32F0xx_HAL_Driver/Src/stm32f0xx_hal_dma.o
 .debug_frame   0x00001214       0xfc ./system/Drivers/STM32F0xx_HAL_Driver/Src/stm32f0xx_hal_gpio.o
 .debug_frame   0x00001310      0x10c ./system/Drivers/STM32F0xx_HAL_Driver/Src/stm32f0xx_hal_rcc.o
 .debug_frame   0x0000141c       0x8c ./system/Drivers/STM32F0xx_HAL_Driver/Src/stm32f0xx_hal_rcc_ex.o
 .debug_frame   0x000014a8      0x384 ./system/Drivers/STM32F0xx_HAL_Driver/Src/stm32f0xx_hal_uart.o
 .debug_frame   0x0000182c      0x134 ./system/Drivers/STM32F0xx_HAL_Driver/Src/stm32f0xx_hal_uart_ex.o
 .debug_frame   0x00001960       0x30 ./system/Drivers/CMSIS/Device/ST/STM32F0xx/Source/Templates/startup_stm32f0xx.o
 .debug_frame   0x00001990       0x38 ./system/Drivers/CMSIS/Device/ST/STM32F0xx/Source/Templates/system_stm32f0xx.o
 .debug_frame   0x000019c8       0x78 ./src/USARTInTask_task.o
 .debug_frame   0x00001a40       0x4c ./src/USARTOutTask_task.o
 .debug_frame   0x00001a8c       0x90 ./src/bossTask_task.o
 .debug_frame   0x00001b1c       0xa4 ./src/genericMessaging_lib.o
 .debug_frame   0x00001bc0      0x194 ./src/hal_lib.o
 .debug_frame   0x00001d54       0x30 ./src/main.o
 .debug_frame   0x00001d84       0x5c ./src/stm32f0xx_hal_msp.o
 .debug_frame   0x00001de0       0x88 ./src/stm32f0xx_it.o
 .debug_frame   0x00001e68       0x20 c:/program files (x86)/gnu tools arm embedded/4.9 2015q1/bin/../lib/gcc/arm-none-eabi/4.9.3/armv6-m\libgcc.a(_udivsi3.o)
 .debug_frame   0x00001e88       0x20 c:/program files (x86)/gnu tools arm embedded/4.9 2015q1/bin/../lib/gcc/arm-none-eabi/4.9.3/../../../../arm-none-eabi/lib/armv6-m\libg_nano.a(lib_a-errno.o)
 .debug_frame   0x00001ea8       0x28 c:/program files (x86)/gnu tools arm embedded/4.9 2015q1/bin/../lib/gcc/arm-none-eabi/4.9.3/../../../../arm-none-eabi/lib/armv6-m\libg_nano.a(lib_a-exit.o)
 .debug_frame   0x00001ed0       0x2c c:/program files (x86)/gnu tools arm embedded/4.9 2015q1/bin/../lib/gcc/arm-none-eabi/4.9.3/../../../../arm-none-eabi/lib/armv6-m\libg_nano.a(lib_a-init.o)
 .debug_frame   0x00001efc       0x28 c:/program files (x86)/gnu tools arm embedded/4.9 2015q1/bin/../lib/gcc/arm-none-eabi/4.9.3/../../../../arm-none-eabi/lib/armv6-m\libg_nano.a(lib_a-memcpy.o)
 .debug_frame   0x00001f24       0x20 c:/program files (x86)/gnu tools arm embedded/4.9 2015q1/bin/../lib/gcc/arm-none-eabi/4.9.3/../../../../arm-none-eabi/lib/armv6-m\libg_nano.a(lib_a-memset.o)
 .debug_frame   0x00001f44       0x50 c:/program files (x86)/gnu tools arm embedded/4.9 2015q1/bin/../lib/gcc/arm-none-eabi/4.9.3/../../../../arm-none-eabi/lib/armv6-m\libg_nano.a(lib_a-sprintf.o)
 .debug_frame   0x00001f94       0x20 c:/program files (x86)/gnu tools arm embedded/4.9 2015q1/bin/../lib/gcc/arm-none-eabi/4.9.3/../../../../arm-none-eabi/lib/armv6-m\libg_nano.a(lib_a-strlen.o)
 .debug_frame   0x00001fb4       0x2c c:/program files (x86)/gnu tools arm embedded/4.9 2015q1/bin/../lib/gcc/arm-none-eabi/4.9.3/../../../../arm-none-eabi/lib/armv6-m\libg_nano.a(lib_a-strncmp.o)
 .debug_frame   0x00001fe0       0x74 c:/program files (x86)/gnu tools arm embedded/4.9 2015q1/bin/../lib/gcc/arm-none-eabi/4.9.3/../../../../arm-none-eabi/lib/armv6-m\libg_nano.a(lib_a-nano-svfprintf.o)
 .debug_frame   0x00002054       0x54 c:/program files (x86)/gnu tools arm embedded/4.9 2015q1/bin/../lib/gcc/arm-none-eabi/4.9.3/../../../../arm-none-eabi/lib/armv6-m\libg_nano.a(lib_a-nano-vfprintf_i.o)
 .debug_frame   0x000020a8       0x20 c:/program files (x86)/gnu tools arm embedded/4.9 2015q1/bin/../lib/gcc/arm-none-eabi/4.9.3/../../../../arm-none-eabi/lib/armv6-m\libg_nano.a(lib_a-memchr.o)
 .debug_frame   0x000020c8       0x28 c:/program files (x86)/gnu tools arm embedded/4.9 2015q1/bin/../lib/gcc/arm-none-eabi/4.9.3/../../../../arm-none-eabi/lib/armv6-m\libg_nano.a(lib_a-memmove.o)
 .debug_frame   0x000020f0       0x2c c:/program files (x86)/gnu tools arm embedded/4.9 2015q1/bin/../lib/gcc/arm-none-eabi/4.9.3/../../../../arm-none-eabi/lib/armv6-m\libg_nano.a(lib_a-nano-freer.o)
 .debug_frame   0x0000211c       0x2c c:/program files (x86)/gnu tools arm embedded/4.9 2015q1/bin/../lib/gcc/arm-none-eabi/4.9.3/../../../../arm-none-eabi/lib/armv6-m\libg_nano.a(lib_a-nano-mallocr.o)
 .debug_frame   0x00002148       0x30 c:/program files (x86)/gnu tools arm embedded/4.9 2015q1/bin/../lib/gcc/arm-none-eabi/4.9.3/../../../../arm-none-eabi/lib/armv6-m\libg_nano.a(lib_a-nano-reallocr.o)
 .debug_frame   0x00002178       0x2c c:/program files (x86)/gnu tools arm embedded/4.9 2015q1/bin/../lib/gcc/arm-none-eabi/4.9.3/../../../../arm-none-eabi/lib/armv6-m\libg_nano.a(lib_a-sbrkr.o)
 .debug_frame   0x000021a4       0x20 c:/program files (x86)/gnu tools arm embedded/4.9 2015q1/bin/../lib/gcc/arm-none-eabi/4.9.3/../../../../arm-none-eabi/lib/armv6-m\libg_nano.a(lib_a-nano-msizer.o)

.debug_str      0x00000000    0x37e63
 *(.debug_str)
 .debug_str     0x00000000     0x5bbe ./system/newlib/_exit.o
                               0x5cd9 (size before relaxing)
 .debug_str     0x00005bbe      0x4da ./system/newlib/_sbrk.o
                               0x444b (size before relaxing)
 .debug_str     0x00006098      0xc3b ./system/newlib/_syscalls.o
                               0x5efe (size before relaxing)
 .debug_str     0x00006cd3      0xa42 ./system/newlib/assert.o
                               0x67e5 (size before relaxing)
 .debug_str     0x00007715     0x3053 ./system/Middlewares/Third_Party/FreeRTOS/Source/portable/MemMang/heap_4.o
                               0x85b2 (size before relaxing)
 .debug_str     0x0000a768      0x4f0 ./system/Middlewares/Third_Party/FreeRTOS/Source/portable/GCC/ARM_CM0/port.o
                               0x6480 (size before relaxing)
 .debug_str     0x0000ac58     0x2b63 ./system/Middlewares/Third_Party/FreeRTOS/Source/CMSIS_RTOS/cmsis_os.o
                               0xaf16 (size before relaxing)
 .debug_str     0x0000d7bb      0x144 ./system/Middlewares/Third_Party/FreeRTOS/Source/list.o
                               0x7ea4 (size before relaxing)
 .debug_str     0x0000d8ff      0x69b ./system/Middlewares/Third_Party/FreeRTOS/Source/queue.o
                               0x96c7 (size before relaxing)
 .debug_str     0x0000df9a      0xbe7 ./system/Middlewares/Third_Party/FreeRTOS/Source/tasks.o
                               0x9c25 (size before relaxing)
 .debug_str     0x0000eb81    0x26758 ./system/Drivers/STM32F0xx_HAL_Driver/Src/stm32f0xx_hal.o
                              0x296cd (size before relaxing)
 .debug_str     0x000352d9      0x1d6 ./system/Drivers/STM32F0xx_HAL_Driver/Src/stm32f0xx_hal_cortex.o
                              0x295b1 (size before relaxing)
 .debug_str     0x000354af      0x310 ./system/Drivers/STM32F0xx_HAL_Driver/Src/stm32f0xx_hal_dma.o
                              0x294cf (size before relaxing)
 .debug_str     0x000357bf      0x2d1 ./system/Drivers/STM32F0xx_HAL_Driver/Src/stm32f0xx_hal_gpio.o
                              0x294bf (size before relaxing)
 .debug_str     0x00035a90      0x312 ./system/Drivers/STM32F0xx_HAL_Driver/Src/stm32f0xx_hal_rcc.o
                              0x2959c (size before relaxing)
 .debug_str     0x00035da2      0x1a9 ./system/Drivers/STM32F0xx_HAL_Driver/Src/stm32f0xx_hal_rcc_ex.o
                              0x29520 (size before relaxing)
 .debug_str     0x00035f4b      0x723 ./system/Drivers/STM32F0xx_HAL_Driver/Src/stm32f0xx_hal_uart.o
                              0x29b89 (size before relaxing)
 .debug_str     0x0003666e      0x1da ./system/Drivers/STM32F0xx_HAL_Driver/Src/stm32f0xx_hal_uart_ex.o
                              0x29870 (size before relaxing)
 .debug_str     0x00036848       0xf3 ./system/Drivers/CMSIS/Device/ST/STM32F0xx/Source/Templates/startup_stm32f0xx.o
                               0x24f3 (size before relaxing)
 .debug_str     0x0003693b       0x85 ./system/Drivers/CMSIS/Device/ST/STM32F0xx/Source/Templates/system_stm32f0xx.o
                              0x1afaf (size before relaxing)
 .debug_str     0x000369c0      0xdfc ./src/USARTInTask_task.o
                              0x31d20 (size before relaxing)
 .debug_str     0x000377bc      0x179 ./src/USARTOutTask_task.o
                              0x31a5c (size before relaxing)
 .debug_str     0x00037935      0x12a ./src/bossTask_task.o
                              0x31ceb (size before relaxing)
 .debug_str     0x00037a5f       0xd3 ./src/genericMessaging_lib.o
                              0x30ad9 (size before relaxing)
 .debug_str     0x00037b32      0x135 ./src/hal_lib.o
                              0x31fd9 (size before relaxing)
 .debug_str     0x00037c67      0x111 ./src/main.o
                              0x3179c (size before relaxing)
 .debug_str     0x00037d78       0x1b ./src/stm32f0xx_hal_msp.o
                              0x2990b (size before relaxing)
 .debug_str     0x00037d93       0x77 ./src/stm32f0xx_it.o
                              0x2e80d (size before relaxing)
 .debug_str     0x00037e0a       0x29 ./src/strings_res.o
                              0x29316 (size before relaxing)
 .debug_str     0x00037e33       0x30 ./src/userTasks_task.o
                              0x313d6 (size before relaxing)

.debug_loc      0x00000000     0x6d20
 *(.debug_loc)
 .debug_loc     0x00000000       0x7b ./system/newlib/_sbrk.o
 .debug_loc     0x0000007b       0x63 ./system/newlib/_syscalls.o
 .debug_loc     0x000000de       0xc6 ./system/newlib/assert.o
 .debug_loc     0x000001a4      0x287 ./system/Middlewares/Third_Party/FreeRTOS/Source/portable/MemMang/heap_4.o
 .debug_loc     0x0000042b       0xa6 ./system/Middlewares/Third_Party/FreeRTOS/Source/portable/GCC/ARM_CM0/port.o
 .debug_loc     0x000004d1     0x1048 ./system/Middlewares/Third_Party/FreeRTOS/Source/CMSIS_RTOS/cmsis_os.o
 .debug_loc     0x00001519       0x65 ./system/Middlewares/Third_Party/FreeRTOS/Source/list.o
 .debug_loc     0x0000157e     0x1169 ./system/Middlewares/Third_Party/FreeRTOS/Source/queue.o
 .debug_loc     0x000026e7     0x122d ./system/Middlewares/Third_Party/FreeRTOS/Source/tasks.o
 .debug_loc     0x00003914       0x6a ./system/Drivers/STM32F0xx_HAL_Driver/Src/stm32f0xx_hal.o
 .debug_loc     0x0000397e      0x251 ./system/Drivers/STM32F0xx_HAL_Driver/Src/stm32f0xx_hal_cortex.o
 .debug_loc     0x00003bcf      0x48a ./system/Drivers/STM32F0xx_HAL_Driver/Src/stm32f0xx_hal_dma.o
 .debug_loc     0x00004059      0x411 ./system/Drivers/STM32F0xx_HAL_Driver/Src/stm32f0xx_hal_gpio.o
 .debug_loc     0x0000446a       0xbb ./system/Drivers/STM32F0xx_HAL_Driver/Src/stm32f0xx_hal_rcc.o
 .debug_loc     0x00004525      0x4f8 ./system/Drivers/STM32F0xx_HAL_Driver/Src/stm32f0xx_hal_rcc_ex.o
 .debug_loc     0x00004a1d      0xffa ./system/Drivers/STM32F0xx_HAL_Driver/Src/stm32f0xx_hal_uart.o
 .debug_loc     0x00005a17      0x37a ./system/Drivers/STM32F0xx_HAL_Driver/Src/stm32f0xx_hal_uart_ex.o
 .debug_loc     0x00005d91       0x49 ./system/Drivers/CMSIS/Device/ST/STM32F0xx/Source/Templates/startup_stm32f0xx.o
 .debug_loc     0x00005dda       0xfe ./system/Drivers/CMSIS/Device/ST/STM32F0xx/Source/Templates/system_stm32f0xx.o
 .debug_loc     0x00005ed8      0x123 ./src/USARTInTask_task.o
 .debug_loc     0x00005ffb       0x73 ./src/USARTOutTask_task.o
 .debug_loc     0x0000606e      0x391 ./src/bossTask_task.o
 .debug_loc     0x000063ff      0x338 ./src/genericMessaging_lib.o
 .debug_loc     0x00006737      0x565 ./src/hal_lib.o
 .debug_loc     0x00006c9c       0x84 ./src/stm32f0xx_hal_msp.o

.debug_macinfo
 *(.debug_macinfo)

.debug_weaknames
 *(.debug_weaknames)

.debug_funcnames
 *(.debug_funcnames)

.debug_typenames
 *(.debug_typenames)

.debug_varnames
 *(.debug_varnames)
OUTPUT(eps8266wifi-rtos.elf elf32-littlearm)

.debug_ranges   0x00000000      0xad8
 .debug_ranges  0x00000000       0x18 ./system/newlib/_exit.o
 .debug_ranges  0x00000018       0x10 ./system/newlib/_sbrk.o
 .debug_ranges  0x00000028       0x20 ./system/newlib/_syscalls.o
 .debug_ranges  0x00000048       0x18 ./system/newlib/assert.o
 .debug_ranges  0x00000060       0x40 ./system/Middlewares/Third_Party/FreeRTOS/Source/portable/MemMang/heap_4.o
 .debug_ranges  0x000000a0       0x78 ./system/Middlewares/Third_Party/FreeRTOS/Source/portable/GCC/ARM_CM0/port.o
 .debug_ranges  0x00000118      0x1a0 ./system/Middlewares/Third_Party/FreeRTOS/Source/CMSIS_RTOS/cmsis_os.o
 .debug_ranges  0x000002b8       0x30 ./system/Middlewares/Third_Party/FreeRTOS/Source/list.o
 .debug_ranges  0x000002e8       0xd0 ./system/Middlewares/Third_Party/FreeRTOS/Source/queue.o
 .debug_ranges  0x000003b8      0x188 ./system/Middlewares/Third_Party/FreeRTOS/Source/tasks.o
 .debug_ranges  0x00000540       0x90 ./system/Drivers/STM32F0xx_HAL_Driver/Src/stm32f0xx_hal.o
 .debug_ranges  0x000005d0       0x68 ./system/Drivers/STM32F0xx_HAL_Driver/Src/stm32f0xx_hal_cortex.o
 .debug_ranges  0x00000638       0x58 ./system/Drivers/STM32F0xx_HAL_Driver/Src/stm32f0xx_hal_dma.o
 .debug_ranges  0x00000690       0x48 ./system/Drivers/STM32F0xx_HAL_Driver/Src/stm32f0xx_hal_gpio.o
 .debug_ranges  0x000006d8       0x70 ./system/Drivers/STM32F0xx_HAL_Driver/Src/stm32f0xx_hal_rcc.o
 .debug_ranges  0x00000748       0x30 ./system/Drivers/STM32F0xx_HAL_Driver/Src/stm32f0xx_hal_rcc_ex.o
 .debug_ranges  0x00000778      0x138 ./system/Drivers/STM32F0xx_HAL_Driver/Src/stm32f0xx_hal_uart.o
 .debug_ranges  0x000008b0       0x60 ./system/Drivers/STM32F0xx_HAL_Driver/Src/stm32f0xx_hal_uart_ex.o
 .debug_ranges  0x00000910       0x18 ./system/Drivers/CMSIS/Device/ST/STM32F0xx/Source/Templates/startup_stm32f0xx.o
 .debug_ranges  0x00000928       0x18 ./system/Drivers/CMSIS/Device/ST/STM32F0xx/Source/Templates/system_stm32f0xx.o
 .debug_ranges  0x00000940       0x28 ./src/USARTInTask_task.o
 .debug_ranges  0x00000968       0x18 ./src/USARTOutTask_task.o
 .debug_ranges  0x00000980       0x30 ./src/bossTask_task.o
 .debug_ranges  0x000009b0       0x30 ./src/genericMessaging_lib.o
 .debug_ranges  0x000009e0       0x98 ./src/hal_lib.o
 .debug_ranges  0x00000a78       0x10 ./src/main.o
 .debug_ranges  0x00000a88       0x20 ./src/stm32f0xx_hal_msp.o
 .debug_ranges  0x00000aa8       0x30 ./src/stm32f0xx_it.o

.debug_macro    0x00000000     0xb018
 .debug_macro   0x00000000      0x128 ./system/newlib/_exit.o
 .debug_macro   0x00000128      0x84a ./system/newlib/_exit.o
 .debug_macro   0x00000972       0x9c ./system/newlib/_exit.o
 .debug_macro   0x00000a0e      0x10e ./system/newlib/_exit.o
 .debug_macro   0x00000b1c       0x86 ./system/newlib/_exit.o
 .debug_macro   0x00000ba2       0x43 ./system/newlib/_exit.o
 .debug_macro   0x00000be5      0x27a ./system/newlib/_exit.o
 .debug_macro   0x00000e5f       0x35 ./system/newlib/_exit.o
 .debug_macro   0x00000e94       0xd1 ./system/newlib/_sbrk.o
 .debug_macro   0x00000f65       0x19 ./system/newlib/_sbrk.o
 .debug_macro   0x00000f7e      0x16d ./system/newlib/_sbrk.o
 .debug_macro   0x000010eb       0x10 ./system/newlib/_sbrk.o
 .debug_macro   0x000010fb      0x23b ./system/newlib/_sbrk.o
 .debug_macro   0x00001336      0x17c ./system/newlib/_syscalls.o
 .debug_macro   0x000014b2       0x1c ./system/newlib/_syscalls.o
 .debug_macro   0x000014ce       0x10 ./system/newlib/_syscalls.o
 .debug_macro   0x000014de       0x10 ./system/newlib/_syscalls.o
 .debug_macro   0x000014ee       0x10 ./system/newlib/_syscalls.o
 .debug_macro   0x000014fe       0x35 ./system/newlib/_syscalls.o
 .debug_macro   0x00001533      0x121 ./system/newlib/_syscalls.o
 .debug_macro   0x00001654       0x22 ./system/newlib/_syscalls.o
 .debug_macro   0x00001676       0x2b ./system/newlib/_syscalls.o
 .debug_macro   0x000016a1      0x118 ./system/newlib/_syscalls.o
 .debug_macro   0x000017b9      0x13e ./system/newlib/_syscalls.o
 .debug_macro   0x000018f7       0x16 ./system/newlib/_syscalls.o
 .debug_macro   0x0000190d      0x144 ./system/newlib/assert.o
 .debug_macro   0x00001a51       0x1c ./system/newlib/assert.o
 .debug_macro   0x00001a6d      0x175 ./system/Middlewares/Third_Party/FreeRTOS/Source/portable/MemMang/heap_4.o
 .debug_macro   0x00001be2       0xd7 ./system/Middlewares/Third_Party/FreeRTOS/Source/portable/MemMang/heap_4.o