Archive member included because of file (symbol)

c:/program files (x86)/gnu tools arm embedded/4.9 2015q2/bin/../lib/gcc/arm-none-eabi/4.9.3/armv6-m\libgcc.a(_udivsi3.o)
                              ./system/Middlewares/Third_Party/FreeRTOS/Source/portable/GCC/ARM_CM0/port.o (__aeabi_uidiv)
c:/program files (x86)/gnu tools arm embedded/4.9 2015q2/bin/../lib/gcc/arm-none-eabi/4.9.3/armv6-m\libgcc.a(_dvmd_tls.o)
                              c:/program files (x86)/gnu tools arm embedded/4.9 2015q2/bin/../lib/gcc/arm-none-eabi/4.9.3/armv6-m\libgcc.a(_udivsi3.o) (__aeabi_idiv0)
c:/program files (x86)/gnu tools arm embedded/4.9 2015q2/bin/../lib/gcc/arm-none-eabi/4.9.3/../../../../arm-none-eabi/lib/armv6-m\libg_nano.a(lib_a-errno.o)
                              ./system/newlib/_sbrk.o (__errno)
c:/program files (x86)/gnu tools arm embedded/4.9 2015q2/bin/../lib/gcc/arm-none-eabi/4.9.3/../../../../arm-none-eabi/lib/armv6-m\libg_nano.a(lib_a-exit.o)
                              c:/program files (x86)/gnu tools arm embedded/4.9 2015q2/bin/../lib/gcc/arm-none-eabi/4.9.3/../../../../arm-none-eabi/lib/armv6-m/crt0.o (exit)
c:/program files (x86)/gnu tools arm embedded/4.9 2015q2/bin/../lib/gcc/arm-none-eabi/4.9.3/../../../../arm-none-eabi/lib/armv6-m\libg_nano.a(lib_a-impure.o)
                              c:/program files (x86)/gnu tools arm embedded/4.9 2015q2/bin/../lib/gcc/arm-none-eabi/4.9.3/../../../../arm-none-eabi/lib/armv6-m\libg_nano.a(lib_a-exit.o) (_global_impure_ptr)
c:/program files (x86)/gnu tools arm embedded/4.9 2015q2/bin/../lib/gcc/arm-none-eabi/4.9.3/../../../../arm-none-eabi/lib/armv6-m\libg_nano.a(lib_a-init.o)
                              c:/program files (x86)/gnu tools arm embedded/4.9 2015q2/bin/../lib/gcc/arm-none-eabi/4.9.3/../../../../arm-none-eabi/lib/armv6-m/crt0.o (__libc_init_array)
c:/program files (x86)/gnu tools arm embedded/4.9 2015q2/bin/../lib/gcc/arm-none-eabi/4.9.3/../../../../arm-none-eabi/lib/armv6-m\libg_nano.a(lib_a-memcpy.o)
                              ./system/Middlewares/Third_Party/FreeRTOS/Source/queue.o (memcpy)
c:/program files (x86)/gnu tools arm embedded/4.9 2015q2/bin/../lib/gcc/arm-none-eabi/4.9.3/../../../../arm-none-eabi/lib/armv6-m\libg_nano.a(lib_a-memset.o)
                              c:/program files (x86)/gnu tools arm embedded/4.9 2015q2/bin/../lib/gcc/arm-none-eabi/4.9.3/../../../../arm-none-eabi/lib/armv6-m/crt0.o (memset)
c:/program files (x86)/gnu tools arm embedded/4.9 2015q2/bin/../lib/gcc/arm-none-eabi/4.9.3/../../../../arm-none-eabi/lib/armv6-m\libg_nano.a(lib_a-sprintf.o)
                              ./src/USARTOutTask_task.o (sprintf)
c:/program files (x86)/gnu tools arm embedded/4.9 2015q2/bin/../lib/gcc/arm-none-eabi/4.9.3/../../../../arm-none-eabi/lib/armv6-m\libg_nano.a(lib_a-strlen.o)
                              ./src/USARTInTask_task.o (strlen)
c:/program files (x86)/gnu tools arm embedded/4.9 2015q2/bin/../lib/gcc/arm-none-eabi/4.9.3/../../../../arm-none-eabi/lib/armv6-m\libg_nano.a(lib_a-strncmp.o)
                              ./src/USARTInTask_task.o (strncmp)
c:/program files (x86)/gnu tools arm embedded/4.9 2015q2/bin/../lib/gcc/arm-none-eabi/4.9.3/../../../../arm-none-eabi/lib/armv6-m\libg_nano.a(lib_a-nano-svfprintf.o)
                              c:/program files (x86)/gnu tools arm embedded/4.9 2015q2/bin/../lib/gcc/arm-none-eabi/4.9.3/../../../../arm-none-eabi/lib/armv6-m\libg_nano.a(lib_a-sprintf.o) (_svfprintf_r)
c:/program files (x86)/gnu tools arm embedded/4.9 2015q2/bin/../lib/gcc/arm-none-eabi/4.9.3/../../../../arm-none-eabi/lib/armv6-m\libg_nano.a(lib_a-nano-vfprintf_i.o)
                              c:/program files (x86)/gnu tools arm embedded/4.9 2015q2/bin/../lib/gcc/arm-none-eabi/4.9.3/../../../../arm-none-eabi/lib/armv6-m\libg_nano.a(lib_a-nano-svfprintf.o) (_printf_i)
c:/program files (x86)/gnu tools arm embedded/4.9 2015q2/bin/../lib/gcc/arm-none-eabi/4.9.3/../../../../arm-none-eabi/lib/armv6-m\libg_nano.a(lib_a-memchr.o)
                              c:/program files (x86)/gnu tools arm embedded/4.9 2015q2/bin/../lib/gcc/arm-none-eabi/4.9.3/../../../../arm-none-eabi/lib/armv6-m\libg_nano.a(lib_a-nano-svfprintf.o) (memchr)
c:/program files (x86)/gnu tools arm embedded/4.9 2015q2/bin/../lib/gcc/arm-none-eabi/4.9.3/../../../../arm-none-eabi/lib/armv6-m\libg_nano.a(lib_a-memmove.o)
                              c:/program files (x86)/gnu tools arm embedded/4.9 2015q2/bin/../lib/gcc/arm-none-eabi/4.9.3/../../../../arm-none-eabi/lib/armv6-m\libg_nano.a(lib_a-nano-svfprintf.o) (memmove)
c:/program files (x86)/gnu tools arm embedded/4.9 2015q2/bin/../lib/gcc/arm-none-eabi/4.9.3/../../../../arm-none-eabi/lib/armv6-m\libg_nano.a(lib_a-nano-freer.o)
                              c:/program files (x86)/gnu tools arm embedded/4.9 2015q2/bin/../lib/gcc/arm-none-eabi/4.9.3/../../../../arm-none-eabi/lib/armv6-m\libg_nano.a(lib_a-nano-svfprintf.o) (_free_r)
[...]
Memory Configuration

Name             Origin             Length             Attributes
RAM              0x20000000         0x00002000         xrw
CCMRAM           0x00000000         0x00000000         xrw
FLASH            0x08000000         0x00010000         xr
FLASHB1          0x00000000         0x00000000         xr
EXTMEMB0         0x00000000         0x00000000         xr
EXTMEMB1         0x00000000         0x00000000         xr
EXTMEMB2         0x00000000         0x00000000         xr
EXTMEMB3         0x00000000         0x00000000         xr
MEMORY_ARRAY     0x00000000         0x00000000         xrw
*default*        0x00000000         0xffffffff

Linker script and memory map

LOAD c:/program files (x86)/gnu tools arm embedded/4.9 2015q2/bin/../lib/gcc/arm-none-eabi/4.9.3/armv6-m/crti.o
LOAD c:/program files (x86)/gnu tools arm embedded/4.9 2015q2/bin/../lib/gcc/arm-none-eabi/4.9.3/armv6-m/crtbegin.o
LOAD c:/program files (x86)/gnu tools arm embedded/4.9 2015q2/bin/../lib/gcc/arm-none-eabi/4.9.3/../../../../arm-none-eabi/lib/armv6-m/crt0.o
LOAD ./system/newlib/_cxx.o
LOAD ./system/newlib/_exit.o
LOAD ./system/newlib/_sbrk.o
LOAD ./system/newlib/_startup.o
LOAD ./system/newlib/_syscalls.o
LOAD ./system/newlib/assert.o
LOAD ./system/diag/Trace.o
LOAD ./system/diag/trace_impl.o
LOAD ./system/Middlewares/Third_Party/FreeRTOS/Source/portable/MemMang/heap_4.o
LOAD ./system/Middlewares/Third_Party/FreeRTOS/Source/portable/GCC/ARM_CM0/port.o
LOAD ./system/Middlewares/Third_Party/FreeRTOS/Source/CMSIS_RTOS/cmsis_os.o
LOAD ./system/Middlewares/Third_Party/FreeRTOS/Source/croutine.o
LOAD ./system/Middlewares/Third_Party/FreeRTOS/Source/event_groups.o
LOAD ./system/Middlewares/Third_Party/FreeRTOS/Source/list.o
LOAD ./system/Middlewares/Third_Party/FreeRTOS/Source/queue.o
LOAD ./system/Middlewares/Third_Party/FreeRTOS/Source/tasks.o
LOAD ./system/Middlewares/Third_Party/FreeRTOS/Source/timers.o
LOAD ./system/Drivers/STM32F0xx_HAL_Driver/Src/stm32f0xx_hal.o
LOAD ./system/Drivers/STM32F0xx_HAL_Driver/Src/stm32f0xx_hal_cortex.o
LOAD ./system/Drivers/STM32F0xx_HAL_Driver/Src/stm32f0xx_hal_dma.o
LOAD ./system/Drivers/STM32F0xx_HAL_Driver/Src/stm32f0xx_hal_flash.o
LOAD ./system/Drivers/STM32F0xx_HAL_Driver/Src/stm32f0xx_hal_flash_ex.o
LOAD ./system/Drivers/STM32F0xx_HAL_Driver/Src/stm32f0xx_hal_gpio.o
LOAD ./system/Drivers/STM32F0xx_HAL_Driver/Src/stm32f0xx_hal_pwr.o
LOAD ./system/Drivers/STM32F0xx_HAL_Driver/Src/stm32f0xx_hal_pwr_ex.o
LOAD ./system/Drivers/STM32F0xx_HAL_Driver/Src/stm32f0xx_hal_rcc.o
LOAD ./system/Drivers/STM32F0xx_HAL_Driver/Src/stm32f0xx_hal_rcc_ex.o
LOAD ./system/Drivers/STM32F0xx_HAL_Driver/Src/stm32f0xx_hal_uart.o
LOAD ./system/Drivers/STM32F0xx_HAL_Driver/Src/stm32f0xx_hal_uart_ex.o
LOAD ./system/Drivers/CMSIS/Device/ST/STM32F0xx/Source/Templates/startup_stm32f0xx.o
LOAD ./system/Drivers/CMSIS/Device/ST/STM32F0xx/Source/Templates/system_stm32f0xx.o
LOAD ./src/USARTInTask_task.o
LOAD ./src/USARTOutTask_task.o
LOAD ./src/bossTask_task.o
LOAD ./src/freertos.o
LOAD ./src/genericMessaging_lib.o
LOAD ./src/hal_lib.o
LOAD ./src/main.o
LOAD ./src/stm32f0xx_hal_msp.o
LOAD ./src/stm32f0xx_it.o
LOAD ./src/strings_res.o
LOAD ./src/userTasks_task.o
LOAD c:/program files (x86)/gnu tools arm embedded/4.9 2015q2/bin/../lib/gcc/arm-none-eabi/4.9.3/../../../../arm-none-eabi/lib/armv6-m\libstdc++_nano.a
LOAD c:/program files (x86)/gnu tools arm embedded/4.9 2015q2/bin/../lib/gcc/arm-none-eabi/4.9.3/../../../../arm-none-eabi/lib/armv6-m\libm.a
START GROUP
LOAD c:/program files (x86)/gnu tools arm embedded/4.9 2015q2/bin/../lib/gcc/arm-none-eabi/4.9.3/armv6-m\libgcc.a
LOAD c:/program files (x86)/gnu tools arm embedded/4.9 2015q2/bin/../lib/gcc/arm-none-eabi/4.9.3/../../../../arm-none-eabi/lib/armv6-m\libg_nano.a
LOAD c:/program files (x86)/gnu tools arm embedded/4.9 2015q2/bin/../lib/gcc/arm-none-eabi/4.9.3/../../../../arm-none-eabi/lib/armv6-m\libc_nano.a
END GROUP
START GROUP
LOAD c:/program files (x86)/gnu tools arm embedded/4.9 2015q2/bin/../lib/gcc/arm-none-eabi/4.9.3/armv6-m\libgcc.a
LOAD c:/program files (x86)/gnu tools arm embedded/4.9 2015q2/bin/../lib/gcc/arm-none-eabi/4.9.3/../../../../arm-none-eabi/lib/armv6-m\libc_nano.a
END GROUP
LOAD c:/program files (x86)/gnu tools arm embedded/4.9 2015q2/bin/../lib/gcc/arm-none-eabi/4.9.3/armv6-m/crtend.o
LOAD c:/program files (x86)/gnu tools arm embedded/4.9 2015q2/bin/../lib/gcc/arm-none-eabi/4.9.3/armv6-m/crtn.o
                0x20002000                __stack = (ORIGIN (RAM) + 0x2000)
                0x20002000                _estack = __stack
                0x00000400                __Main_Stack_Size = 0x400
                0x00000400                PROVIDE (_Main_Stack_Size, __Main_Stack_Size)
                0x20001c00                __Main_Stack_Limit = (__stack - __Main_Stack_Size)
                0x20001c00                PROVIDE (_Main_Stack_Limit, __Main_Stack_Limit)
                0x00000100                _Minimum_Stack_Size = 0x100
                0x20001764                PROVIDE (_Heap_Begin, _end_noinit)
                0x20001c00                PROVIDE (_Heap_Limit, (__stack - __Main_Stack_Size))

.isr_vector     0x08000000       0xc4
                0x08000000                . = ALIGN (0x4)
 *(.isr_vector)
 .isr_vector    0x08000000       0xc4 ./system/Drivers/CMSIS/Device/ST/STM32F0xx/Source/Templates/startup_stm32f0xx.o
                0x08000000                g_pfnVectors
 *(.cfmconfig)
 *(.after_vectors .after_vectors.*)
                0x080000c4                . = ALIGN (0x4)

.inits          0x080000c4       0x20
                0x080000c4                . = ALIGN (0x4)
 *(.init)
 .init          0x080000c4        0x4 c:/program files (x86)/gnu tools arm embedded/4.9 2015q2/bin/../lib/gcc/arm-none-eabi/4.9.3/armv6-m/crti.o
                0x080000c4                _init
 .init          0x080000c8        0x8 c:/program files (x86)/gnu tools arm embedded/4.9 2015q2/bin/../lib/gcc/arm-none-eabi/4.9.3/armv6-m/crtn.o
 *(.fini)
 .fini          0x080000d0        0x4 c:/program files (x86)/gnu tools arm embedded/4.9 2015q2/bin/../lib/gcc/arm-none-eabi/4.9.3/armv6-m/crti.o
                0x080000d0                _fini
 .fini          0x080000d4        0x8 c:/program files (x86)/gnu tools arm embedded/4.9 2015q2/bin/../lib/gcc/arm-none-eabi/4.9.3/armv6-m/crtn.o
                0x080000dc                . = ALIGN (0x4)
                0x080000dc                PROVIDE (__preinit_array_start, .)
 *(.preinit_array_sysinit .preinit_array_sysinit.*)
 *(.preinit_array_platform .preinit_array_platform.*)
 *(.preinit_array .preinit_array.*)
                0x080000dc                PROVIDE (__preinit_array_end, .)
                0x080000dc                . = ALIGN (0x4)
                0x080000dc                PROVIDE (__init_array_start, .)
 *(SORT(.init_array.*))
 *(.init_array)
 .init_array    0x080000dc        0x4 c:/program files (x86)/gnu tools arm embedded/4.9 2015q2/bin/../lib/gcc/arm-none-eabi/4.9.3/armv6-m/crtbegin.o
                0x080000e0                PROVIDE (__init_array_end, .)
                0x080000e0                . = ALIGN (0x4)
                0x080000e0                PROVIDE (__fini_array_start, .)
 *(SORT(.fini_array.*))
 *(.fini_array)
 .fini_array    0x080000e0        0x4 c:/program files (x86)/gnu tools arm embedded/4.9 2015q2/bin/../lib/gcc/arm-none-eabi/4.9.3/armv6-m/crtbegin.o
                0x080000e4                PROVIDE (__fini_array_end, .)
                0x080000e4                . = ALIGN (0x4)

.flashtext      0x080000e4        0x0
                0x080000e4                . = ALIGN (0x4)
 *(.flashtext .flashtext.*)
                0x080000e4                . = ALIGN (0x4)

.text           0x080000e4     0x43ec
                0x080000e4                . = ALIGN (0x4)
 *(.text .text.*)
 .text          0x080000e4       0x60 c:/program files (x86)/gnu tools arm embedded/4.9 2015q2/bin/../lib/gcc/arm-none-eabi/4.9.3/armv6-m/crtbegin.o
 .text          0x08000144       0x78 c:/program files (x86)/gnu tools arm embedded/4.9 2015q2/bin/../lib/gcc/arm-none-eabi/4.9.3/../../../../arm-none-eabi/lib/armv6-m/crt0.o
                0x08000144                _start
                0x08000144                _mainCRTStartup
 .text._exit    0x080001bc        0x4 ./system/newlib/_exit.o
                0x080001bc                _exit
 .text._sbrk    0x080001c0       0x44 ./system/newlib/_sbrk.o
                0x080001c0                _sbrk
 .text.prvHeapInit
                0x08000204       0x68 ./system/Middlewares/Third_Party/FreeRTOS/Source/portable/MemMang/heap_4.o
 .text.prvInsertBlockIntoFreeList
                0x0800026c       0x54 ./system/Middlewares/Third_Party/FreeRTOS/Source/portable/MemMang/heap_4.o
 .text.pvPortMalloc
                0x080002c0       0xd0 ./system/Middlewares/Third_Party/FreeRTOS/Source/portable/MemMang/heap_4.o
                0x080002c0                pvPortMalloc
 .text.vPortFree
                0x08000390       0x5c ./system/Middlewares/Third_Party/FreeRTOS/Source/portable/MemMang/heap_4.o
                0x08000390                vPortFree
 .text.prvTaskExitError
                0x080003ec       0x14 ./system/Middlewares/Third_Party/FreeRTOS/Source/portable/GCC/ARM_CM0/port.o
 .text.vPortStartFirstTask
                0x08000400       0x20 ./system/Middlewares/Third_Party/FreeRTOS/Source/portable/GCC/ARM_CM0/port.o
 .text.prvSetupTimerInterrupt
                0x08000420       0x28 ./system/Middlewares/Third_Party/FreeRTOS/Source/portable/GCC/ARM_CM0/port.o
 .text.pxPortInitialiseStack
                0x08000448       0x20 ./system/Middlewares/Third_Party/FreeRTOS/Source/portable/GCC/ARM_CM0/port.o
                0x08000448                pxPortInitialiseStack
 .text.SVC_Handler
                0x08000468        0x4 ./system/Middlewares/Third_Party/FreeRTOS/Source/portable/GCC/ARM_CM0/port.o
                0x08000468                SVC_Handler
 .text.xPortStartScheduler
                0x0800046c       0x34 ./system/Middlewares/Third_Party/FreeRTOS/Source/portable/GCC/ARM_CM0/port.o
                0x0800046c                xPortStartScheduler
 .text.vPortYield
                0x080004a0       0x18 ./system/Middlewares/Third_Party/FreeRTOS/Source/portable/GCC/ARM_CM0/port.o
                0x080004a0                vPortYield
 .text.vPortEnterCritical
                0x080004b8       0x18 ./system/Middlewares/Third_Party/FreeRTOS/Source/portable/GCC/ARM_CM0/port.o
                0x080004b8                vPortEnterCritical
 .text.vPortExitCritical
                0x080004d0       0x20 ./system/Middlewares/Third_Party/FreeRTOS/Source/portable/GCC/ARM_CM0/port.o
                0x080004d0                vPortExitCritical
 .text.ulSetInterruptMaskFromISR
                0x080004f0        0xc ./system/Middlewares/Third_Party/FreeRTOS/Source/portable/GCC/ARM_CM0/port.o
                0x080004f0                ulSetInterruptMaskFromISR
 .text.vClearInterruptMaskFromISR
                0x080004fc        0x8 ./system/Middlewares/Third_Party/FreeRTOS/Source/portable/GCC/ARM_CM0/port.o
                0x080004fc                vClearInterruptMaskFromISR
 .text.PendSV_Handler
                0x08000504       0x44 ./system/Middlewares/Third_Party/FreeRTOS/Source/portable/GCC/ARM_CM0/port.o
                0x08000504                PendSV_Handler
 .text.xPortSysTickHandler
                0x08000548       0x24 ./system/Middlewares/Third_Party/FreeRTOS/Source/portable/GCC/ARM_CM0/port.o
                0x08000548                xPortSysTickHandler
 .text.makeFreeRtosPriority
                0x0800056c        0xc ./system/Middlewares/Third_Party/FreeRTOS/Source/CMSIS_RTOS/cmsis_os.o
 .text.inHandlerMode
                0x08000578        0xc ./system/Middlewares/Third_Party/FreeRTOS/Source/CMSIS_RTOS/cmsis_os.o
 .text.osKernelStart
                0x08000584        0xc ./system/Middlewares/Third_Party/FreeRTOS/Source/CMSIS_RTOS/cmsis_os.o
                0x08000584                osKernelStart
 .text.osThreadCreate
                0x08000590       0x3c ./system/Middlewares/Third_Party/FreeRTOS/Source/CMSIS_RTOS/cmsis_os.o
                0x08000590                osThreadCreate
 .text.osDelay  0x080005cc       0x10 ./system/Middlewares/Third_Party/FreeRTOS/Source/CMSIS_RTOS/cmsis_os.o
                0x080005cc                osDelay
 .text.osPoolCreate
                0x080005dc       0x70 ./system/Middlewares/Third_Party/FreeRTOS/Source/CMSIS_RTOS/cmsis_os.o
                0x080005dc                osPoolCreate
 .text.osPoolAlloc
                0x0800064c       0x68 ./system/Middlewares/Third_Party/FreeRTOS/Source/CMSIS_RTOS/cmsis_os.o
                0x0800064c                osPoolAlloc
 .text.osPoolFree
                0x080006b4       0x50 ./system/Middlewares/Third_Party/FreeRTOS/Source/CMSIS_RTOS/cmsis_os.o
                0x080006b4                osPoolFree
 .text.osMessageCreate
                0x08000704       0x10 ./system/Middlewares/Third_Party/FreeRTOS/Source/CMSIS_RTOS/cmsis_os.o
                0x08000704                osMessageCreate
 .text.osMessagePut
                0x08000714       0x64 ./system/Middlewares/Third_Party/FreeRTOS/Source/CMSIS_RTOS/cmsis_os.o
                0x08000714                osMessagePut
 .text.osMessageGet
                0x08000778       0x98 ./system/Middlewares/Third_Party/FreeRTOS/Source/CMSIS_RTOS/cmsis_os.o
                0x08000778                osMessageGet
 .text.osSystickHandler
                0x08000810       0x10 ./system/Middlewares/Third_Party/FreeRTOS/Source/CMSIS_RTOS/cmsis_os.o
                0x08000810                osSystickHandler
 .text.vListInitialise
                0x08000820       0x18 ./system/Middlewares/Third_Party/FreeRTOS/Source/list.o
                0x08000820                vListInitialise
 .text.vListInitialiseItem
                0x08000838        0x8 ./system/Middlewares/Third_Party/FreeRTOS/Source/list.o
                0x08000838                vListInitialiseItem
 .text.vListInsertEnd
                0x08000840       0x18 ./system/Middlewares/Third_Party/FreeRTOS/Source/list.o
                0x08000840                vListInsertEnd
 .text.vListInsert
                0x08000858       0x30 ./system/Middlewares/Third_Party/FreeRTOS/Source/list.o
                0x08000858                vListInsert
 .text.uxListRemove
                0x08000888       0x24 ./system/Middlewares/Third_Party/FreeRTOS/Source/list.o
                0x08000888                uxListRemove
 .text.prvIsQueueFull
                0x080008ac       0x20 ./system/Middlewares/Third_Party/FreeRTOS/Source/queue.o
 .text.prvIsQueueEmpty
                0x080008cc       0x1c ./system/Middlewares/Third_Party/FreeRTOS/Source/queue.o
 .text.prvCopyDataToQueue
                0x080008e8       0x88 ./system/Middlewares/Third_Party/FreeRTOS/Source/queue.o
 .text.prvCopyDataFromQueue
                0x08000970       0x24 ./system/Middlewares/Third_Party/FreeRTOS/Source/queue.o
 .text.prvUnlockQueue
                0x08000994       0x6c ./system/Middlewares/Third_Party/FreeRTOS/Source/queue.o
 .text.xQueueGenericReset
                0x08000a00       0x6c ./system/Middlewares/Third_Party/FreeRTOS/Source/queue.o
                0x08000a00                xQueueGenericReset
 .text.xQueueGenericCreate
                0x08000a6c       0x50 ./system/Middlewares/Third_Party/FreeRTOS/Source/queue.o
                0x08000a6c                xQueueGenericCreate
 .text.xQueueGenericSend
                0x08000abc      0x13c ./system/Middlewares/Third_Party/FreeRTOS/Source/queue.o
                0x08000abc                xQueueGenericSend
 .text.xQueueGenericSendFromISR
                0x08000bf8       0xb0 ./system/Middlewares/Third_Party/FreeRTOS/Source/queue.o
                0x08000bf8                xQueueGenericSendFromISR
 .text.xQueueGenericReceive
                0x08000ca8      0x158 ./system/Middlewares/Third_Party/FreeRTOS/Source/queue.o
                0x08000ca8                xQueueGenericReceive
 .text.xQueueReceiveFromISR
                0x08000e00       0x8c ./system/Middlewares/Third_Party/FreeRTOS/Source/queue.o
                0x08000e00                xQueueReceiveFromISR
 .text.prvResetNextTaskUnblockTime
                0x08000e8c       0x38 ./system/Middlewares/Third_Party/FreeRTOS/Source/tasks.o
 .text.prvAllocateTCBAndStack
                0x08000ec4       0x34 ./system/Middlewares/Third_Party/FreeRTOS/Source/tasks.o
 .text.prvDeleteTCB
                0x08000ef8       0x14 ./system/Middlewares/Third_Party/FreeRTOS/Source/tasks.o
 .text.prvInitialiseTCBVariables
                0x08000f0c       0x54 ./system/Middlewares/Third_Party/FreeRTOS/Source/tasks.o
 .text.prvInitialiseTaskLists
                0x08000f60       0x64 ./system/Middlewares/Third_Party/FreeRTOS/Source/tasks.o
 .text.prvAddCurrentTaskToDelayedList
                0x08000fc4       0x54 ./system/Middlewares/Third_Party/FreeRTOS/Source/tasks.o
 .text.xTaskGenericCreate
                0x08001018      0x104 ./system/Middlewares/Third_Party/FreeRTOS/Source/tasks.o
                0x08001018                xTaskGenericCreate
 .text.vTaskStartScheduler
                0x0800111c       0x4c ./system/Middlewares/Third_Party/FreeRTOS/Source/tasks.o
                0x0800111c                vTaskStartScheduler
 .text.vTaskSuspendAll
                0x08001168       0x10 ./system/Middlewares/Third_Party/FreeRTOS/Source/tasks.o
                0x08001168                vTaskSuspendAll
 .text.xTaskIncrementTick
                0x08001178      0x124 ./system/Middlewares/Third_Party/FreeRTOS/Source/tasks.o
                0x08001178                xTaskIncrementTick
 .text.xTaskResumeAll
                0x0800129c       0xe0 ./system/Middlewares/Third_Party/FreeRTOS/Source/tasks.o
                0x0800129c                xTaskResumeAll
 .text.vTaskDelay
                0x0800137c       0x4c ./system/Middlewares/Third_Party/FreeRTOS/Source/tasks.o
                0x0800137c                vTaskDelay
 .text.prvCheckTasksWaitingTermination
                0x080013c8       0x54 ./system/Middlewares/Third_Party/FreeRTOS/Source/tasks.o
 .text.prvIdleTask
                0x0800141c       0x18 ./system/Middlewares/Third_Party/FreeRTOS/Source/tasks.o
 .text.vTaskSwitchContext
                0x08001434       0x94 ./system/Middlewares/Third_Party/FreeRTOS/Source/tasks.o
                0x08001434                vTaskSwitchContext
 .text.vTaskPlaceOnEventList
                0x080014c8       0x48 ./system/Middlewares/Third_Party/FreeRTOS/Source/tasks.o
                0x080014c8                vTaskPlaceOnEventList
 .text.xTaskRemoveFromEventList
                0x08001510       0x84 ./system/Middlewares/Third_Party/FreeRTOS/Source/tasks.o
                0x08001510                xTaskRemoveFromEventList
 .text.vTaskSetTimeOutState
                0x08001594       0x20 ./system/Middlewares/Third_Party/FreeRTOS/Source/tasks.o
                0x08001594                vTaskSetTimeOutState
 .text.xTaskCheckForTimeOut
                0x080015b4       0x68 ./system/Middlewares/Third_Party/FreeRTOS/Source/tasks.o
                0x080015b4                xTaskCheckForTimeOut
 .text.vTaskMissedYield
                0x0800161c        0xc ./system/Middlewares/Third_Party/FreeRTOS/Source/tasks.o
                0x0800161c                vTaskMissedYield
 .text.xTaskGetSchedulerState
                0x08001628       0x24 ./system/Middlewares/Third_Party/FreeRTOS/Source/tasks.o
                0x08001628                xTaskGetSchedulerState
 .text.vTaskPriorityInherit
                0x0800164c       0x88 ./system/Middlewares/Third_Party/FreeRTOS/Source/tasks.o
                0x0800164c                vTaskPriorityInherit
 .text.xTaskPriorityDisinherit
                0x080016d4       0x78 ./system/Middlewares/Third_Party/FreeRTOS/Source/tasks.o
                0x080016d4                xTaskPriorityDisinherit
 .text.pvTaskIncrementMutexHeldCount
                0x0800174c       0x1c ./system/Middlewares/Third_Party/FreeRTOS/Source/tasks.o
                0x0800174c                pvTaskIncrementMutexHeldCount
 .text.HAL_InitTick
                0x08001768       0x24 ./system/Drivers/STM32F0xx_HAL_Driver/Src/stm32f0xx_hal.o
                0x08001768                HAL_InitTick
 .text.HAL_Init
                0x0800178c       0x20 ./system/Drivers/STM32F0xx_HAL_Driver/Src/stm32f0xx_hal.o
                0x0800178c                HAL_Init
 .text.HAL_IncTick
                0x080017ac       0x10 ./system/Drivers/STM32F0xx_HAL_Driver/Src/stm32f0xx_hal.o
                0x080017ac                HAL_IncTick
 .text.HAL_GetTick
                0x080017bc        0xc ./system/Drivers/STM32F0xx_HAL_Driver/Src/stm32f0xx_hal.o
                0x080017bc                HAL_GetTick
 .text.HAL_NVIC_SetPriority
                0x080017c8       0x64 ./system/Drivers/STM32F0xx_HAL_Driver/Src/stm32f0xx_hal_cortex.o
                0x080017c8                HAL_NVIC_SetPriority
 .text.HAL_NVIC_EnableIRQ
                0x0800182c       0x14 ./system/Drivers/STM32F0xx_HAL_Driver/Src/stm32f0xx_hal_cortex.o
                0x0800182c                HAL_NVIC_EnableIRQ
 .text.HAL_SYSTICK_Config
                0x08001840       0x38 ./system/Drivers/STM32F0xx_HAL_Driver/Src/stm32f0xx_hal_cortex.o
                0x08001840                HAL_SYSTICK_Config
 .text.HAL_SYSTICK_CLKSourceConfig
                0x08001878       0x20 ./system/Drivers/STM32F0xx_HAL_Driver/Src/stm32f0xx_hal_cortex.o
                0x08001878                HAL_SYSTICK_CLKSourceConfig
 .text.HAL_DMA_Init
                0x08001898       0x48 ./system/Drivers/STM32F0xx_HAL_Driver/Src/stm32f0xx_hal_dma.o
                0x08001898                HAL_DMA_Init
 .text.HAL_DMA_IRQHandler
                0x080018e0      0x1e8 ./system/Drivers/STM32F0xx_HAL_Driver/Src/stm32f0xx_hal_dma.o
                0x080018e0                HAL_DMA_IRQHandler
 .text.HAL_GPIO_Init
                0x08001ac8      0x188 ./system/Drivers/STM32F0xx_HAL_Driver/Src/stm32f0xx_hal_gpio.o
                0x08001ac8                HAL_GPIO_Init
 .text.HAL_GPIO_WritePin
                0x08001c50       0x10 ./system/Drivers/STM32F0xx_HAL_Driver/Src/stm32f0xx_hal_gpio.o
                0x08001c50                HAL_GPIO_WritePin
 .text.HAL_RCC_GetHCLKFreq
                0x08001c60       0x28 ./system/Drivers/STM32F0xx_HAL_Driver/Src/stm32f0xx_hal_rcc.o
                0x08001c60                HAL_RCC_GetHCLKFreq
 .text.HAL_RCC_GetPCLK1Freq
                0x08001c88       0x20 ./system/Drivers/STM32F0xx_HAL_Driver/Src/stm32f0xx_hal_rcc.o
                0x08001c88                HAL_RCC_GetPCLK1Freq
 .text.HAL_RCC_OscConfig
                0x08001ca8      0x410 ./system/Drivers/STM32F0xx_HAL_Driver/Src/stm32f0xx_hal_rcc_ex.o
                0x08001ca8                HAL_RCC_OscConfig
 .text.HAL_RCC_ClockConfig
                0x080020b8      0x200 ./system/Drivers/STM32F0xx_HAL_Driver/Src/stm32f0xx_hal_rcc_ex.o
                0x080020b8                HAL_RCC_ClockConfig
 .text.HAL_RCC_GetSysClockFreq
                0x080022b8       0x50 ./system/Drivers/STM32F0xx_HAL_Driver/Src/stm32f0xx_hal_rcc_ex.o
                0x080022b8                HAL_RCC_GetSysClockFreq
 .text.HAL_RCCEx_PeriphCLKConfig
                0x08002308       0xfc ./system/Drivers/STM32F0xx_HAL_Driver/Src/stm32f0xx_hal_rcc_ex.o
                0x08002308                HAL_RCCEx_PeriphCLKConfig
 .text.UART_Transmit_IT
                0x08002404       0x70 ./system/Drivers/STM32F0xx_HAL_Driver/Src/stm32f0xx_hal_uart.o
                0x08002404                UART_Transmit_IT
 .text.UART_WaitOnFlagUntilTimeout
                0x08002474       0xd4 ./system/Drivers/STM32F0xx_HAL_Driver/Src/stm32f0xx_hal_uart.o
                0x08002474                UART_WaitOnFlagUntilTimeout
 .text.UART_CheckIdleState
                0x08002548       0x58 ./system/Drivers/STM32F0xx_HAL_Driver/Src/stm32f0xx_hal_uart.o
                0x08002548                UART_CheckIdleState
 .text.UART_SetConfig
                0x080025a0      0x180 ./system/Drivers/STM32F0xx_HAL_Driver/Src/stm32f0xx_hal_uart.o
                0x080025a0                UART_SetConfig
 .text.UART_AdvFeatureConfig
                0x08002720       0xe0 ./system/Drivers/STM32F0xx_HAL_Driver/Src/stm32f0xx_hal_uart.o
                0x08002720                UART_AdvFeatureConfig
 .text.HAL_UART_Init
                0x08002800       0x68 ./system/Drivers/STM32F0xx_HAL_Driver/Src/stm32f0xx_hal_uart.o
                0x08002800                HAL_UART_Init
 .text.HAL_UART_WakeupCallback
                0x08002868        0x4 ./system/Drivers/STM32F0xx_HAL_Driver/Src/stm32f0xx_hal_uart_ex.o
                0x08002868                HAL_UART_WakeupCallback
 .text.Default_Handler
                0x0800286c        0x4 ./system/Drivers/CMSIS/Device/ST/STM32F0xx/Source/Templates/startup_stm32f0xx.o
                0x0800286c                TIM1_CC_IRQHandler
                0x0800286c                HardFault_Handler
                0x0800286c                ADC1_COMP_IRQHandler
                0x0800286c                PVD_IRQHandler
                0x0800286c                NMI_Handler
                0x0800286c                I2C1_IRQHandler
                0x0800286c                SPI1_IRQHandler
                0x0800286c                TIM6_DAC_IRQHandler
                0x0800286c                USART3_4_IRQHandler
                0x0800286c                EXTI2_3_IRQHandler
                0x0800286c                I2C2_IRQHandler
                0x0800286c                TIM17_IRQHandler
                0x0800286c                RTC_IRQHandler
                0x0800286c                TIM16_IRQHandler
                0x0800286c                TIM3_IRQHandler
                0x0800286c                EXTI4_15_IRQHandler
                0x0800286c                RCC_IRQHandler
                0x0800286c                DMA1_Channel1_IRQHandler
                0x0800286c                Default_Handler
                0x0800286c                CEC_IRQHandler
                0x0800286c                TIM14_IRQHandler
                0x0800286c                TIM7_IRQHandler
                0x0800286c                TIM15_IRQHandler
                0x0800286c                EXTI0_1_IRQHandler
                0x0800286c                USB_IRQHandler
                0x0800286c                SPI2_IRQHandler
                0x0800286c                TS_IRQHandler
                0x0800286c                WWDG_IRQHandler
                0x0800286c                TIM2_IRQHandler
                0x0800286c                FLASH_IRQHandler
                0x0800286c                TIM1_BRK_UP_TRG_COM_IRQHandler
 .text.Reset_Handler
                0x08002870       0x40 ./system/Drivers/CMSIS/Device/ST/STM32F0xx/Source/Templates/startup_stm32f0xx.o
                0x08002870                Reset_Handler
 .text.SystemInit
                0x080028b0       0x60 ./system/Drivers/CMSIS/Device/ST/STM32F0xx/Source/Templates/system_stm32f0xx.o
                0x080028b0                SystemInit
 .text.fetchString
                0x08002910       0x3c ./src/USARTInTask_task.o
 .text.interpretUSBString
                0x0800294c      0x110 ./src/USARTInTask_task.o
 .text.interpretWifiString
                0x08002a5c       0xec ./src/USARTInTask_task.o
 .text.StartUSARTInTask
                0x08002b48       0x28 ./src/USARTInTask_task.o
                0x08002b48                StartUSARTInTask
 .text.interpretCommand
                0x08002b70       0xfc ./src/USARTOutTask_task.o
 .text.StartUSARTOutTask
                0x08002c6c       0x2c ./src/USARTOutTask_task.o
                0x08002c6c                StartUSARTOutTask
 .text.proc_wifiATTest
                0x08002c98       0xb0 ./src/bossTask_task.o
 .text.proc_wifiInit
                0x08002d48      0x130 ./src/bossTask_task.o
 .text.proc_wifiConnectAP
                0x08002e78       0xd4 ./src/bossTask_task.o
 .text.interpretCommand
                0x08002f4c       0xe4 ./src/bossTask_task.o
 .text.StartBossTask
                0x08003030       0x44 ./src/bossTask_task.o
                0x08003030                StartBossTask
 .text.sendCommand
                0x08003074       0x44 ./src/genericMessaging_lib.o
                0x08003074                sendCommand
 .text.fetchMessage
                0x080030b8       0x3c ./src/genericMessaging_lib.o
                0x080030b8                fetchMessage
 .text.decodeCommand
                0x080030f4       0x10 ./src/genericMessaging_lib.o
                0x080030f4                decodeCommand
 .text.inHandlerMode
                0x08003104        0xc ./src/hal_lib.o
 .text.cHAL_UART_Transmit_IT
                0x08003110       0x78 ./src/hal_lib.o
                0x08003110                cHAL_UART_Transmit_IT
 .text.SystemClock_Config
                0x08003188       0x58 ./src/hal_lib.o
                0x08003188                SystemClock_Config
 .text.MX_USART1_UART_Init
                0x080031e0       0x30 ./src/hal_lib.o
                0x080031e0                MX_USART1_UART_Init
 .text.MX_USART2_UART_Init
                0x08003210       0x30 ./src/hal_lib.o
                0x08003210                MX_USART2_UART_Init
 .text.MX_DMA_Init
                0x08003240       0x34 ./src/hal_lib.o
                0x08003240                MX_DMA_Init
 .text.MX_GPIO_Init
                0x08003274       0x58 ./src/hal_lib.o
                0x08003274                MX_GPIO_Init
 .text.cHAL_UART_TermReceive_IT
                0x080032cc       0xb0 ./src/hal_lib.o
                0x080032cc                cHAL_UART_TermReceive_IT
 .text.cHAL_USART_sTransmit_IT
                0x0800337c       0x34 ./src/hal_lib.o
                0x0800337c                cHAL_USART_sTransmit_IT
 .text.HAL_UART_RxCpltCallback
                0x080033b0       0x58 ./src/hal_lib.o
                0x080033b0                HAL_UART_RxCpltCallback
 .text.cUART_TermReceive_IT
                0x08003408       0x9c ./src/hal_lib.o
                0x08003408                cUART_TermReceive_IT
 .text.HAL_UART_TxCpltCallback
                0x080034a4       0x18 ./src/hal_lib.o
                0x080034a4                HAL_UART_TxCpltCallback
 .text.UART_EndTransmit_IT
                0x080034bc       0x34 ./src/hal_lib.o
 .text.HAL_UART_ErrorCallback
                0x080034f0       0x14 ./src/hal_lib.o
                0x080034f0                HAL_UART_ErrorCallback
 .text.cHAL_UART_IRQTermHandler
                0x08003504       0xf4 ./src/hal_lib.o
                0x08003504                cHAL_UART_IRQTermHandler
 .text.main     0x080035f8       0xf0 ./src/main.o
                0x080035f8                main
 .text.HAL_MspInit
                0x080036e8       0x20 ./src/stm32f0xx_hal_msp.o
                0x080036e8                HAL_MspInit
 .text.HAL_UART_MspInit
                0x08003708       0xfc ./src/stm32f0xx_hal_msp.o
                0x08003708                HAL_UART_MspInit
 .text.SysTick_Handler
                0x08003804        0xc ./src/stm32f0xx_it.o
                0x08003804                SysTick_Handler
 .text.DMA1_Channel2_3_IRQHandler
                0x08003810       0x10 ./src/stm32f0xx_it.o
                0x08003810                DMA1_Channel2_3_IRQHandler
 .text.DMA1_Channel4_5_IRQHandler
                0x08003820       0x10 ./src/stm32f0xx_it.o
                0x08003820                DMA1_Channel4_5_IRQHandler
 .text.USART1_IRQHandler
                0x08003830       0x10 ./src/stm32f0xx_it.o
                0x08003830                USART1_IRQHandler
 .text.USART2_IRQHandler
                0x08003840       0x10 ./src/stm32f0xx_it.o
                0x08003840                USART2_IRQHandler
 .text          0x08003850      0x120 c:/program files (x86)/gnu tools arm embedded/4.9 2015q2/bin/../lib/gcc/arm-none-eabi/4.9.3/armv6-m\libgcc.a(_udivsi3.o)
                0x08003850                __aeabi_uidiv
                0x08003850                __udivsi3
                0x0800395c                __aeabi_uidivmod
 .text          0x08003970        0x4 c:/program files (x86)/gnu tools arm embedded/4.9 2015q2/bin/../lib/gcc/arm-none-eabi/4.9.3/armv6-m\libgcc.a(_dvmd_tls.o)
                0x08003970                __aeabi_idiv0
                0x08003970                __aeabi_ldiv0
 .text.__errno  0x08003974        0xc c:/program files (x86)/gnu tools arm embedded/4.9 2015q2/bin/../lib/gcc/arm-none-eabi/4.9.3/../../../../arm-none-eabi/lib/armv6-m\libg_nano.a(lib_a-errno.o)
                0x08003974                __errno
 .text.exit     0x08003980       0x2c c:/program files (x86)/gnu tools arm embedded/4.9 2015q2/bin/../lib/gcc/arm-none-eabi/4.9.3/../../../../arm-none-eabi/lib/armv6-m\libg_nano.a(lib_a-exit.o)
                0x08003980                exit
 .text.__libc_init_array
                0x080039ac       0x4c c:/program files (x86)/gnu tools arm embedded/4.9 2015q2/bin/../lib/gcc/arm-none-eabi/4.9.3/../../../../arm-none-eabi/lib/armv6-m\libg_nano.a(lib_a-init.o)
                0x080039ac                __libc_init_array
 .text.memcpy   0x080039f8       0x12 c:/program files (x86)/gnu tools arm embedded/4.9 2015q2/bin/../lib/gcc/arm-none-eabi/4.9.3/../../../../arm-none-eabi/lib/armv6-m\libg_nano.a(lib_a-memcpy.o)
                0x080039f8                memcpy
 .text.memset   0x08003a0a       0x10 c:/program files (x86)/gnu tools arm embedded/4.9 2015q2/bin/../lib/gcc/arm-none-eabi/4.9.3/../../../../arm-none-eabi/lib/armv6-m\libg_nano.a(lib_a-memset.o)
                0x08003a0a                memset
 *fill*         0x08003a1a        0x2 
 .text.sprintf  0x08003a1c       0x44 c:/program files (x86)/gnu tools arm embedded/4.9 2015q2/bin/../lib/gcc/arm-none-eabi/4.9.3/../../../../arm-none-eabi/lib/armv6-m\libg_nano.a(lib_a-sprintf.o)
                0x08003a1c                siprintf
                0x08003a1c                sprintf
 .text.strlen   0x08003a60        0xe c:/program files (x86)/gnu tools arm embedded/4.9 2015q2/bin/../lib/gcc/arm-none-eabi/4.9.3/../../../../arm-none-eabi/lib/armv6-m\libg_nano.a(lib_a-strlen.o)
                0x08003a60                strlen
 .text.strncmp  0x08003a6e       0x28 c:/program files (x86)/gnu tools arm embedded/4.9 2015q2/bin/../lib/gcc/arm-none-eabi/4.9.3/../../../../arm-none-eabi/lib/armv6-m\libg_nano.a(lib_a-strncmp.o)
                0x08003a6e                strncmp
 *fill*         0x08003a96        0x2 
 .text.__ssputs_r
                0x08003a98       0xc0 c:/program files (x86)/gnu tools arm embedded/4.9 2015q2/bin/../lib/gcc/arm-none-eabi/4.9.3/../../../../arm-none-eabi/lib/armv6-m\libg_nano.a(lib_a-nano-svfprintf.o)
                0x08003a98                __ssputs_r
 .text._svfprintf_r
                0x08003b58      0x1ec c:/program files (x86)/gnu tools arm embedded/4.9 2015q2/bin/../lib/gcc/arm-none-eabi/4.9.3/../../../../arm-none-eabi/lib/armv6-m\libg_nano.a(lib_a-nano-svfprintf.o)
                0x08003b58                _svfiprintf_r
                0x08003b58                _svfprintf_r
 .text._printf_common
                0x08003d44       0xdc c:/program files (x86)/gnu tools arm embedded/4.9 2015q2/bin/../lib/gcc/arm-none-eabi/4.9.3/../../../../arm-none-eabi/lib/armv6-m\libg_nano.a(lib_a-nano-vfprintf_i.o)
                0x08003d44                _printf_common
 .text._printf_i
                0x08003e20      0x230 c:/program files (x86)/gnu tools arm embedded/4.9 2015q2/bin/../lib/gcc/arm-none-eabi/4.9.3/../../../../arm-none-eabi/lib/armv6-m\libg_nano.a(lib_a-nano-vfprintf_i.o)
                0x08003e20                _printf_i
 .text.memchr   0x08004050       0x16 c:/program files (x86)/gnu tools arm embedded/4.9 2015q2/bin/../lib/gcc/arm-none-eabi/4.9.3/../../../../arm-none-eabi/lib/armv6-m\libg_nano.a(lib_a-memchr.o)
                0x08004050                memchr
 .text.memmove  0x08004066       0x28 c:/program files (x86)/gnu tools arm embedded/4.9 2015q2/bin/../lib/gcc/arm-none-eabi/4.9.3/../../../../arm-none-eabi/lib/armv6-m\libg_nano.a(lib_a-memmove.o)
                0x08004066                memmove
 *fill*         0x0800408e        0x2 
 .text._free_r  0x08004090       0x8c c:/program files (x86)/gnu tools arm embedded/4.9 2015q2/bin/../lib/gcc/arm-none-eabi/4.9.3/../../../../arm-none-eabi/lib/armv6-m\libg_nano.a(lib_a-nano-freer.o)
                0x08004090                _free_r
 .text._malloc_r
                0x0800411c       0xb0 c:/program files (x86)/gnu tools arm embedded/4.9 2015q2/bin/../lib/gcc/arm-none-eabi/4.9.3/../../../../arm-none-eabi/lib/armv6-m\libg_nano.a(lib_a-nano-mallocr.o)
                0x0800411c                _malloc_r
 .text._realloc_r
                0x080041cc       0x4c c:/program files (x86)/gnu tools arm embedded/4.9 2015q2/bin/../lib/gcc/arm-none-eabi/4.9.3/../../../../arm-none-eabi/lib/armv6-m\libg_nano.a(lib_a-nano-reallocr.o)
                0x080041cc                _realloc_r
 .text._sbrk_r  0x08004218       0x24 c:/program files (x86)/gnu tools arm embedded/4.9 2015q2/bin/../lib/gcc/arm-none-eabi/4.9.3/../../../../arm-none-eabi/lib/armv6-m\libg_nano.a(lib_a-sbrkr.o)
                0x08004218                _sbrk_r
 .text._malloc_usable_size_r
                0x0800423c       0x16 c:/program files (x86)/gnu tools arm embedded/4.9 2015q2/bin/../lib/gcc/arm-none-eabi/4.9.3/../../../../arm-none-eabi/lib/armv6-m\libg_nano.a(lib_a-nano-msizer.o)
                0x0800423c                _malloc_usable_size_r
 *(.rodata .rodata.*)
 *fill*         0x08004252        0x2 
 .rodata.str1.4
                0x08004254        0x5 ./system/Middlewares/Third_Party/FreeRTOS/Source/tasks.o
 *fill*         0x08004259        0x3 
 .rodata.APBAHBPrescTable
                0x0800425c       0x10 ./system/Drivers/STM32F0xx_HAL_Driver/Src/stm32f0xx_hal_rcc.o
                0x0800425c                APBAHBPrescTable
 .rodata.PredivFactorTable
                0x0800426c       0x10 ./system/Drivers/STM32F0xx_HAL_Driver/Src/stm32f0xx_hal_rcc_ex.o
                0x0800426c                PredivFactorTable
 .rodata.PLLMULFactorTable
                0x0800427c       0x10 ./system/Drivers/STM32F0xx_HAL_Driver/Src/stm32f0xx_hal_rcc_ex.o
                0x0800427c                PLLMULFactorTable
 .rodata.interpretCommand
                0x0800428c       0x14 ./src/USARTOutTask_task.o
 .rodata.str1.4
                0x080042a0       0x28 ./src/USARTOutTask_task.o
 .rodata.proc_wifiInit
                0x080042c8       0x18 ./src/bossTask_task.o
 .rodata        0x080042e0       0x3c ./src/main.o
 .rodata.os_pool_def_strBufMPool
                0x0800431c        0xc ./src/main.o
                0x0800431c                os_pool_def_strBufMPool
 .rodata.os_messageQ_def_msgQUSARTOut
                0x08004328        0x8 ./src/main.o
                0x08004328                os_messageQ_def_msgQUSARTOut
 .rodata.os_messageQ_def_msgQBoss
                0x08004330        0x8 ./src/main.o
                0x08004330                os_messageQ_def_msgQBoss
 .rodata.os_messageQ_def_msgQUSARTIn
                0x08004338        0x8 ./src/main.o
                0x08004338                os_messageQ_def_msgQUSARTIn
 .rodata.os_pool_def_genericMPool
                0x08004340        0xc ./src/main.o
                0x08004340                os_pool_def_genericMPool
 .rodata.str1.4
                0x0800434c       0x28 ./src/main.o
                                 0x25 (size before relaxing)
 .rodata.rxString_OK
                0x08004374        0x5 ./src/strings_res.o
                0x08004374                rxString_OK
 *fill*         0x08004379        0x3 
 .rodata.rxString_noChange
                0x0800437c        0xc ./src/strings_res.o
                0x0800437c                rxString_noChange
 .rodata.rxString_ATCommandTest
                0x08004388        0xa ./src/strings_res.o
                0x08004388                rxString_ATCommandTest
 *fill*         0x08004392        0x2 
 .rodata.txString_wifiInitialised
                0x08004394       0x14 ./src/strings_res.o
                0x08004394                txString_wifiInitialised
 .rodata.rxString_wifiConnectAp
                0x080043a8        0xd ./src/strings_res.o
                0x080043a8                rxString_wifiConnectAp
 *fill*         0x080043b5        0x3 
 .rodata.txString_OKReceived
                0x080043b8        0xf ./src/strings_res.o
                0x080043b8                txString_OKReceived
 *fill*         0x080043c7        0x1 
 .rodata.rxString_error
                0x080043c8        0x8 ./src/strings_res.o
                0x080043c8                rxString_error
 .rodata.txString_ATCommandTest
                0x080043d0        0x5 ./src/strings_res.o
                0x080043d0                txString_ATCommandTest
 *fill*         0x080043d5        0x3 
 .rodata.txString_ATE0
                0x080043d8        0x7 ./src/strings_res.o
                0x080043d8                txString_ATE0
 *fill*         0x080043df        0x1 
 .rodata.txString_commStateManual
                0x080043e0        0xc ./src/strings_res.o
                0x080043e0                txString_commStateManual
 .rodata.rxString_noSuchFunction
                0x080043ec        0xe ./src/strings_res.o
                0x080043ec                rxString_noSuchFunction
 *fill*         0x080043fa        0x2 
 .rodata.rxString_commStateManual
                0x080043fc        0x9 ./src/strings_res.o
                0x080043fc                rxString_commStateManual
 *fill*         0x08004405        0x3 
 .rodata.rxString_fail
                0x08004408        0x7 ./src/strings_res.o
                0x08004408                rxString_fail
 *fill*         0x0800440f        0x1 
 .rodata.txString_commStateAuto
                0x08004410        0xa ./src/strings_res.o
                0x08004410                txString_commStateAuto
 *fill*         0x0800441a        0x2 
 .rodata.txString_stationMode3
                0x0800441c        0xe ./src/strings_res.o
                0x0800441c                txString_stationMode3
 *fill*         0x0800442a        0x2 
 .rodata.txString_multiConnect1
                0x0800442c        0xe ./src/strings_res.o
                0x0800442c                txString_multiConnect1
 *fill*         0x0800443a        0x2 
 .rodata.txString_connectAPCommand
                0x0800443c        0xa ./src/strings_res.o
                0x0800443c                txString_connectAPCommand
 *fill*         0x08004446        0x2 
 .rodata.rxString_commStateAuto
                0x08004448        0x7 ./src/strings_res.o
                0x08004448                rxString_commStateAuto
 *fill*         0x0800444f        0x1 
 .rodata.txString_ATCommandTestError
                0x08004450       0x10 ./src/strings_res.o
                0x08004450                txString_ATCommandTestError
 .rodata.txString_wifiConnected
                0x08004460       0x12 ./src/strings_res.o
                0x08004460                txString_wifiConnected
 *fill*         0x08004472        0x2 
 .rodata.rxString_wifiInit
                0x08004474        0xc ./src/strings_res.o
                0x08004474                rxString_wifiInit
 .rodata.txString_wifiInitError
                0x08004480       0x12 ./src/strings_res.o
                0x08004480                txString_wifiInitError
 .rodata.str1.1
                0x08004492        0x2 c:/program files (x86)/gnu tools arm embedded/4.9 2015q2/bin/../lib/gcc/arm-none-eabi/4.9.3/../../../../arm-none-eabi/lib/armv6-m\libg_nano.a(lib_a-impure.o)
 .rodata._global_impure_ptr
                0x08004494        0x4 c:/program files (x86)/gnu tools arm embedded/4.9 2015q2/bin/../lib/gcc/arm-none-eabi/4.9.3/../../../../arm-none-eabi/lib/armv6-m\libg_nano.a(lib_a-impure.o)
                0x08004494                _global_impure_ptr
 .rodata.str1.1
                0x08004498       0x11 c:/program files (x86)/gnu tools arm embedded/4.9 2015q2/bin/../lib/gcc/arm-none-eabi/4.9.3/../../../../arm-none-eabi/lib/armv6-m\libg_nano.a(lib_a-nano-svfprintf.o)
 .rodata.str1.1
                0x080044a9       0x22 c:/program files (x86)/gnu tools arm embedded/4.9 2015q2/bin/../lib/gcc/arm-none-eabi/4.9.3/../../../../arm-none-eabi/lib/armv6-m\libg_nano.a(lib_a-nano-vfprintf_i.o)
 *(vtable)
 *(.eh_frame*)
 *fill*         0x080044cb        0x1 
 .eh_frame      0x080044cc        0x0 c:/program files (x86)/gnu tools arm embedded/4.9 2015q2/bin/../lib/gcc/arm-none-eabi/4.9.3/armv6-m/crtbegin.o
 .eh_frame      0x080044cc        0x4 c:/program files (x86)/gnu tools arm embedded/4.9 2015q2/bin/../lib/gcc/arm-none-eabi/4.9.3/armv6-m/crtend.o
 *(.glue_7)
 .glue_7        0x00000000        0x0 linker stubs
 *(.glue_7t)
 .glue_7t       0x00000000        0x0 linker stubs

.vfp11_veneer   0x080044d0        0x0
 .vfp11_veneer  0x00000000        0x0 linker stubs

.v4_bx          0x080044d0        0x0
 .v4_bx         0x00000000        0x0 linker stubs

.iplt           0x080044d0        0x0
 .iplt          0x00000000        0x0 c:/program files (x86)/gnu tools arm embedded/4.9 2015q2/bin/../lib/gcc/arm-none-eabi/4.9.3/armv6-m/crtbegin.o

.ARM.extab
 *(.ARM.extab* .gnu.linkonce.armextab.*)
                0x080044d0                __exidx_start = .

.ARM.exidx      0x080044d0        0x8
 *(.ARM.exidx* .gnu.linkonce.armexidx.*)
 .ARM.exidx     0x080044d0        0x8 c:/program files (x86)/gnu tools arm embedded/4.9 2015q2/bin/../lib/gcc/arm-none-eabi/4.9.3/../../../../arm-none-eabi/lib/armv6-m/crt0.o
                0x080044d8                __exidx_end = .

.rel.dyn        0x080044d8        0x0
 .rel.iplt      0x00000000        0x0 c:/program files (x86)/gnu tools arm embedded/4.9 2015q2/bin/../lib/gcc/arm-none-eabi/4.9.3/armv6-m/crtbegin.o
                0x080044d8                . = ALIGN (0x4)
                0x080044d8                _etext = .
                0x080044d8                __etext = .
                0x080044d8                _sidata = _etext

.data           0x20000000       0x70 load address 0x080044d8
                0x20000000                . = ALIGN (0x4)
                0x20000000                _sdata = .
                0x20000000                __data_start__ = .
 *(.data_begin .data_begin.*)
 *(.data .data.*)
 .data.uxCriticalNesting
                0x20000000        0x4 ./system/Middlewares/Third_Party/FreeRTOS/Source/portable/GCC/ARM_CM0/port.o
 .data.xNextTaskUnblockTime
                0x20000004        0x4 ./system/Middlewares/Third_Party/FreeRTOS/Source/tasks.o
 .data.SystemCoreClock
                0x20000008        0x4 ./system/Drivers/CMSIS/Device/ST/STM32F0xx/Source/Templates/system_stm32f0xx.o
                0x20000008                SystemCoreClock
 .data.impure_data
                0x2000000c       0x60 c:/program files (x86)/gnu tools arm embedded/4.9 2015q2/bin/../lib/gcc/arm-none-eabi/4.9.3/../../../../arm-none-eabi/lib/armv6-m\libg_nano.a(lib_a-impure.o)
 .data._impure_ptr
                0x2000006c        0x4 c:/program files (x86)/gnu tools arm embedded/4.9 2015q2/bin/../lib/gcc/arm-none-eabi/4.9.3/../../../../arm-none-eabi/lib/armv6-m\libg_nano.a(lib_a-impure.o)
                0x2000006c                _impure_ptr
 *(.data_end .data_end.*)
                0x20000070                . = ALIGN (0x4)
                0x20000070                _edata = .
                0x20000070                __data_end__ = .

.jcr            0x20000070        0x0 load address 0x08004548
 .jcr           0x20000070        0x0 c:/program files (x86)/gnu tools arm embedded/4.9 2015q2/bin/../lib/gcc/arm-none-eabi/4.9.3/armv6-m/crtbegin.o

.igot.plt       0x20000070        0x0 load address 0x08004548
 .igot.plt      0x00000000        0x0 c:/program files (x86)/gnu tools arm embedded/4.9 2015q2/bin/../lib/gcc/arm-none-eabi/4.9.3/armv6-m/crtbegin.o

.bss            0x20000070     0x16f4 load address 0x08004548
                0x20000070                . = ALIGN (0x4)
                0x20000070                __bss_start__ = .
                0x20000070                _sbss = .
 *(.bss_begin .bss_begin.*)
 *(.bss .bss.*)
 .bss           0x20000070       0x1c c:/program files (x86)/gnu tools arm embedded/4.9 2015q2/bin/../lib/gcc/arm-none-eabi/4.9.3/armv6-m/crtbegin.o
 .bss.current_heap_end.3862
                0x2000008c        0x4 ./system/newlib/_sbrk.o
 .bss.xFreeBytesRemaining
                0x20000090        0x4 ./system/Middlewares/Third_Party/FreeRTOS/Source/portable/MemMang/heap_4.o
 .bss.pxEnd     0x20000094        0x4 ./system/Middlewares/Third_Party/FreeRTOS/Source/portable/MemMang/heap_4.o
 .bss.xStart    0x20000098        0x8 ./system/Middlewares/Third_Party/FreeRTOS/Source/portable/MemMang/heap_4.o
 .bss.ucHeap    0x200000a0     0x1400 ./system/Middlewares/Third_Party/FreeRTOS/Source/portable/MemMang/heap_4.o
 .bss.xBlockAllocatedBit
                0x200014a0        0x4 ./system/Middlewares/Third_Party/FreeRTOS/Source/portable/MemMang/heap_4.o
 .bss.xMinimumEverFreeBytesRemaining
                0x200014a4        0x4 ./system/Middlewares/Third_Party/FreeRTOS/Source/portable/MemMang/heap_4.o
 .bss.pxDelayedTaskList
                0x200014a8        0x4 ./system/Middlewares/Third_Party/FreeRTOS/Source/tasks.o
 .bss.xSchedulerRunning
                0x200014ac        0x4 ./system/Middlewares/Third_Party/FreeRTOS/Source/tasks.o
 .bss.uxTasksDeleted
                0x200014b0        0x4 ./system/Middlewares/Third_Party/FreeRTOS/Source/tasks.o
 .bss.xTasksWaitingTermination
                0x200014b4       0x14 ./system/Middlewares/Third_Party/FreeRTOS/Source/tasks.o
 .bss.xDelayedTaskList2
                0x200014c8       0x14 ./system/Middlewares/Third_Party/FreeRTOS/Source/tasks.o
 .bss.uxPendedTicks
                0x200014dc        0x4 ./system/Middlewares/Third_Party/FreeRTOS/Source/tasks.o
 .bss.pxReadyTasksLists
                0x200014e0       0x8c ./system/Middlewares/Third_Party/FreeRTOS/Source/tasks.o
 .bss.uxSchedulerSuspended
                0x2000156c        0x4 ./system/Middlewares/Third_Party/FreeRTOS/Source/tasks.o
 .bss.uxCurrentNumberOfTasks
                0x20001570        0x4 ./system/Middlewares/Third_Party/FreeRTOS/Source/tasks.o
 .bss.pxCurrentTCB
                0x20001574        0x4 ./system/Middlewares/Third_Party/FreeRTOS/Source/tasks.o
                0x20001574                pxCurrentTCB
 .bss.xPendingReadyList
                0x20001578       0x14 ./system/Middlewares/Third_Party/FreeRTOS/Source/tasks.o
 .bss.xNumOfOverflows
                0x2000158c        0x4 ./system/Middlewares/Third_Party/FreeRTOS/Source/tasks.o
 .bss.xTickCount
                0x20001590        0x4 ./system/Middlewares/Third_Party/FreeRTOS/Source/tasks.o
 .bss.pxOverflowDelayedTaskList
                0x20001594        0x4 ./system/Middlewares/Third_Party/FreeRTOS/Source/tasks.o
 .bss.uxTaskNumber
                0x20001598        0x4 ./system/Middlewares/Third_Party/FreeRTOS/Source/tasks.o
 .bss.xDelayedTaskList1
                0x2000159c       0x14 ./system/Middlewares/Third_Party/FreeRTOS/Source/tasks.o
 .bss.xSuspendedTaskList
                0x200015b0       0x14 ./system/Middlewares/Third_Party/FreeRTOS/Source/tasks.o
 .bss.uxTopReadyPriority
                0x200015c4        0x4 ./system/Middlewares/Third_Party/FreeRTOS/Source/tasks.o
 .bss.xYieldPending
                0x200015c8        0x4 ./system/Middlewares/Third_Party/FreeRTOS/Source/tasks.o
 .bss.uwTick    0x200015cc        0x4 ./system/Drivers/STM32F0xx_HAL_Driver/Src/stm32f0xx_hal.o
 .bss.step.6676
                0x200015d0        0x1 ./src/bossTask_task.o
 .bss.step.6652
                0x200015d1        0x1 ./src/bossTask_task.o
 *fill*         0x200015d2        0x2 
 .bss.step.6660
                0x200015d4        0x4 ./src/bossTask_task.o
 .bss.__malloc_sbrk_start
                0x200015d8        0x4 c:/program files (x86)/gnu tools arm embedded/4.9 2015q2/bin/../lib/gcc/arm-none-eabi/4.9.3/../../../../arm-none-eabi/lib/armv6-m\libg_nano.a(lib_a-nano-mallocr.o)
                0x200015d8                __malloc_sbrk_start
 .bss.__malloc_free_list
                0x200015dc        0x4 c:/program files (x86)/gnu tools arm embedded/4.9 2015q2/bin/../lib/gcc/arm-none-eabi/4.9.3/../../../../arm-none-eabi/lib/armv6-m\libg_nano.a(lib_a-nano-mallocr.o)
                0x200015dc                __malloc_free_list
 *(COMMON)
 COMMON         0x200015e0        0x4 ./system/newlib/_syscalls.o
                0x200015e0                errno
 COMMON         0x200015e4        0x8 ./src/USARTInTask_task.o
                0x200015e4                strBufMPool
                0x200015e8                genericMPool
 COMMON         0x200015ec      0x158 ./src/hal_lib.o
                0x200015ec                hdma_usart1_tx
                0x20001624                hdma_usart2_tx
                0x2000165c                huart1
                0x200016d0                huart2
 COMMON         0x20001744       0x20 ./src/userTasks_task.o
                0x20001744                USARTOutTaskHandle
                0x20001748                USARTInBufferTaskHandle
                0x2000174c                msgQUSARTIn
                0x20001750                msgQBoss
                0x20001754                bossTaskHandle
                0x20001758                globalFlags
                0x2000175c                USARTInTaskHandle
                0x20001760                msgQUSARTOut
 *(.bss_end .bss_end.*)
                0x20001764                . = ALIGN (0x4)
                0x20001764                __bss_end__ = .
                0x20001764                _ebss = .

.noinit         0x20001764        0x0
                0x20001764                . = ALIGN (0x4)
                0x20001764                _noinit = .
 *(.noinit .noinit.*)
                0x20001764                . = ALIGN (0x4)
                0x20001764                _end_noinit = .
                0x20001764                PROVIDE (end, _end_noinit)
                0x20001764                PROVIDE (_end, _end_noinit)
                0x20001764                PROVIDE (__end, _end_noinit)
                0x20001764                PROVIDE (__end__, _end_noinit)

._check_stack   0x20001764      0x100 load address 0x08005c3c
                0x20001764                . = ALIGN (0x4)
                0x20001864                . = (. + _Minimum_Stack_Size)
 *fill*         0x20001764      0x100 
                0x20001864                . = ALIGN (0x4)

.bss_CCMRAM
 *(.bss.CCMRAM .bss.CCMRAM.*)

.b1text
 *(.b1text)
 *(.b1rodata)
 *(.b1rodata.*)

.eb0text
 *(.eb0text)
 *(.eb0rodata)
 *(.eb0rodata.*)

.eb1text
 *(.eb1text)
 *(.eb1rodata)
 *(.eb1rodata.*)

.eb2text
 *(.eb2text)
 *(.eb2rodata)
 *(.eb2rodata.*)

.eb3text
 *(.eb3text)
 *(.eb3rodata)
 *(.eb3rodata.*)

.stab
 *(.stab)

.stabstr
 *(.stabstr)

.stab.excl
 *(.stab.excl)

.stab.exclstr
 *(.stab.exclstr)

.stab.index
 *(.stab.index)

.stab.indexstr
 *(.stab.indexstr)

.comment        0x00000000       0x70
 *(.comment)
 .comment       0x00000000       0x70 ./system/newlib/_exit.o
                                 0x71 (size before relaxing)
 .comment       0x00000000       0x71 ./system/newlib/_sbrk.o
 .comment       0x00000000       0x71 ./system/newlib/_syscalls.o
 .comment       0x00000000       0x71 ./system/Middlewares/Third_Party/FreeRTOS/Source/portable/MemMang/heap_4.o
 .comment       0x00000000       0x71 ./system/Middlewares/Third_Party/FreeRTOS/Source/portable/GCC/ARM_CM0/port.o
 .comment       0x00000000       0x71 ./system/Middlewares/Third_Party/FreeRTOS/Source/CMSIS_RTOS/cmsis_os.o
 .comment       0x00000000       0x71 ./system/Middlewares/Third_Party/FreeRTOS/Source/list.o
 .comment       0x00000000       0x71 ./system/Middlewares/Third_Party/FreeRTOS/Source/queue.o
 .comment       0x00000000       0x71 ./system/Middlewares/Third_Party/FreeRTOS/Source/tasks.o
 .comment       0x00000000       0x71 ./system/Drivers/STM32F0xx_HAL_Driver/Src/stm32f0xx_hal.o
 .comment       0x00000000       0x71 ./system/Drivers/STM32F0xx_HAL_Driver/Src/stm32f0xx_hal_cortex.o
 .comment       0x00000000       0x71 ./system/Drivers/STM32F0xx_HAL_Driver/Src/stm32f0xx_hal_dma.o
 .comment       0x00000000       0x71 ./system/Drivers/STM32F0xx_HAL_Driver/Src/stm32f0xx_hal_gpio.o
 .comment       0x00000000       0x71 ./system/Drivers/STM32F0xx_HAL_Driver/Src/stm32f0xx_hal_rcc.o
 .comment       0x00000000       0x71 ./system/Drivers/STM32F0xx_HAL_Driver/Src/stm32f0xx_hal_rcc_ex.o
 .comment       0x00000000       0x71 ./system/Drivers/STM32F0xx_HAL_Driver/Src/stm32f0xx_hal_uart.o
 .comment       0x00000000       0x71 ./system/Drivers/STM32F0xx_HAL_Driver/Src/stm32f0xx_hal_uart_ex.o
 .comment       0x00000000       0x71 ./system/Drivers/CMSIS/Device/ST/STM32F0xx/Source/Templates/startup_stm32f0xx.o
 .comment       0x00000000       0x71 ./system/Drivers/CMSIS/Device/ST/STM32F0xx/Source/Templates/system_stm32f0xx.o
 .comment       0x00000000       0x71 ./src/USARTInTask_task.o
 .comment       0x00000000       0x71 ./src/USARTOutTask_task.o
 .comment       0x00000000       0x71 ./src/bossTask_task.o
 .comment       0x00000000       0x71 ./src/genericMessaging_lib.o
 .comment       0x00000000       0x71 ./src/hal_lib.o
 .comment       0x00000000       0x71 ./src/main.o
 .comment       0x00000000       0x71 ./src/stm32f0xx_hal_msp.o
 .comment       0x00000000       0x71 ./src/stm32f0xx_it.o
 .comment       0x00000000       0x71 ./src/strings_res.o
 .comment       0x00000000       0x71 ./src/userTasks_task.o

.ARM.attributes
                0x00000000       0x28
 .ARM.attributes
                0x00000000       0x1e c:/program files (x86)/gnu tools arm embedded/4.9 2015q2/bin/../lib/gcc/arm-none-eabi/4.9.3/armv6-m/crti.o
 .ARM.attributes
                0x0000001e       0x2c c:/program files (x86)/gnu tools arm embedded/4.9 2015q2/bin/../lib/gcc/arm-none-eabi/4.9.3/armv6-m/crtbegin.o
 .ARM.attributes
                0x0000004a       0x1b c:/program files (x86)/gnu tools arm embedded/4.9 2015q2/bin/../lib/gcc/arm-none-eabi/4.9.3/../../../../arm-none-eabi/lib/armv6-m/crt0.o
 .ARM.attributes
                0x00000065       0x31 ./system/newlib/_exit.o
 .ARM.attributes
                0x00000096       0x31 ./system/newlib/_sbrk.o
 .ARM.attributes
                0x000000c7       0x31 ./system/newlib/_syscalls.o
 .ARM.attributes
                0x000000f8       0x31 ./system/Middlewares/Third_Party/FreeRTOS/Source/portable/MemMang/heap_4.o
 .ARM.attributes
                0x00000129       0x31 ./system/Middlewares/Third_Party/FreeRTOS/Source/portable/GCC/ARM_CM0/port.o
 .ARM.attributes
                0x0000015a       0x31 ./system/Middlewares/Third_Party/FreeRTOS/Source/CMSIS_RTOS/cmsis_os.o
 .ARM.attributes
                0x0000018b       0x31 ./system/Middlewares/Third_Party/FreeRTOS/Source/list.o
 .ARM.attributes
                0x000001bc       0x31 ./system/Middlewares/Third_Party/FreeRTOS/Source/queue.o
 .ARM.attributes
                0x000001ed       0x31 ./system/Middlewares/Third_Party/FreeRTOS/Source/tasks.o
 .ARM.attributes
                0x0000021e       0x31 ./system/Drivers/STM32F0xx_HAL_Driver/Src/stm32f0xx_hal.o
 .ARM.attributes
                0x0000024f       0x31 ./system/Drivers/STM32F0xx_HAL_Driver/Src/stm32f0xx_hal_cortex.o
 .ARM.attributes
                0x00000280       0x31 ./system/Drivers/STM32F0xx_HAL_Driver/Src/stm32f0xx_hal_dma.o
 .ARM.attributes
                0x000002b1       0x31 ./system/Drivers/STM32F0xx_HAL_Driver/Src/stm32f0xx_hal_gpio.o
 .ARM.attributes
                0x000002e2       0x31 ./system/Drivers/STM32F0xx_HAL_Driver/Src/stm32f0xx_hal_rcc.o
 .ARM.attributes
                0x00000313       0x31 ./system/Drivers/STM32F0xx_HAL_Driver/Src/stm32f0xx_hal_rcc_ex.o
 .ARM.attributes
                0x00000344       0x31 ./system/Drivers/STM32F0xx_HAL_Driver/Src/stm32f0xx_hal_uart.o
 .ARM.attributes
                0x00000375       0x31 ./system/Drivers/STM32F0xx_HAL_Driver/Src/stm32f0xx_hal_uart_ex.o
 .ARM.attributes
                0x000003a6       0x31 ./system/Drivers/CMSIS/Device/ST/STM32F0xx/Source/Templates/startup_stm32f0xx.o
 .ARM.attributes
                0x000003d7       0x31 ./system/Drivers/CMSIS/Device/ST/STM32F0xx/Source/Templates/system_stm32f0xx.o
 .ARM.attributes
                0x00000408       0x31 ./src/USARTInTask_task.o
 .ARM.attributes
                0x00000439       0x31 ./src/USARTOutTask_task.o
 .ARM.attributes
                0x0000046a       0x31 ./src/bossTask_task.o
 .ARM.attributes
                0x0000049b       0x31 ./src/genericMessaging_lib.o
 .ARM.attributes
                0x000004cc       0x31 ./src/hal_lib.o
 .ARM.attributes
                0x000004fd       0x31 ./src/main.o
 .ARM.attributes
                0x0000052e       0x31 ./src/stm32f0xx_hal_msp.o
 .ARM.attributes
                0x0000055f       0x31 ./src/stm32f0xx_it.o
 .ARM.attributes
                0x00000590       0x31 ./src/strings_res.o
 .ARM.attributes
                0x000005c1       0x31 ./src/userTasks_task.o
 .ARM.attributes
                0x000005f2       0x1e c:/program files (x86)/gnu tools arm embedded/4.9 2015q2/bin/../lib/gcc/arm-none-eabi/4.9.3/armv6-m\libgcc.a(_udivsi3.o)
 .ARM.attributes
                0x00000610       0x1e c:/program files (x86)/gnu tools arm embedded/4.9 2015q2/bin/../lib/gcc/arm-none-eabi/4.9.3/armv6-m\libgcc.a(_dvmd_tls.o)
 .ARM.attributes
                0x0000062e       0x2c c:/program files (x86)/gnu tools arm embedded/4.9 2015q2/bin/../lib/gcc/arm-none-eabi/4.9.3/../../../../arm-none-eabi/lib/armv6-m\libg_nano.a(lib_a-errno.o)
 .ARM.attributes
                0x0000065a       0x2c c:/program files (x86)/gnu tools arm embedded/4.9 2015q2/bin/../lib/gcc/arm-none-eabi/4.9.3/../../../../arm-none-eabi/lib/armv6-m\libg_nano.a(lib_a-exit.o)
 .ARM.attributes
                0x00000686       0x2c c:/program files (x86)/gnu tools arm embedded/4.9 2015q2/bin/../lib/gcc/arm-none-eabi/4.9.3/../../../../arm-none-eabi/lib/armv6-m\libg_nano.a(lib_a-impure.o)
 .ARM.attributes
                0x000006b2       0x2c c:/program files (x86)/gnu tools arm embedded/4.9 2015q2/bin/../lib/gcc/arm-none-eabi/4.9.3/../../../../arm-none-eabi/lib/armv6-m\libg_nano.a(lib_a-init.o)
 .ARM.attributes
                0x000006de       0x2c c:/program files (x86)/gnu tools arm embedded/4.9 2015q2/bin/../lib/gcc/arm-none-eabi/4.9.3/../../../../arm-none-eabi/lib/armv6-m\libg_nano.a(lib_a-memcpy.o)
 .ARM.attributes
                0x0000070a       0x2c c:/program files (x86)/gnu tools arm embedded/4.9 2015q2/bin/../lib/gcc/arm-none-eabi/4.9.3/../../../../arm-none-eabi/lib/armv6-m\libg_nano.a(lib_a-memset.o)
 .ARM.attributes
                0x00000736       0x2c c:/program files (x86)/gnu tools arm embedded/4.9 2015q2/bin/../lib/gcc/arm-none-eabi/4.9.3/../../../../arm-none-eabi/lib/armv6-m\libg_nano.a(lib_a-sprintf.o)
 .ARM.attributes
                0x00000762       0x2c c:/program files (x86)/gnu tools arm embedded/4.9 2015q2/bin/../lib/gcc/arm-none-eabi/4.9.3/../../../../arm-none-eabi/lib/armv6-m\libg_nano.a(lib_a-strlen.o)
 .ARM.attributes
                0x0000078e       0x2c c:/program files (x86)/gnu tools arm embedded/4.9 2015q2/bin/../lib/gcc/arm-none-eabi/4.9.3/../../../../arm-none-eabi/lib/armv6-m\libg_nano.a(lib_a-strncmp.o)
 .ARM.attributes
                0x000007ba       0x2c c:/program files (x86)/gnu tools arm embedded/4.9 2015q2/bin/../lib/gcc/arm-none-eabi/4.9.3/../../../../arm-none-eabi/lib/armv6-m\libg_nano.a(lib_a-nano-svfprintf.o)
 .ARM.attributes
                0x000007e6       0x2c c:/program files (x86)/gnu tools arm embedded/4.9 2015q2/bin/../lib/gcc/arm-none-eabi/4.9.3/../../../../arm-none-eabi/lib/armv6-m\libg_nano.a(lib_a-nano-vfprintf_i.o)
 .ARM.attributes
                0x00000812       0x2c c:/program files (x86)/gnu tools arm embedded/4.9 2015q2/bin/../lib/gcc/arm-none-eabi/4.9.3/../../../../arm-none-eabi/lib/armv6-m\libg_nano.a(lib_a-memchr.o)
 .ARM.attributes
                0x0000083e       0x2c c:/program files (x86)/gnu tools arm embedded/4.9 2015q2/bin/../lib/gcc/arm-none-eabi/4.9.3/../../../../arm-none-eabi/lib/armv6-m\libg_nano.a(lib_a-memmove.o)
 .ARM.attributes
                0x0000086a       0x2c c:/program files (x86)/gnu tools arm embedded/4.9 2015q2/bin/../lib/gcc/arm-none-eabi/4.9.3/../../../../arm-none-eabi/lib/armv6-m\libg_nano.a(lib_a-nano-freer.o)
 .ARM.attributes
                0x00000896       0x2c c:/program files (x86)/gnu tools arm embedded/4.9 2015q2/bin/../lib/gcc/arm-none-eabi/4.9.3/../../../../arm-none-eabi/lib/armv6-m\libg_nano.a(lib_a-nano-mallocr.o)
 .ARM.attributes
                0x000008c2       0x2c c:/program files (x86)/gnu tools arm embedded/4.9 2015q2/bin/../lib/gcc/arm-none-eabi/4.9.3/../../../../arm-none-eabi/lib/armv6-m\libg_nano.a(lib_a-nano-reallocr.o)
 .ARM.attributes
                0x000008ee       0x2c c:/program files (x86)/gnu tools arm embedded/4.9 2015q2/bin/../lib/gcc/arm-none-eabi/4.9.3/../../../../arm-none-eabi/lib/armv6-m\libg_nano.a(lib_a-sbrkr.o)
 .ARM.attributes
                0x0000091a       0x2c c:/program files (x86)/gnu tools arm embedded/4.9 2015q2/bin/../lib/gcc/arm-none-eabi/4.9.3/../../../../arm-none-eabi/lib/armv6-m\libg_nano.a(lib_a-nano-msizer.o)
 .ARM.attributes
                0x00000946       0x2c c:/program files (x86)/gnu tools arm embedded/4.9 2015q2/bin/../lib/gcc/arm-none-eabi/4.9.3/armv6-m/crtend.o
 .ARM.attributes
                0x00000972       0x1e c:/program files (x86)/gnu tools arm embedded/4.9 2015q2/bin/../lib/gcc/arm-none-eabi/4.9.3/armv6-m/crtn.o

.debug
 *(.debug)

.line
 *(.line)

.debug_srcinfo
 *(.debug_srcinfo)

.debug_sfnames
 *(.debug_sfnames)

.debug_aranges  0x00000000      0xc70
 *(.debug_aranges)
 .debug_aranges
                0x00000000       0x28 ./system/newlib/_exit.o
 .debug_aranges
                0x00000028       0x20 ./system/newlib/_sbrk.o
 .debug_aranges
                0x00000048       0x30 ./system/newlib/_syscalls.o
 .debug_aranges
                0x00000078       0x50 ./system/Middlewares/Third_Party/FreeRTOS/Source/portable/MemMang/heap_4.o
 .debug_aranges
                0x000000c8       0x88 ./system/Middlewares/Third_Party/FreeRTOS/Source/portable/GCC/ARM_CM0/port.o
 .debug_aranges
                0x00000150      0x1b0 ./system/Middlewares/Third_Party/FreeRTOS/Source/CMSIS_RTOS/cmsis_os.o
 .debug_aranges
                0x00000300       0x40 ./system/Middlewares/Third_Party/FreeRTOS/Source/list.o
 .debug_aranges
                0x00000340       0xe0 ./system/Middlewares/Third_Party/FreeRTOS/Source/queue.o
 .debug_aranges
                0x00000420      0x180 ./system/Middlewares/Third_Party/FreeRTOS/Source/tasks.o
 .debug_aranges
                0x000005a0       0xa0 ./system/Drivers/STM32F0xx_HAL_Driver/Src/stm32f0xx_hal.o
 .debug_aranges
                0x00000640       0x78 ./system/Drivers/STM32F0xx_HAL_Driver/Src/stm32f0xx_hal_cortex.o
 .debug_aranges
                0x000006b8       0x68 ./system/Drivers/STM32F0xx_HAL_Driver/Src/stm32f0xx_hal_dma.o
 .debug_aranges
                0x00000720       0x58 ./system/Drivers/STM32F0xx_HAL_Driver/Src/stm32f0xx_hal_gpio.o
 .debug_aranges
                0x00000778       0x80 ./system/Drivers/STM32F0xx_HAL_Driver/Src/stm32f0xx_hal_rcc.o
 .debug_aranges
                0x000007f8       0x40 ./system/Drivers/STM32F0xx_HAL_Driver/Src/stm32f0xx_hal_rcc_ex.o
 .debug_aranges
                0x00000838      0x148 ./system/Drivers/STM32F0xx_HAL_Driver/Src/stm32f0xx_hal_uart.o
 .debug_aranges
                0x00000980       0x70 ./system/Drivers/STM32F0xx_HAL_Driver/Src/stm32f0xx_hal_uart_ex.o
 .debug_aranges
                0x000009f0       0x28 ./system/Drivers/CMSIS/Device/ST/STM32F0xx/Source/Templates/startup_stm32f0xx.o
 .debug_aranges
                0x00000a18       0x28 ./system/Drivers/CMSIS/Device/ST/STM32F0xx/Source/Templates/system_stm32f0xx.o
 .debug_aranges
                0x00000a40       0x38 ./src/USARTInTask_task.o
 .debug_aranges
                0x00000a78       0x28 ./src/USARTOutTask_task.o
 .debug_aranges
                0x00000aa0       0x40 ./src/bossTask_task.o
 .debug_aranges
                0x00000ae0       0x40 ./src/genericMessaging_lib.o
 .debug_aranges
                0x00000b20       0x90 ./src/hal_lib.o
 .debug_aranges
                0x00000bb0       0x20 ./src/main.o
 .debug_aranges
                0x00000bd0       0x30 ./src/stm32f0xx_hal_msp.o
 .debug_aranges
                0x00000c00       0x40 ./src/stm32f0xx_it.o
 .debug_aranges
                0x00000c40       0x18 ./src/strings_res.o
 .debug_aranges
                0x00000c58       0x18 ./src/userTasks_task.o

.debug_pubnames
 *(.debug_pubnames)

.debug_info     0x00000000     0xfabb
 *(.debug_info .gnu.linkonce.wi.*)
 .debug_info    0x00000000       0xee ./system/newlib/_exit.o
 .debug_info    0x000000ee      0x125 ./system/newlib/_sbrk.o
 .debug_info    0x00000213      0x1a9 ./system/newlib/_syscalls.o
 .debug_info    0x000003bc      0x370 ./system/Middlewares/Third_Party/FreeRTOS/Source/portable/MemMang/heap_4.o
 .debug_info    0x0000072c      0x2a5 ./system/Middlewares/Third_Party/FreeRTOS/Source/portable/GCC/ARM_CM0/port.o
 .debug_info    0x000009d1     0x1c3a ./system/Middlewares/Third_Party/FreeRTOS/Source/CMSIS_RTOS/cmsis_os.o
 .debug_info    0x0000260b      0x29a ./system/Middlewares/Third_Party/FreeRTOS/Source/list.o
 .debug_info    0x000028a5     0x12f4 ./system/Middlewares/Third_Party/FreeRTOS/Source/queue.o
 .debug_info    0x00003b99     0x1b30 ./system/Middlewares/Third_Party/FreeRTOS/Source/tasks.o
 .debug_info    0x000056c9      0x5b1 ./system/Drivers/STM32F0xx_HAL_Driver/Src/stm32f0xx_hal.o
 .debug_info    0x00005c7a      0x72c ./system/Drivers/STM32F0xx_HAL_Driver/Src/stm32f0xx_hal_cortex.o
 .debug_info    0x000063a6      0x5e7 ./system/Drivers/STM32F0xx_HAL_Driver/Src/stm32f0xx_hal_dma.o
 .debug_info    0x0000698d      0x5a0 ./system/Drivers/STM32F0xx_HAL_Driver/Src/stm32f0xx_hal_gpio.o
 .debug_info    0x00006f2d      0x681 ./system/Drivers/STM32F0xx_HAL_Driver/Src/stm32f0xx_hal_rcc.o
 .debug_info    0x000075ae      0x71e ./system/Drivers/STM32F0xx_HAL_Driver/Src/stm32f0xx_hal_rcc_ex.o
 .debug_info    0x00007ccc     0x1225 ./system/Drivers/STM32F0xx_HAL_Driver/Src/stm32f0xx_hal_uart.o
 .debug_info    0x00008ef1      0xa12 ./system/Drivers/STM32F0xx_HAL_Driver/Src/stm32f0xx_hal_uart_ex.o
 .debug_info    0x00009903      0x11f ./system/Drivers/CMSIS/Device/ST/STM32F0xx/Source/Templates/startup_stm32f0xx.o
 .debug_info    0x00009a22      0x201 ./system/Drivers/CMSIS/Device/ST/STM32F0xx/Source/Templates/system_stm32f0xx.o
 .debug_info    0x00009c23      0xe14 ./src/USARTInTask_task.o
 .debug_info    0x0000aa37      0xa9f ./src/USARTOutTask_task.o
 .debug_info    0x0000b4d6      0xe57 ./src/bossTask_task.o
 .debug_info    0x0000c32d      0x75b ./src/genericMessaging_lib.o
 .debug_info    0x0000ca88     0x135b ./src/hal_lib.o
 .debug_info    0x0000dde3      0x666 ./src/main.o
 .debug_info    0x0000e449      0xa7b ./src/stm32f0xx_hal_msp.o
 .debug_info    0x0000eec4      0x655 ./src/stm32f0xx_it.o
 .debug_info    0x0000f519      0x34a ./src/strings_res.o
 .debug_info    0x0000f863      0x258 ./src/userTasks_task.o

.debug_abbrev   0x00000000     0x3178
 *(.debug_abbrev)
 .debug_abbrev  0x00000000       0xb7 ./system/newlib/_exit.o
 .debug_abbrev  0x000000b7       0xbb ./system/newlib/_sbrk.o
 .debug_abbrev  0x00000172       0xe7 ./system/newlib/_syscalls.o
 .debug_abbrev  0x00000259      0x1c1 ./system/Middlewares/Third_Party/FreeRTOS/Source/portable/MemMang/heap_4.o
 .debug_abbrev  0x0000041a      0x197 ./system/Middlewares/Third_Party/FreeRTOS/Source/portable/GCC/ARM_CM0/port.o
 .debug_abbrev  0x000005b1      0x35b ./system/Middlewares/Third_Party/FreeRTOS/Source/CMSIS_RTOS/cmsis_os.o
 .debug_abbrev  0x0000090c       0xdf ./system/Middlewares/Third_Party/FreeRTOS/Source/list.o
 .debug_abbrev  0x000009eb      0x259 ./system/Middlewares/Third_Party/FreeRTOS/Source/queue.o
 .debug_abbrev  0x00000c44      0x280 ./system/Middlewares/Third_Party/FreeRTOS/Source/tasks.o
 .debug_abbrev  0x00000ec4      0x208 ./system/Drivers/STM32F0xx_HAL_Driver/Src/stm32f0xx_hal.o
 .debug_abbrev  0x000010cc      0x21d ./system/Drivers/STM32F0xx_HAL_Driver/Src/stm32f0xx_hal_cortex.o
 .debug_abbrev  0x000012e9      0x1b8 ./system/Drivers/STM32F0xx_HAL_Driver/Src/stm32f0xx_hal_dma.o
 .debug_abbrev  0x000014a1      0x1c9 ./system/Drivers/STM32F0xx_HAL_Driver/Src/stm32f0xx_hal_gpio.o
 .debug_abbrev  0x0000166a      0x1e7 ./system/Drivers/STM32F0xx_HAL_Driver/Src/stm32f0xx_hal_rcc.o
 .debug_abbrev  0x00001851      0x1fe ./system/Drivers/STM32F0xx_HAL_Driver/Src/stm32f0xx_hal_rcc_ex.o
 .debug_abbrev  0x00001a4f      0x1ef ./system/Drivers/STM32F0xx_HAL_Driver/Src/stm32f0xx_hal_uart.o
 .debug_abbrev  0x00001c3e      0x21c ./system/Drivers/STM32F0xx_HAL_Driver/Src/stm32f0xx_hal_uart_ex.o
 .debug_abbrev  0x00001e5a       0xd3 ./system/Drivers/CMSIS/Device/ST/STM32F0xx/Source/Templates/startup_stm32f0xx.o
 .debug_abbrev  0x00001f2d       0xf3 ./system/Drivers/CMSIS/Device/ST/STM32F0xx/Source/Templates/system_stm32f0xx.o
 .debug_abbrev  0x00002020      0x23c ./src/USARTInTask_task.o
 .debug_abbrev  0x0000225c      0x21d ./src/USARTOutTask_task.o
 .debug_abbrev  0x00002479      0x278 ./src/bossTask_task.o
 .debug_abbrev  0x000026f1      0x1f5 ./src/genericMessaging_lib.o
 .debug_abbrev  0x000028e6      0x308 ./src/hal_lib.o
 .debug_abbrev  0x00002bee      0x176 ./src/main.o
 .debug_abbrev  0x00002d64      0x1bf ./src/stm32f0xx_hal_msp.o
 .debug_abbrev  0x00002f23      0x156 ./src/stm32f0xx_it.o
 .debug_abbrev  0x00003079       0x60 ./src/strings_res.o
 .debug_abbrev  0x000030d9       0x9f ./src/userTasks_task.o

.debug_line     0x00000000     0xa456
 *(.debug_line)
 .debug_line    0x00000000      0x2c1 ./system/newlib/_exit.o
 .debug_line    0x000002c1      0x26c ./system/newlib/_sbrk.o
 .debug_line    0x0000052d      0x3a7 ./system/newlib/_syscalls.o
 .debug_line    0x000008d4      0x4cb ./system/Middlewares/Third_Party/FreeRTOS/Source/portable/MemMang/heap_4.o
 .debug_line    0x00000d9f      0x2f5 ./system/Middlewares/Third_Party/FreeRTOS/Source/portable/GCC/ARM_CM0/port.o
 .debug_line    0x00001094      0x99c ./system/Middlewares/Third_Party/FreeRTOS/Source/CMSIS_RTOS/cmsis_os.o
 .debug_line    0x00001a30      0x415 ./system/Middlewares/Third_Party/FreeRTOS/Source/list.o
 .debug_line    0x00001e45      0x8eb ./system/Middlewares/Third_Party/FreeRTOS/Source/queue.o
 .debug_line    0x00002730      0xc2e ./system/Middlewares/Third_Party/FreeRTOS/Source/tasks.o
 .debug_line    0x0000335e      0x48c ./system/Drivers/STM32F0xx_HAL_Driver/Src/stm32f0xx_hal.o
 .debug_line    0x000037ea      0x4a7 ./system/Drivers/STM32F0xx_HAL_Driver/Src/stm32f0xx_hal_cortex.o
 .debug_line    0x00003c91      0x682 ./system/Drivers/STM32F0xx_HAL_Driver/Src/stm32f0xx_hal_dma.o
 .debug_line    0x00004313      0x492 ./system/Drivers/STM32F0xx_HAL_Driver/Src/stm32f0xx_hal_gpio.o
 .debug_line    0x000047a5      0x46b ./system/Drivers/STM32F0xx_HAL_Driver/Src/stm32f0xx_hal_rcc.o
 .debug_line    0x00004c10      0x549 ./system/Drivers/STM32F0xx_HAL_Driver/Src/stm32f0xx_hal_rcc_ex.o
 .debug_line    0x00005159      0xa09 ./system/Drivers/STM32F0xx_HAL_Driver/Src/stm32f0xx_hal_uart.o
 .debug_line    0x00005b62      0x545 ./system/Drivers/STM32F0xx_HAL_Driver/Src/stm32f0xx_hal_uart_ex.o
 .debug_line    0x000060a7       0xb3 ./system/Drivers/CMSIS/Device/ST/STM32F0xx/Source/Templates/startup_stm32f0xx.o
 .debug_line    0x0000615a      0x1e5 ./system/Drivers/CMSIS/Device/ST/STM32F0xx/Source/Templates/system_stm32f0xx.o
 .debug_line    0x0000633f      0x762 ./src/USARTInTask_task.o
 .debug_line    0x00006aa1      0x72a ./src/USARTOutTask_task.o
 .debug_line    0x000071cb      0x7fc ./src/bossTask_task.o
 .debug_line    0x000079c7      0x710 ./src/genericMessaging_lib.o
 .debug_line    0x000080d7      0x966 ./src/hal_lib.o
 .debug_line    0x00008a3d      0x719 ./src/main.o
 .debug_line    0x00009156      0x394 ./src/stm32f0xx_hal_msp.o
 .debug_line    0x000094ea      0x53f ./src/stm32f0xx_it.o
 .debug_line    0x00009a29      0x33a ./src/strings_res.o
 .debug_line    0x00009d63      0x6f3 ./src/userTasks_task.o

.debug_frame    0x00000000     0x2134
 *(.debug_frame)
 .debug_frame   0x00000000       0x38 ./system/newlib/_exit.o
 .debug_frame   0x00000038       0x28 ./system/newlib/_sbrk.o
 .debug_frame   0x00000060       0x50 ./system/newlib/_syscalls.o
 .debug_frame   0x000000b0       0xa0 ./system/Middlewares/Third_Party/FreeRTOS/Source/portable/MemMang/heap_4.o
 .debug_frame   0x00000150      0x110 ./system/Middlewares/Third_Party/FreeRTOS/Source/portable/GCC/ARM_CM0/port.o
 .debug_frame   0x00000260      0x4e0 ./system/Middlewares/Third_Party/FreeRTOS/Source/CMSIS_RTOS/cmsis_os.o
 .debug_frame   0x00000740       0x6c ./system/Middlewares/Third_Party/FreeRTOS/Source/list.o
 .debug_frame   0x000007ac      0x288 ./system/Middlewares/Third_Party/FreeRTOS/Source/queue.o
 .debug_frame   0x00000a34      0x460 ./system/Middlewares/Third_Party/FreeRTOS/Source/tasks.o
 .debug_frame   0x00000e94      0x144 ./system/Drivers/STM32F0xx_HAL_Driver/Src/stm32f0xx_hal.o
 .debug_frame   0x00000fd8       0xe4 ./system/Drivers/STM32F0xx_HAL_Driver/Src/stm32f0xx_hal_cortex.o
 .debug_frame   0x000010bc      0x104 ./system/Drivers/STM32F0xx_HAL_Driver/Src/stm32f0xx_hal_dma.o
 .debug_frame   0x000011c0       0xd0 ./system/Drivers/STM32F0xx_HAL_Driver/Src/stm32f0xx_hal_gpio.o
 .debug_frame   0x00001290      0x10c ./system/Drivers/STM32F0xx_HAL_Driver/Src/stm32f0xx_hal_rcc.o
 .debug_frame   0x0000139c       0x8c ./system/Drivers/STM32F0xx_HAL_Driver/Src/stm32f0xx_hal_rcc_ex.o
 .debug_frame   0x00001428      0x37c ./system/Drivers/STM32F0xx_HAL_Driver/Src/stm32f0xx_hal_uart.o
 .debug_frame   0x000017a4      0x12c ./system/Drivers/STM32F0xx_HAL_Driver/Src/stm32f0xx_hal_uart_ex.o
 .debug_frame   0x000018d0       0x30 ./system/Drivers/CMSIS/Device/ST/STM32F0xx/Source/Templates/startup_stm32f0xx.o
 .debug_frame   0x00001900       0x38 ./system/Drivers/CMSIS/Device/ST/STM32F0xx/Source/Templates/system_stm32f0xx.o
 .debug_frame   0x00001938       0x78 ./src/USARTInTask_task.o
 .debug_frame   0x000019b0       0x4c ./src/USARTOutTask_task.o
 .debug_frame   0x000019fc       0x90 ./src/bossTask_task.o
 .debug_frame   0x00001a8c       0xa4 ./src/genericMessaging_lib.o
 .debug_frame   0x00001b30      0x194 ./src/hal_lib.o
 .debug_frame   0x00001cc4       0x30 ./src/main.o
 .debug_frame   0x00001cf4       0x5c ./src/stm32f0xx_hal_msp.o
 .debug_frame   0x00001d50       0x88 ./src/stm32f0xx_it.o
 .debug_frame   0x00001dd8       0x20 c:/program files (x86)/gnu tools arm embedded/4.9 2015q2/bin/../lib/gcc/arm-none-eabi/4.9.3/armv6-m\libgcc.a(_udivsi3.o)
 .debug_frame   0x00001df8       0x20 c:/program files (x86)/gnu tools arm embedded/4.9 2015q2/bin/../lib/gcc/arm-none-eabi/4.9.3/../../../../arm-none-eabi/lib/armv6-m\libg_nano.a(lib_a-errno.o)
 .debug_frame   0x00001e18       0x28 c:/program files (x86)/gnu tools arm embedded/4.9 2015q2/bin/../lib/gcc/arm-none-eabi/4.9.3/../../../../arm-none-eabi/lib/armv6-m\libg_nano.a(lib_a-exit.o)
 .debug_frame   0x00001e40       0x2c c:/program files (x86)/gnu tools arm embedded/4.9 2015q2/bin/../lib/gcc/arm-none-eabi/4.9.3/../../../../arm-none-eabi/lib/armv6-m\libg_nano.a(lib_a-init.o)
 .debug_frame   0x00001e6c       0x28 c:/program files (x86)/gnu tools arm embedded/4.9 2015q2/bin/../lib/gcc/arm-none-eabi/4.9.3/../../../../arm-none-eabi/lib/armv6-m\libg_nano.a(lib_a-memcpy.o)
 .debug_frame   0x00001e94       0x20 c:/program files (x86)/gnu tools arm embedded/4.9 2015q2/bin/../lib/gcc/arm-none-eabi/4.9.3/../../../../arm-none-eabi/lib/armv6-m\libg_nano.a(lib_a-memset.o)
 .debug_frame   0x00001eb4       0x50 c:/program files (x86)/gnu tools arm embedded/4.9 2015q2/bin/../lib/gcc/arm-none-eabi/4.9.3/../../../../arm-none-eabi/lib/armv6-m\libg_nano.a(lib_a-sprintf.o)
 .debug_frame   0x00001f04       0x20 c:/program files (x86)/gnu tools arm embedded/4.9 2015q2/bin/../lib/gcc/arm-none-eabi/4.9.3/../../../../arm-none-eabi/lib/armv6-m\libg_nano.a(lib_a-strlen.o)
 .debug_frame   0x00001f24       0x2c c:/program files (x86)/gnu tools arm embedded/4.9 2015q2/bin/../lib/gcc/arm-none-eabi/4.9.3/../../../../arm-none-eabi/lib/armv6-m\libg_nano.a(lib_a-strncmp.o)
 .debug_frame   0x00001f50       0x74 c:/program files (x86)/gnu tools arm embedded/4.9 2015q2/bin/../lib/gcc/arm-none-eabi/4.9.3/../../../../arm-none-eabi/lib/armv6-m\libg_nano.a(lib_a-nano-svfprintf.o)
 .debug_frame   0x00001fc4       0x54 c:/program files (x86)/gnu tools arm embedded/4.9 2015q2/bin/../lib/gcc/arm-none-eabi/4.9.3/../../../../arm-none-eabi/lib/armv6-m\libg_nano.a(lib_a-nano-vfprintf_i.o)
 .debug_frame   0x00002018       0x20 c:/program files (x86)/gnu tools arm embedded/4.9 2015q2/bin/../lib/gcc/arm-none-eabi/4.9.3/../../../../arm-none-eabi/lib/armv6-m\libg_nano.a(lib_a-memchr.o)
 .debug_frame   0x00002038       0x28 c:/program files (x86)/gnu tools arm embedded/4.9 2015q2/bin/../lib/gcc/arm-none-eabi/4.9.3/../../../../arm-none-eabi/lib/armv6-m\libg_nano.a(lib_a-memmove.o)
 .debug_frame   0x00002060       0x2c c:/program files (x86)/gnu tools arm embedded/4.9 2015q2/bin/../lib/gcc/arm-none-eabi/4.9.3/../../../../arm-none-eabi/lib/armv6-m\libg_nano.a(lib_a-nano-freer.o)
 .debug_frame   0x0000208c       0x2c c:/program files (x86)/gnu tools arm embedded/4.9 2015q2/bin/../lib/gcc/arm-none-eabi/4.9.3/../../../../arm-none-eabi/lib/armv6-m\libg_nano.a(lib_a-nano-mallocr.o)
 .debug_frame   0x000020b8       0x30 c:/program files (x86)/gnu tools arm embedded/4.9 2015q2/bin/../lib/gcc/arm-none-eabi/4.9.3/../../../../arm-none-eabi/lib/armv6-m\libg_nano.a(lib_a-nano-reallocr.o)
 .debug_frame   0x000020e8       0x2c c:/program files (x86)/gnu tools arm embedded/4.9 2015q2/bin/../lib/gcc/arm-none-eabi/4.9.3/../../../../arm-none-eabi/lib/armv6-m\libg_nano.a(lib_a-sbrkr.o)
 .debug_frame   0x00002114       0x20 c:/program files (x86)/gnu tools arm embedded/4.9 2015q2/bin/../lib/gcc/arm-none-eabi/4.9.3/../../../../arm-none-eabi/lib/armv6-m\libg_nano.a(lib_a-nano-msizer.o)

.debug_str      0x00000000    0x382cd
 *(.debug_str)
 .debug_str     0x00000000     0x5ba6 ./system/newlib/_exit.o
                               0x5d10 (size before relaxing)
 .debug_str     0x00005ba6      0x4da ./system/newlib/_sbrk.o
                               0x4482 (size before relaxing)
 .debug_str     0x00006080     0x1182 ./system/newlib/_syscalls.o
                               0x647c (size before relaxing)
 .debug_str     0x00007202     0x39a7 ./system/Middlewares/Third_Party/FreeRTOS/Source/portable/MemMang/heap_4.o
                               0x8587 (size before relaxing)
 .debug_str     0x0000aba9      0x4f0 ./system/Middlewares/Third_Party/FreeRTOS/Source/portable/GCC/ARM_CM0/port.o
                               0x6455 (size before relaxing)
 .debug_str     0x0000b099     0x2b5a ./system/Middlewares/Third_Party/FreeRTOS/Source/CMSIS_RTOS/cmsis_os.o
                               0xaeeb (size before relaxing)
 .debug_str     0x0000dbf3      0x144 ./system/Middlewares/Third_Party/FreeRTOS/Source/list.o
                               0x7e79 (size before relaxing)
 .debug_str     0x0000dd37      0x69b ./system/Middlewares/Third_Party/FreeRTOS/Source/queue.o
                               0x969c (size before relaxing)
 .debug_str     0x0000e3d2      0xbe7 ./system/Middlewares/Third_Party/FreeRTOS/Source/tasks.o
                               0x9bfa (size before relaxing)
 .debug_str     0x0000efb9    0x26720 ./system/Drivers/STM32F0xx_HAL_Driver/Src/stm32f0xx_hal.o
                              0x2966a (size before relaxing)
 .debug_str     0x000356d9      0x1d6 ./system/Drivers/STM32F0xx_HAL_Driver/Src/stm32f0xx_hal_cortex.o
                              0x29538 (size before relaxing)
 .debug_str     0x000358af      0x310 ./system/Drivers/STM32F0xx_HAL_Driver/Src/stm32f0xx_hal_dma.o
                              0x29456 (size before relaxing)
 .debug_str     0x00035bbf      0x2d1 ./system/Drivers/STM32F0xx_HAL_Driver/Src/stm32f0xx_hal_gpio.o
                              0x29446 (size before relaxing)
 .debug_str     0x00035e90      0x312 ./system/Drivers/STM32F0xx_HAL_Driver/Src/stm32f0xx_hal_rcc.o
                              0x2952b (size before relaxing)
 .debug_str     0x000361a2      0x1a9 ./system/Drivers/STM32F0xx_HAL_Driver/Src/stm32f0xx_hal_rcc_ex.o
                              0x294af (size before relaxing)
 .debug_str     0x0003634b      0x723 ./system/Drivers/STM32F0xx_HAL_Driver/Src/stm32f0xx_hal_uart.o
                              0x29b18 (size before relaxing)
 .debug_str     0x00036a6e      0x1da ./system/Drivers/STM32F0xx_HAL_Driver/Src/stm32f0xx_hal_uart_ex.o
                              0x297ff (size before relaxing)
 .debug_str     0x00036c48       0xf3 ./system/Drivers/CMSIS/Device/ST/STM32F0xx/Source/Templates/startup_stm32f0xx.o
                               0x24c8 (size before relaxing)
 .debug_str     0x00036d3b       0x85 ./system/Drivers/CMSIS/Device/ST/STM32F0xx/Source/Templates/system_stm32f0xx.o
                              0x1af84 (size before relaxing)
 .debug_str     0x00036dc0      0xe0c ./src/USARTInTask_task.o
                              0x31d2f (size before relaxing)
 .debug_str     0x00037bcc      0x183 ./src/USARTOutTask_task.o
                              0x31a75 (size before relaxing)
 .debug_str     0x00037d4f      0x149 ./src/bossTask_task.o
                              0x31d23 (size before relaxing)
 .debug_str     0x00037e98       0xd3 ./src/genericMessaging_lib.o
                              0x30a76 (size before relaxing)
 .debug_str     0x00037f6b      0x14b ./src/hal_lib.o
                              0x32008 (size before relaxing)
 .debug_str     0x000380b6      0x111 ./src/main.o
                              0x317ab (size before relaxing)
 .debug_str     0x000381c7       0x1b ./src/stm32f0xx_hal_msp.o
                              0x298a8 (size before relaxing)
 .debug_str     0x000381e2       0x77 ./src/stm32f0xx_it.o
                              0x2e7aa (size before relaxing)
 .debug_str     0x00038259       0x44 ./src/strings_res.o
                              0x292ce (size before relaxing)
 .debug_str     0x0003829d       0x30 ./src/userTasks_task.o
                              0x313e5 (size before relaxing)

.debug_loc      0x00000000     0x6b12
 *(.debug_loc)
 .debug_loc     0x00000000       0x7b ./system/newlib/_sbrk.o
 .debug_loc     0x0000007b       0x63 ./system/newlib/_syscalls.o
 .debug_loc     0x000000de      0x287 ./system/Middlewares/Third_Party/FreeRTOS/Source/portable/MemMang/heap_4.o
 .debug_loc     0x00000365       0xa6 ./system/Middlewares/Third_Party/FreeRTOS/Source/portable/GCC/ARM_CM0/port.o
 .debug_loc     0x0000040b     0x1048 ./system/Middlewares/Third_Party/FreeRTOS/Source/CMSIS_RTOS/cmsis_os.o
 .debug_loc     0x00001453       0x65 ./system/Middlewares/Third_Party/FreeRTOS/Source/list.o
 .debug_loc     0x000014b8     0x1169 ./system/Middlewares/Third_Party/FreeRTOS/Source/queue.o
 .debug_loc     0x00002621     0x122d ./system/Middlewares/Third_Party/FreeRTOS/Source/tasks.o
 .debug_loc     0x0000384e       0x6a ./system/Drivers/STM32F0xx_HAL_Driver/Src/stm32f0xx_hal.o
 .debug_loc     0x000038b8      0x268 ./system/Drivers/STM32F0xx_HAL_Driver/Src/stm32f0xx_hal_cortex.o
 .debug_loc     0x00003b20      0x4a0 ./system/Drivers/STM32F0xx_HAL_Driver/Src/stm32f0xx_hal_dma.o
 .debug_loc     0x00003fc0      0x2b0 ./system/Drivers/STM32F0xx_HAL_Driver/Src/stm32f0xx_hal_gpio.o
 .debug_loc     0x00004270       0xb0 ./system/Drivers/STM32F0xx_HAL_Driver/Src/stm32f0xx_hal_rcc.o
 .debug_loc     0x00004320      0x5be ./system/Drivers/STM32F0xx_HAL_Driver/Src/stm32f0xx_hal_rcc_ex.o
 .debug_loc     0x000048de      0xfb8 ./system/Drivers/STM32F0xx_HAL_Driver/Src/stm32f0xx_hal_uart.o
 .debug_loc     0x00005896      0x3a2 ./system/Drivers/STM32F0xx_HAL_Driver/Src/stm32f0xx_hal_uart_ex.o
 .debug_loc     0x00005c38       0x49 ./system/Drivers/CMSIS/Device/ST/STM32F0xx/Source/Templates/startup_stm32f0xx.o
 .debug_loc     0x00005c81       0xfe ./system/Drivers/CMSIS/Device/ST/STM32F0xx/Source/Templates/system_stm32f0xx.o
 .debug_loc     0x00005d7f      0x123 ./src/USARTInTask_task.o
 .debug_loc     0x00005ea2       0x73 ./src/USARTOutTask_task.o
 .debug_loc     0x00005f15      0x2dc ./src/bossTask_task.o
 .debug_loc     0x000061f1      0x338 ./src/genericMessaging_lib.o
 .debug_loc     0x00006529      0x565 ./src/hal_lib.o
 .debug_loc     0x00006a8e       0x84 ./src/stm32f0xx_hal_msp.o

.debug_macinfo
 *(.debug_macinfo)

.debug_weaknames
 *(.debug_weaknames)

.debug_funcnames
 *(.debug_funcnames)

.debug_typenames
 *(.debug_typenames)

.debug_varnames
 *(.debug_varnames)
OUTPUT(eps8266wifi-rtos.elf elf32-littlearm)

.debug_ranges   0x00000000      0xac0
 .debug_ranges  0x00000000       0x18 ./system/newlib/_exit.o
 .debug_ranges  0x00000018       0x10 ./system/newlib/_sbrk.o
 .debug_ranges  0x00000028       0x20 ./system/newlib/_syscalls.o
 .debug_ranges  0x00000048       0x40 ./system/Middlewares/Third_Party/FreeRTOS/Source/portable/MemMang/heap_4.o
 .debug_ranges  0x00000088       0x78 ./system/Middlewares/Third_Party/FreeRTOS/Source/portable/GCC/ARM_CM0/port.o
 .debug_ranges  0x00000100      0x1a0 ./system/Middlewares/Third_Party/FreeRTOS/Source/CMSIS_RTOS/cmsis_os.o
 .debug_ranges  0x000002a0       0x30 ./system/Middlewares/Third_Party/FreeRTOS/Source/list.o
 .debug_ranges  0x000002d0       0xd0 ./system/Middlewares/Third_Party/FreeRTOS/Source/queue.o
 .debug_ranges  0x000003a0      0x188 ./system/Middlewares/Third_Party/FreeRTOS/Source/tasks.o
 .debug_ranges  0x00000528       0x90 ./system/Drivers/STM32F0xx_HAL_Driver/Src/stm32f0xx_hal.o
 .debug_ranges  0x000005b8       0x68 ./system/Drivers/STM32F0xx_HAL_Driver/Src/stm32f0xx_hal_cortex.o
 .debug_ranges  0x00000620       0x58 ./system/Drivers/STM32F0xx_HAL_Driver/Src/stm32f0xx_hal_dma.o
 .debug_ranges  0x00000678       0x48 ./system/Drivers/STM32F0xx_HAL_Driver/Src/stm32f0xx_hal_gpio.o
 .debug_ranges  0x000006c0       0x70 ./system/Drivers/STM32F0xx_HAL_Driver/Src/stm32f0xx_hal_rcc.o
 .debug_ranges  0x00000730       0x30 ./system/Drivers/STM32F0xx_HAL_Driver/Src/stm32f0xx_hal_rcc_ex.o
 .debug_ranges  0x00000760      0x138 ./system/Drivers/STM32F0xx_HAL_Driver/Src/stm32f0xx_hal_uart.o
 .debug_ranges  0x00000898       0x60 ./system/Drivers/STM32F0xx_HAL_Driver/Src/stm32f0xx_hal_uart_ex.o
 .debug_ranges  0x000008f8       0x18 ./system/Drivers/CMSIS/Device/ST/STM32F0xx/Source/Templates/startup_stm32f0xx.o
 .debug_ranges  0x00000910       0x18 ./system/Drivers/CMSIS/Device/ST/STM32F0xx/Source/Templates/system_stm32f0xx.o
 .debug_ranges  0x00000928       0x28 ./src/USARTInTask_task.o
 .debug_ranges  0x00000950       0x18 ./src/USARTOutTask_task.o
 .debug_ranges  0x00000968       0x30 ./src/bossTask_task.o
 .debug_ranges  0x00000998       0x30 ./src/genericMessaging_lib.o
 .debug_ranges  0x000009c8       0x98 ./src/hal_lib.o
 .debug_ranges  0x00000a60       0x10 ./src/main.o
 .debug_ranges  0x00000a70       0x20 ./src/stm32f0xx_hal_msp.o
 .debug_ranges  0x00000a90       0x30 ./src/stm32f0xx_it.o

.debug_macro    0x00000000     0xafe3
 .debug_macro   0x00000000      0x131 ./system/newlib/_exit.o
 .debug_macro   0x00000131      0x838 ./system/newlib/_exit.o
 .debug_macro   0x00000969       0x9c ./system/newlib/_exit.o
 .debug_macro   0x00000a05      0x10e ./system/newlib/_exit.o
 .debug_macro   0x00000b13       0x86 ./system/newlib/_exit.o
 .debug_macro   0x00000b99       0x43 ./system/newlib/_exit.o
 .debug_macro   0x00000bdc      0x27a ./system/newlib/_exit.o
 .debug_macro   0x00000e56       0x35 ./system/newlib/_exit.o
 .debug_macro   0x00000e8b       0xda ./system/newlib/_sbrk.o
 .debug_macro   0x00000f65       0x19 ./system/newlib/_sbrk.o
 .debug_macro   0x00000f7e      0x16d ./system/newlib/_sbrk.o
 .debug_macro   0x000010eb       0x10 ./system/newlib/_sbrk.o
 .debug_macro   0x000010fb      0x23b ./system/newlib/_sbrk.o
 .debug_macro   0x00001336      0x1ad ./system/newlib/_syscalls.o
 .debug_macro   0x000014e3       0x1c ./system/newlib/_syscalls.o
 .debug_macro   0x000014ff       0x10 ./system/newlib/_syscalls.o
 .debug_macro   0x0000150f       0x10 ./system/newlib/_syscalls.o
 .debug_macro   0x0000151f       0x10 ./system/newlib/_syscalls.o
 .debug_macro   0x0000152f       0x10 ./system/newlib/_syscalls.o
 .debug_macro   0x0000153f       0x35 ./system/newlib/_syscalls.o
 .debug_macro   0x00001574      0x122 ./system/newlib/_syscalls.o
 .debug_macro   0x00001696       0x2e ./system/newlib/_syscalls.o
 .debug_macro   0x000016c4       0x82 ./system/newlib/_syscalls.o
 .debug_macro   0x00001746       0x2b ./system/newlib/_syscalls.o
 .debug_macro   0x00001771      0x118 ./system/newlib/_syscalls.o
 .debug_macro   0x00001889      0x13e ./system/newlib/_syscalls.o
 .debug_macro   0x000019c7       0x16 ./system/newlib/_syscalls.o
 .debug_macro   0x000019dd      0x175 ./system/Middlewares/Third_Party/FreeRTOS/Source/portable/MemMang/heap_4.o
 .debug_macro   0x00001b52       0xd7 ./system/Middlewares/Third_Party/FreeRTOS/Source/portable/MemMang/heap_4.o
 .debug_macro   0x00001c29       0x5e ./system/Middlewares/Third_Party/FreeRTOS/Source/portable/MemMang/heap_4.o
 .debug_macro   0x00001c87       0xb6 ./system/Middlewares/Third_Party/FreeRTOS/Source/portable/MemMang/heap_4.o
 .debug_macro   0x00001d3d       0x10 ./system/Middlewares/Third_Party/FreeRTOS/Source/portable/MemMang/heap_4.o
 .debug_macro   0x00001d4d       0x1f ./system/Middlewares/Third_Party/FreeRTOS/Source/portable/MemMang/heap_4.o
 .debug_macro   0x00001d6c      0x3bc ./system/Middlewares/Third_Party/FreeRTOS/Source/portable/MemMang/heap_4.o
 .debug_macro   0x00002128       0xc0 ./system/Middlewares/Third_Party/FreeRTOS/Source/portable/MemMang/heap_4.o
 .debug_macro   0x000021e8       0x8c ./system/Middlewares/Third_Party/FreeRTOS/Source/portable/MemMang/heap_4.o
 .debug_macro   0x00002274       0xfd ./system/Middlewares/Third_Party/FreeRTOS/Source/portable/GCC/ARM_CM0/port.o
 .debug_macro   0x00002371      0x1a4 ./system/Middlewares/Third_Party/FreeRTOS/Source/CMSIS_RTOS/cmsis_os.o
 .debug_macro   0x00002515       0x10 ./system/Middlewares/Third_Party/FreeRTOS/Source/CMSIS_RTOS/cmsis_os.o
 .debug_macro   0x00002525       0x16 ./system/Middlewares/Third_Party/FreeRTOS/Source/CMSIS_RTOS/cmsis_os.o
 .debug_macro   0x0000253b       0x91 ./system/Middlewares/Third_Party/FreeRTOS/Source/CMSIS_RTOS/cmsis_os.o